  OK: objects.h :: OBJ_obj2txt
  OK: pkcs7.h :: issuer_and_serial
  OK: pkcs7.h.in :: issuer_and_serial
  OK: pkcs7.h :: signer_info
  OK: pkcs7.h.in :: signer_info
  OK: pkcs7.h :: state
  OK: pkcs7.h.in :: state
  OK: pkcs7.h :: enveloped
  OK: pkcs7.h.in :: enveloped
  OK: pkcs7.h :: PKCS7.ctx
  OK: pkcs7.h.in :: PKCS7.ctx
  OK: pkcs7.h :: PKCS7_SIGNER_INFO ASN.1
  OK: pkcs7.h.in :: PKCS7_SIGNER_INFO ASN.1
  OK: pkcs7.h :: PKCS7_ENC_CONTENT ASN.1
  OK: pkcs7.h.in :: PKCS7_ENC_CONTENT ASN.1
  OK: pkcs7.h :: PKCS7_set_content
  OK: pkcs7.h.in :: PKCS7_set_content
  OK: pkcs7.h :: PKCS7_cert_from_signer_info
  OK: pkcs7.h.in :: PKCS7_cert_from_signer_info
  OK: pkcs7.h :: PKCS7_sign_add_signer
  OK: pkcs7.h.in :: PKCS7_sign_add_signer
  OK: rsa.h :: EVP_PKEY_CTX_set_rsa_pss_keygen_saltlen
  OK: rsa.h :: EVP_PKEY_CTX_set_rsa_pss_keygen_mgf1_md_name
  OK: rsa.h :: RSA_set_method
  OK: rsa.h :: pSourceFunc
  OK: rsa.h :: RSA_verify_ASN1_OCTET_STRING
  OK: rsa.h :: RSA_meth_set_sign
  OK: ssl.h :: SSL_CTX_set_stateless_cookie_verify_cb
  OK: ssl.h.in :: SSL_CTX_set_stateless_cookie_verify_cb
  OK: ssl.h :: SSL_CTX_set_psk_client_callback
  OK: ssl.h.in :: SSL_CTX_set_psk_client_callback
  OK: ssl.h :: SSL_CTX_get_timeout
  OK: ssl.h.in :: SSL_CTX_get_timeout
  OK: ssl.h :: SSL_use_certificate_chain_file
  OK: ssl.h.in :: SSL_use_certificate_chain_file
  OK: ssl.h :: SSL_add_dir_cert_subjects_to_stack
  OK: ssl.h.in :: SSL_add_dir_cert_subjects_to_stack
  OK: ssl.h :: d2i_SSL_SESSION
  OK: ssl.h.in :: d2i_SSL_SESSION
  OK: ssl.h :: SSL_get1_session
  OK: ssl.h.in :: SSL_get1_session
  OK: ssl.h :: SSL_get_stream_type
  OK: ssl.h.in :: SSL_get_stream_type
  OK: x509.h :: X509_VAL
  OK: x509.h.in :: X509_VAL
  OK: x509.h :: X509_ATTRIBUTE
  OK: x509.h.in :: X509_ATTRIBUTE
  OK: x509.h :: X509_REQ_INFO/REQ
  OK: x509.h.in :: X509_REQ_INFO/REQ
  OK: x509.h :: X509_CINF
  OK: x509.h.in :: X509_CINF
  OK: x509.h :: X509_PKEY.version
  OK: x509.h.in :: X509_PKEY.version
  OK: x509.h :: X509_INFO + fields
  OK: x509.h.in :: X509_INFO + fields
  OK: x509.h :: enc_data
  OK: x509.h.in :: enc_data
  OK: x509.h :: NETSCAPE_SPKAC/SPKI
  OK: x509.h.in :: NETSCAPE_SPKAC/SPKI
  OK: x509.h :: NETSCAPE_SPKI_get_pubkey
  OK: x509.h.in :: NETSCAPE_SPKI_get_pubkey
  OK: x509.h :: i2d_X509_fp
  OK: x509.h.in :: i2d_X509_fp
  OK: x509.h :: i2d_RSA_PUBKEY_fp
  OK: x509.h.in :: i2d_RSA_PUBKEY_fp
  OK: x509.h :: d2i_PrivateKey_fp
  OK: x509.h.in :: d2i_PrivateKey_fp
  OK: x509.h :: d2i_PrivateKey_ex_bio
  OK: x509.h.in :: d2i_PrivateKey_ex_bio
  OK: x509.h :: d2i_PUBKEY_ex
  OK: x509.h.in :: d2i_PUBKEY_ex
  OK: x509.h :: X509_EXTENSION ASN.1
  OK: x509.h.in :: X509_EXTENSION ASN.1
  OK: x509.h :: ASN1_item_verify
  OK: x509.h.in :: ASN1_item_verify
  OK: x509.h :: X509_getm_notAfter
  OK: x509.h.in :: X509_getm_notAfter
  OK: x509.h :: X509_print_ex_fp
  OK: x509.h.in :: X509_print_ex_fp
  OK: x509.h :: X509_NAME_ENTRY_create_by_txt
  OK: x509.h.in :: X509_NAME_ENTRY_create_by_txt
  OK: x509.h :: X509_NAME_ENTRY_create_by_NID
  OK: x509.h.in :: X509_NAME_ENTRY_create_by_NID
  OK: x509.h :: X509_NAME_get0_der
  OK: x509.h.in :: X509_NAME_get0_der
  OK: x509.h :: X509v3_get_ext_by_OBJ
  OK: x509.h.in :: X509v3_get_ext_by_OBJ
  OK: x509.h :: X509_ATTRIBUTE_get0_data
  OK: x509.h.in :: X509_ATTRIBUTE_get0_data
  OK: x509.h :: PKCS5_pbe_set
  OK: x509.h.in :: PKCS5_pbe_set
  OK: x509.h :: PKCS5_pbe_set_ex
  OK: x509.h.in :: PKCS5_pbe_set_ex
  OK: x509.h :: X509_PUBKEY_get0_param
  OK: x509.h.in :: X509_PUBKEY_get0_param
  OK: x509_vfy.h :: X509_TRUST.name
  OK: x509_vfy.h.in :: X509_TRUST.name
  OK: x509_vfy.h :: X509_STORE_CTX_get1_certs
  OK: x509_vfy.h.in :: X509_STORE_CTX_get1_certs
  OK: x509_vfy.h :: X509_STORE_CTX_init
  OK: x509_vfy.h.in :: X509_STORE_CTX_init
  OK: x509_vfy.h :: X509_LOOKUP_meth_set_free
  OK: x509_vfy.h.in :: X509_LOOKUP_meth_set_free
  OK: x509_vfy.h :: X509_load_cert_file_ex
  OK: x509_vfy.h.in :: X509_load_cert_file_ex
  OK: x509_vfy.h :: X509_STORE_CTX_get_current_cert
  OK: x509_vfy.h.in :: X509_STORE_CTX_get_current_cert
  OK: x509_vfy.h :: X509_STORE_CTX_set_cert
  OK: x509_vfy.h.in :: X509_STORE_CTX_set_cert
  OK: x509_vfy.h :: X509_STORE_CTX_set0_rpk
  OK: x509_vfy.h.in :: X509_STORE_CTX_set0_rpk
  OK: x509v3.h :: d2i_BASIC_CONSTRAINTS
  OK: x509v3.h.in :: d2i_BASIC_CONSTRAINTS
  OK: x509v3.h :: X509V3_EXT_add_list
  OK: x509v3.h.in :: X509V3_EXT_add_list

Done: 115 ok, 0 missing
