  OK: dh.h :: EVP_PKEY_CTX_set_dh_paramgen_gindex
  OK: dh.h :: EVP_PKEY_CTX_get0_dh_kdf_oid
  OK: dh.h :: EVP_PKEY_CTX_set_dh_kdf_md
  OK: dh.h :: EVP_PKEY_CTX_set_dh_kdf_outlen
  OK: dh.h :: DH_set/get_default_method
  OK: dh.h :: DH_free
  OK: dh.h :: DH_set_ex_data
  OK: dh.h :: DH_generate_parameters_ex
  OK: dh.h :: DH_check_ex
  OK: dh.h :: DH_check
  OK: dh.h :: DHparams_print
  OK: dh.h :: DH_get_nid
  OK: dh.h :: DH_get0_pqg
  OK: dh.h :: DH_get0_key
  OK: dh.h :: DH_get0_p
  OK: dh.h :: DH_get0_g
  OK: dh.h :: DH_set_flags
  OK: dh.h :: DH_meth_set_flags
  OK: dh.h :: DH_meth_set0_app_data
  OK: dh.h :: DH_meth_get_init
  OK: dh.h :: DH_meth_get_generate_params
  OK: dsa.h :: EVP_PKEY_CTX_set_dsa_paramgen_bits
  OK: dsa.h :: EVP_PKEY_CTX_set_dsa_paramgen_md_props
  OK: dsa.h :: EVP_PKEY_CTX_set_dsa_paramgen_type
  OK: dsa.h :: EVP_PKEY_CTX_set_dsa_paramgen_seed
  OK: dsa.h :: DSA_SIG_new
  OK: dsa.h :: d2i/i2d_DSA_SIG
  OK: dsa.h :: DSA_SIG_get0
  OK: dsa.h :: DSAparams_dup
  OK: dsa.h :: DSA_do_verify
  OK: dsa.h :: DSA_OpenSSL
  OK: dsa.h :: DSA_set_default_method
  OK: dsa.h :: DSA_bits
  OK: dsa.h :: DSA_meth_get_verify
  OK: dsa.h :: DSA_meth_get_mod_exp
  OK: dsa.h :: DSA_meth_get_init
  OK: ec.h :: EVP_PKEY_CTX_set/get_ecdh_kdf_md
  OK: ec.h :: EC_GROUP_set_point_conversion_form
  OK: ec.h :: EC_GROUP_check_named_curve
  OK: ec.h :: d2i_ECPKParameters
  OK: ec.h :: EC_KEY_set_enc_flags
  OK: engine.h :: ENGINE_PKEY_METHS_PTR
  OK: engine.h :: ENGINE_unregister_ciphers
  OK: engine.h :: ENGINE_register_pkey_asn1_meths
  OK: engine.h :: ENGINE_set_EC

Done: 45 ok, 0 missing
