=== batch 18b: blowfish/bn/cms/conf ===
  OK: blowfish.h :: BF_encrypt
  OK: blowfish.h :: BF_ofb64_encrypt
  OK: bn.h :: BN_options
  OK: bn.h :: BN_priv_rand_ex
  OK: bn.h :: BN_pseudo_rand
  OK: bn.h :: BN_security_bits
  OK: bn.h :: BN_signed_bn2lebin
  OK: bn.h :: BN_mod_lshift1
  OK: bn.h :: BN_lshift
  OK: bn.h :: BN_exp
  OK: bn.h :: BN_mask_bits
  OK: bn.h :: BN_rshift1
  OK: bn.h :: BN_bn2dec
  OK: bn.h :: BN_is_prime_fasttest
  OK: bn.h :: BN_generate_prime_ex
  OK: bn.h :: BN_X931_derive_prime_ex
  OK: bn.h :: BN_BLINDING_update
  OK: bn.h :: BN_BLINDING_lock
  OK: bn.h :: BN_set_params
  OK: bn.h :: BN_div_recp
  OK: bn.h :: BN_get0_nist_prime_521
  OK: cms.h :: CMS_RecipientEncryptedKey_get0_id
  OK: cms.h.in :: CMS_RecipientEncryptedKey_get0_id
  OK: conf.h :: CONF_VALUE
  OK: conf.h.in :: CONF_VALUE
  OK: conf.h :: CONF_set_nconf
  OK: conf.h.in :: CONF_set_nconf
  OK: conf.h :: CONF_load_bio
  OK: conf.h.in :: CONF_load_bio
  OK: conf.h :: CONF_get_section
  OK: conf.h.in :: CONF_get_section
  OK: conf.h :: CONF_free
  OK: conf.h.in :: CONF_free
  OK: conf.h :: CONF_dump_fp
  OK: conf.h.in :: CONF_dump_fp
  OK: conf.h :: OPENSSL_config
  OK: conf.h.in :: OPENSSL_config
  OK: conf.h :: NCONF_load_bio
  OK: conf.h.in :: NCONF_load_bio
  OK: conf.h :: NCONF_get_string
  OK: conf.h.in :: NCONF_get_string
  OK: conf.h :: NCONF_get_number_e
  OK: conf.h.in :: NCONF_get_number_e
  OK: conf.h :: CONF_modules_load
  OK: conf.h.in :: CONF_modules_load
  OK: conf.h :: CONF_module_add
  OK: conf.h.in :: CONF_module_add
  OK: conf.h :: CONF_imodule_get_value
  OK: conf.h.in :: CONF_imodule_get_value
  OK: conf.h :: CONF_imodule_get_module
  OK: conf.h.in :: CONF_imodule_get_module
  OK: conf.h :: CONF_parse_list
  OK: conf.h.in :: CONF_parse_list
  OK: conf.h :: OPENSSL_load_builtin_modules
  OK: conf.h.in :: OPENSSL_load_builtin_modules
  OK: conf_api.h :: _CONF_get_section_values
  OK: conf_api.h :: _CONF_get_string
  OK: conftypes.h :: conftypes method+meth
  OK: conftypes.h :: conftypes flags/paths

OK=59 MISS=0
