=== batch 20c: conf/core/crypto/misc ===
  OK: conf.h :: CONF_get_string
  OK: conf.h.in :: CONF_get_string
  OK: conf.h :: NCONF_new
  OK: conf.h.in :: NCONF_new
  OK: conf.h :: CONF_modules_load*/finish
  OK: conf.h.in :: CONF_modules_load*/finish
  OK: conf.h :: CONF_imodule_get_name
  OK: conf.h.in :: CONF_imodule_get_name
  OK: conf.h :: CONF_imodule_get_usr_data
  OK: conf.h.in :: CONF_imodule_get_usr_data
  OK: conf.h :: CONF_get1_default_config_file
  OK: conf.h.in :: CONF_get1_default_config_file
  OK: core.h :: function_id
  OK: crypto.h :: CRYPTO_THREAD_write_lock
  OK: crypto.h.in :: CRYPTO_THREAD_write_lock
  OK: crypto.h :: CRYPTO_THREAD_lock_free
  OK: crypto.h.in :: CRYPTO_THREAD_lock_free
  OK: crypto.h :: OPENSSL_hexchar2int
  OK: crypto.h.in :: OPENSSL_hexchar2int
  OK: crypto.h :: OPENSSL_info
  OK: crypto.h.in :: OPENSSL_info
  OK: crypto.h :: CRYPTO_EX_*/get_ex_new_index
  OK: crypto.h.in :: CRYPTO_EX_*/get_ex_new_index
  OK: crypto.h :: CRYPTO_get_ex_data
  OK: crypto.h.in :: CRYPTO_get_ex_data
  OK: crypto.h :: CRYPTO_malloc/free_fn
  OK: crypto.h.in :: CRYPTO_malloc/free_fn
  OK: crypto.h :: CRYPTO_memdup
  OK: crypto.h.in :: CRYPTO_memdup
  OK: crypto.h :: CRYPTO_free
  OK: crypto.h.in :: CRYPTO_free
  OK: crypto.h :: CRYPTO_secure_malloc_done
  OK: crypto.h.in :: CRYPTO_secure_malloc_done
  OK: crypto.h :: CRYPTO_secure_clear_free/allocated
  OK: crypto.h.in :: CRYPTO_secure_clear_free/allocated
  OK: crypto.h :: CRYPTO_secure_actual_size
  OK: crypto.h.in :: CRYPTO_secure_actual_size
  OK: crypto.h :: OPENSSL_init
  OK: crypto.h.in :: OPENSSL_init
  OK: crypto.h :: OPENSSL_fork_parent
  OK: crypto.h.in :: OPENSSL_fork_parent
  OK: crypto.h :: OPENSSL_gmtime*
  OK: crypto.h.in :: OPENSSL_gmtime*
  OK: crypto.h :: OPENSSL_init_crypto
  OK: crypto.h.in :: OPENSSL_init_crypto
  OK: crypto.h :: OPENSSL_INIT_new/set_config_filename
  OK: crypto.h.in :: OPENSSL_INIT_new/set_config_filename
  OK: crypto.h :: OPENSSL_INIT_set_config_appname
  OK: crypto.h.in :: OPENSSL_INIT_set_config_appname
  OK: crypto.h :: CRYPTO_THREAD_run_once
  OK: crypto.h.in :: CRYPTO_THREAD_run_once
  OK: crypto.h :: CRYPTO_THREAD_get_local
  OK: crypto.h.in :: CRYPTO_THREAD_get_local
  OK: crypto.h :: CRYPTO_THREAD_cleanup/id*
  OK: crypto.h.in :: CRYPTO_THREAD_cleanup/id*
  OK: crypto.h :: OSSL_LIB_CTX_load_config
  OK: crypto.h.in :: OSSL_LIB_CTX_load_config
  OK: crypto.h :: OSSL_LIB_CTX_get0_global_default
  OK: crypto.h.in :: OSSL_LIB_CTX_get0_global_default
  OK: cryptoerr_legacy.h :: ERR_load_BN_strings
  OK: cryptoerr_legacy.h :: ERR_load_EC_strings
  OK: cryptoerr_legacy.h :: ERR_load_EVP_strings
  OK: dsa.h :: DSA_meth_set1_name
  OK: err.h :: ERR_peek_last_error_line
  OK: err.h.in :: ERR_peek_last_error_line
  OK: err.h :: ERR_clear_last_mark
  OK: err.h.in :: ERR_clear_last_mark
  OK: evp.h :: EVP_PKEY_set_type_str
  OK: evp.h :: EVP_PKEY_get0_EC_KEY
  OK: evp.h :: EVP_SIGNATURE_up_ref
  OK: kdf.h :: EVP_KDF_get_params
  OK: kdf.h :: EVP_KDF_gettable_ctx_params
  OK: kdf.h :: EVP_KDF_do_all_provided
  OK: kdf.h :: EVP_PKEY_CTX_set_hkdf_mode
  OK: lhash.h :: OPENSSL_LH_COMPFUNC
  OK: lhash.h.in :: OPENSSL_LH_COMPFUNC
  OK: lhash.h :: OPENSSL_LH_insert
  OK: lhash.h.in :: OPENSSL_LH_insert
  OK: lhash.h :: OPENSSL_LH_doall_arg
  OK: lhash.h.in :: OPENSSL_LH_doall_arg
  OK: lhash.h :: OPENSSL_LH_*_down_load
  OK: lhash.h.in :: OPENSSL_LH_*_down_load
  OK: lhash.h :: OPENSSL_LH_stats
  OK: lhash.h.in :: OPENSSL_LH_stats
  OK: lhash.h :: OPENSSL_LH_node_usage_stats
  OK: lhash.h.in :: OPENSSL_LH_node_usage_stats
  OK: params.h :: OSSL_PARAM_construct_BN
  OK: params.h :: OSSL_PARAM_get_uint
  OK: params.h :: OSSL_PARAM_set_utf8_string
  OK: pem.h :: PEM_def_callback
  OK: sha.h :: SHA256_Transform
  OK: stack.h :: OPENSSL_sk_set
  OK: stack.h :: OPENSSL_sk_new_reserve
  OK: stack.h :: OPENSSL_sk_set_cmp/dup/sort

OK 94, MISS 0
