=== batch 20b: bn ===
  OK: bn.h :: BN_GENCB_new
  OK: bn.h :: BN_GENCB_set_old
  OK: bn.h :: BN_abs_is_word
  OK: bn.h :: BN_CTX_new_ex
  OK: bn.h :: BN_CTX_secure_new
  OK: bn.h :: BN_CTX_get/BN_rand_ex
  OK: bn.h :: BN_priv_rand
  OK: bn.h :: BN_rand_range
  OK: bn.h :: BN_priv_rand_range
  OK: bn.h :: BN_pseudo_rand_range
  OK: bn.h :: BN_num_bits_word
  OK: bn.h :: BN_new
  OK: bn.h :: BN_signed_bin2bn/BN_bn2bin
  OK: bn.h :: BN_signed_bn2bin
  OK: bn.h :: BN_signed_lebin2bn
  OK: bn.h :: BN_signed_native2bn
  OK: bn.h :: BN_mpi2bn
  OK: bn.h :: BN_sub
  OK: bn.h :: BN_uadd/BN_add
  OK: bn.h :: BN_sqr
  OK: bn.h :: BN_mod_add_quick
  OK: bn.h :: BN_div/add/set_word
  OK: bn.h :: BN_mod_exp_mont
  OK: bn.h :: BN_mod_exp_mont_word/simple
  OK: bn.h :: BN_clear/dup/ucmp/bits/hex
  OK: bn.h :: BN_kronecker
  OK: bn.h :: BN_mod_sqrt
  OK: bn.h :: BN_is_prime_fasttest_ex
  OK: bn.h :: BN_X931_generate_prime_ex
  OK: bn.h :: BN_from_montgomery/MONT_CTX_free
  OK: bn.h :: BN_MONT_CTX_copy
  OK: bn.h :: BN_BLINDING_free
  OK: bn.h :: BN_BLINDING_convert_ex
  OK: bn.h :: BN_BLINDING_unlock/get_flags
  OK: bn.h :: BN_RECP_CTX_*
  OK: bn.h :: BN_mod_exp_recp
  MISS: bn.h :: BN_GF2m_mod/mul/sqr/inv
  OK: bn.h :: BN_GF2m_mod_solve_quad
  OK: bn.h :: BN_GF2m_mod_mul/sqr_arr
  OK: bn.h :: BN_GF2m_mod_exp/sqrt_arr
  OK: bn.h :: BN_GF2m_poly2arr
  OK: bn.h :: BN_nist_mod/get0_192-256
  OK: bn.h :: BN_get_rfc3526_1536/2048/3072
  OK: bn.h :: BN_get_rfc3526_6144/8192
  OK: bn.h :: BN_bntest_rand

OK 44, MISS 1
  bn.h:BN_GF2m_mod/mul/sqr/inv
