=== batch 18c: core/crypto/dh/dsa/ec/err/evp ===
  OK: core.h :: ossl_dispatch.function
  OK: core.h :: ossl_item.id
  OK: core.h :: ossl_param.key
  OK: crypto.h :: OPENSSL_strncasecmp
  OK: crypto.h.in :: OPENSSL_strncasecmp
  OK: crypto.h :: CRYPTO_free_ex_data
  OK: crypto.h.in :: CRYPTO_free_ex_data
  OK: crypto.h :: CRYPTO_secure_malloc_init
  OK: crypto.h.in :: CRYPTO_secure_malloc_init
  OK: crypto.h :: CRYPTO_secure_free
  OK: crypto.h.in :: CRYPTO_secure_free
  OK: crypto.h :: OPENSSL_die
  OK: crypto.h.in :: OPENSSL_die
  OK: crypto.h :: OPENSSL_thread_stop_ex
  OK: crypto.h.in :: OPENSSL_thread_stop_ex
  OK: crypto.h :: CRYPTO_THREAD_set_local
  OK: crypto.h.in :: CRYPTO_THREAD_set_local
  OK: crypto.h :: OSSL_LIB_CTX_new
  OK: crypto.h.in :: OSSL_LIB_CTX_new
  OK: crypto.h :: OSSL_LIB_CTX_free
  OK: crypto.h.in :: OSSL_LIB_CTX_free
  OK: cryptoerr_legacy.h :: ERR_load_COMP_strings
  OK: cryptoerr_legacy.h :: ERR_load_OBJ_strings
  OK: cryptoerr_legacy.h :: ERR_load_OCSP_strings
  OK: cryptoerr_legacy.h :: ERR_load_UI_strings
  OK: dh.h :: EVP_PKEY_CTX_set_dhx_rfc5114
  OK: dh.h :: DH_meth_get_finish
  OK: dsa.h :: DSA_meth_dup
  OK: ec.h :: EC_KEY_METHOD_get_init
  OK: err.h :: err_func
  OK: err.h.in :: err_func
  OK: err.h :: ERR_vset_error
  OK: err.h.in :: ERR_vset_error
  OK: evp.h :: EVP_CIPHER_CTX_get_original_iv
  OK: evp.h :: EVP_DigestSqueeze
  OK: evp.h :: EVP_DigestVerifyInit_ex
  OK: evp.h :: EVP_CIPHER_CTX_settable_params
  OK: evp.h :: EVP_aes_192_ecb
  OK: evp.h :: EVP_sm4_ofb
  OK: evp.h :: EVP_MAC_CTX_set_params
  OK: evp.h :: EVP_RAND_gettable_params
  OK: evp.h :: EVP_PKEY_get_base_id
  OK: evp.h :: EVP_PKEY_get0_engine
  OK: evp.h :: EVP_PKEY_get0_provider
  OK: evp.h :: EVP_PKEY_asn1_set_get_pub_key
  OK: evp.h :: EVP_KEYMGMT_up_ref
  OK: evp.h :: EVP_KEYMGMT_get0_provider
  OK: evp.h :: EVP_KEYMGMT_get0_name
  OK: evp.h :: EVP_PKEY_Q_keygen
  OK: evp.h :: EVP_PKEY_meth_get_derive

OK=50 MISS=0
