  OK: objects.h :: OBJ_NAME_init
  OK: objects.h :: OBJ_NAME_get
  OK: objects.h :: OBJ_NAME_cleanup
  OK: objects.h :: OBJ_dup
  OK: objects.h :: OBJ_nid2ln/sn
  OK: objects.h :: OBJ_txt2obj
  OK: objects.h :: OBJ_bsearch_ex_
  OK: objects.h :: OBJ_new_nid
  OK: objects.h :: OBJ_get0_data
  OK: objects.h :: OBJ_sigid_free
  OK: pkcs7.h :: PKCS7_SIGNER_INFO.ctx
  OK: pkcs7.h.in :: PKCS7_SIGNER_INFO.ctx
  OK: pkcs7.h :: PKCS7_RECIP_INFO.ctx
  OK: pkcs7.h.in :: PKCS7_RECIP_INFO.ctx
  OK: pkcs7.h :: PKCS7_SIGN_ENVELOPE.enc_data
  OK: pkcs7.h.in :: PKCS7_SIGN_ENVELOPE.enc_data
  OK: pkcs7.h :: PKCS7_ISSUER_AND_SERIAL
  OK: pkcs7.h.in :: PKCS7_ISSUER_AND_SERIAL
  OK: rsa.h :: EVP_PKEY_CTX_set_rsa_pss_keygen_mgf1_md
  OK: rsa.h :: EVP_PKEY_CTX_set_rsa_pss_keygen_md
  OK: rsa.h :: EVP_PKEY_CTX_set_rsa_oaep_md
  OK: rsa.h :: RSA_get0_crt_params
  OK: rsa.h :: RSA_X931_derive_ex
  OK: rsa.h :: d2i/i2d_RSAPublicKey
  OK: rsa.h :: RSA_verify_PKCS1_PSS
  OK: rsa.h :: RSA_meth_dup
  OK: rsa.h :: RSA_meth_get_priv_enc
  OK: rsa.h :: RSA_meth_set_priv_dec
  OK: rsa.h :: RSA_meth_get_mod_exp
  OK: rsa.h :: RSA_meth_get_bn_mod_exp
  OK: rsa.h :: RSA_meth_get_finish
  OK: rsa.h :: RSA_meth_get_sign
  OK: rsa.h :: RSA_meth_get_verify
  OK: rsa.h :: RSA_meth_get_multi_prime_keygen
  OK: ssl.h :: stack_st_SRTP_PROTECTION_PROFILE
  MISS: ssl.h.in :: stack_st_SRTP_PROTECTION_PROFILE
  OK: ssl.h.in :: stack_st_SRTP_PROTECTION_PROFILE.in
  OK: ssl.h :: SSL_CTX_set_stateless_cookie_generate_cb
  OK: ssl.h.in :: SSL_CTX_set_stateless_cookie_generate_cb
  OK: ssl.h :: OSSL_HANDSHAKE_STATE
  OK: ssl.h.in :: OSSL_HANDSHAKE_STATE
  OK: ssl.h :: SSL_SESSION_set_protocol_version
  OK: ssl.h.in :: SSL_SESSION_set_protocol_version
  OK: ssl.h :: SSL_get_handshake_rtt
  OK: ssl.h.in :: SSL_get_handshake_rtt
  OK: ssl.h :: TLS_method
  OK: ssl.h.in :: TLS_method
  OK: ssl.h :: SSL_get0_peer_CA_list
  OK: ssl.h.in :: SSL_get0_peer_CA_list
  OK: ssl.h :: SSL_set_connect_state
  OK: ssl.h.in :: SSL_set_connect_state
  OK: ssl.h :: SSL_get_client_random
  OK: ssl.h.in :: SSL_get_client_random
  OK: ssl.h :: SSL_SESSION_set_ex_data
  OK: ssl.h.in :: SSL_SESSION_set_ex_data
  OK: ssl.h :: SSL_set_not_resumable_session_callback
  OK: ssl.h.in :: SSL_set_not_resumable_session_callback
  OK: ssl.h :: SSL_enable_ct
  OK: ssl.h.in :: SSL_enable_ct
  OK: ssl.h :: SSL_set1_server_cert_type
  OK: ssl.h.in :: SSL_set1_server_cert_type
  OK: ui.h :: UI_dup_verify_string
  OK: ui.h.in :: UI_dup_verify_string
  OK: x509.h :: PBE2PARAM/PBKDF2PARAM
  OK: x509.h.in :: PBE2PARAM/PBKDF2PARAM
  OK: x509.h :: SCRYPT_PARAMS.parallelizationParameter
  OK: x509.h.in :: SCRYPT_PARAMS.parallelizationParameter
  OK: x509.h :: X509_REQ_verify_ex
  OK: x509.h.in :: X509_REQ_verify_ex
  OK: x509.h :: X509_CRL_sign
  OK: x509.h.in :: X509_CRL_sign
  OK: x509.h :: i2d_ECPrivateKey_bio
  OK: x509.h.in :: i2d_ECPrivateKey_bio
  OK: x509.h :: i2d_PKCS8PrivateKeyInfo_bio
  OK: x509.h.in :: i2d_PKCS8PrivateKeyInfo_bio
  OK: x509.h :: X509_ALGOR_copy
  OK: x509.h.in :: X509_ALGOR_copy
  OK: x509.h :: X509_NAME ASN.1
  OK: x509.h.in :: X509_NAME ASN.1
  OK: x509.h :: i2d_re_X509_tbs
  OK: x509.h.in :: i2d_re_X509_tbs
  OK: x509.h :: X509_CRL_new_ex
  OK: x509.h.in :: X509_CRL_new_ex
  OK: x509.h :: X509_PKEY_new
  OK: x509.h.in :: X509_PKEY_new
  OK: x509.h :: ASN1_digest
  OK: x509.h.in :: ASN1_digest
  OK: x509.h :: X509_getm_notBefore
  OK: x509.h.in :: X509_getm_notBefore
  OK: x509.h :: X509_CRL_set_version
  OK: x509.h.in :: X509_CRL_set_version
  OK: x509.h :: X509_CRL_get_REVOKED
  OK: x509.h.in :: X509_CRL_get_REVOKED
  OK: x509.h :: X509_subject_name_cmp/hash
  OK: x509.h.in :: X509_subject_name_cmp/hash
  OK: x509.h :: X509_NAME_get_index_by_OBJ
  OK: x509.h.in :: X509_NAME_get_index_by_OBJ
  OK: x509.h :: X509at_get0_data_by_OBJ
  OK: x509.h.in :: X509at_get0_data_by_OBJ
  OK: x509.h :: EVP_PKEY2PKCS8
  OK: x509.h.in :: EVP_PKEY2PKCS8
  OK: x509_vfy.h :: X509_LOOKUP_TYPE
  OK: x509_vfy.h.in :: X509_LOOKUP_TYPE
  OK: x509_vfy.h :: X509_STORE_add_cert
  OK: x509_vfy.h.in :: X509_STORE_add_cert
  OK: x509_vfy.h :: X509_STORE_load_locations
  OK: x509_vfy.h.in :: X509_STORE_load_locations
  OK: x509_vfy.h :: X509_VERIFY_PARAM_new
  OK: x509_vfy.h.in :: X509_VERIFY_PARAM_new
  OK: x509_vfy.h :: X509_policy_tree_get0_user_policies
  OK: x509_vfy.h.in :: X509_policy_tree_get0_user_policies
  OK: x509v3.h :: v3_ext_ctx.crl
  OK: x509v3.h.in :: v3_ext_ctx.crl

Done: 112 ok, 1 missing
  missing: ssl.h.in:stack_st_SRTP_PROTECTION_PROFILE
