=== batch 17e: remaining headers ===
  OK: pkcs7.h :: PKCS7_dataFinal
  OK: pkcs7.h.in :: PKCS7_dataFinal
  OK: rand.h :: RAND_write_file
  OK: rsa.h :: maskGenFunc
  OK: rsa.h :: RSA_meth_get_pub_enc
  OK: sha.h :: SHA512_Transform
  OK: ssl.h :: SSL_CIPHER_get_version
  OK: ssl.h.in :: SSL_CIPHER_get_version
  OK: ssl.h :: SSL_use_RSAPrivateKey_file
  OK: ssl.h.in :: SSL_use_RSAPrivateKey_file
  OK: ssl.h :: SSL_SESSION_set_time_ex
  OK: ssl.h.in :: SSL_SESSION_set_time_ex
  OK: ssl.h :: SSL_SESSION_get_id
  OK: ssl.h.in :: SSL_SESSION_get_id
  OK: ssl.h :: SSL_get_client_CA_list
  OK: ssl.h.in :: SSL_get_client_CA_list
  OK: ssl.h :: SSL_get_state
  OK: ssl.h.in :: SSL_get_state
  OK: ssl.h :: SSL_set_record_padding_callback
  OK: ssl.h.in :: SSL_set_record_padding_callback
  OK: ssl.h :: SSL_inject_net_dgram
  OK: ssl.h.in :: SSL_inject_net_dgram
  OK: stack.h :: OPENSSL_sk_compfunc
  OK: types.h :: ASN1_IA5STRING
  OK: types.h :: BN_CTX+BN_RECP_CTX
  OK: types.h :: RAND_DRBG+SSL_DANE
  OK: types.h :: SSL
  OK: types.h :: CT_POLICY_EVAL_CTX
  OK: types.h :: pem_password_cb
  OK: x509.h :: X509_set1_notBefore
  OK: x509.h.in :: X509_set1_notBefore
  OK: x509.h :: X509_CRL_get0_lastUpdate
  OK: x509.h.in :: X509_CRL_get0_lastUpdate
  OK: x509.h :: X509_get_ext
  OK: x509.h.in :: X509_get_ext
  OK: x509.h :: X509_add1_ext_i2d
  OK: x509.h.in :: X509_add1_ext_i2d
  OK: x509.h :: PKCS5_pbkdf2_set_ex
  OK: x509.h.in :: PKCS5_pbkdf2_set_ex
  OK: x509_vfy.h :: X509_TRUST::arg2
  OK: x509_vfy.h.in :: X509_TRUST::arg2
  OK: x509_vfy.h :: X509_STORE_CTX_cleanup
  OK: x509_vfy.h.in :: X509_STORE_CTX_cleanup
  OK: x509_vfy.h :: X509_STORE_CTX_set0_untrusted
  OK: x509_vfy.h.in :: X509_STORE_CTX_set0_untrusted
  OK: x509_vfy.h :: X509_STORE_CTX_get_check_revocation
  OK: x509_vfy.h.in :: X509_STORE_CTX_get_check_revocation
  OK: x509_vfy.h :: X509_STORE_CTX_set0_crls
  OK: x509_vfy.h.in :: X509_STORE_CTX_set0_crls
  OK: x509_vfy.h :: X509_STORE_CTX_set_time
  OK: x509_vfy.h.in :: X509_STORE_CTX_set_time
  OK: x509v3.h :: d2i_CERTIFICATEPOLICIES
  OK: x509v3.h.in :: d2i_CERTIFICATEPOLICIES
  OK: x509v3.h :: i2d_DIST_POINT
  OK: x509v3.h.in :: i2d_DIST_POINT
  OK: x509v3.h :: PROFESSION_INFO_set0_addProfessionInfo
  OK: x509v3.h.in :: PROFESSION_INFO_set0_addProfessionInfo

OK: 57  MISS: 0
