=== batch 12d: ssl.h + x509.h + x509_vfy.h + x509v3.h ===
  OK: ssl.h :: SSL_CTX_use_serverinfo_ex
  OK: ssl.h.in :: SSL_CTX_use_serverinfo_ex
  OK: ssl.h :: SSL_SESSION_get_max_early_data
  OK: ssl.h.in :: SSL_SESSION_get_max_early_data
  OK: ssl.h :: SSL_CTX_get_verify_mode
  OK: ssl.h.in :: SSL_CTX_get_verify_mode
  OK: ssl.h :: SSL_CTX_use_cert_and_key
  OK: ssl.h.in :: SSL_CTX_use_cert_and_key
  OK: ssl.h :: SSL_free
  OK: ssl.h.in :: SSL_free
  OK: ssl.h :: TLSv1_method
  OK: ssl.h.in :: TLSv1_method
  OK: ssl.h :: SSL_set_info_callback
  OK: ssl.h.in :: SSL_set_info_callback
  OK: ssl.h :: SSL_get_current_expansion
  OK: ssl.h.in :: SSL_get_current_expansion
  OK: ssl.h :: SSL_net_write_desired
  OK: ssl.h.in :: SSL_net_write_desired
  OK: ssl.h :: SSL_CTX_enable_ct
  OK: ssl.h.in :: SSL_CTX_enable_ct
  OK: x509.h :: stack_st_X509_NAME_ENTRY
  OK: x509.h.in :: stack_st_X509_NAME_ENTRY
  OK: x509.h :: X509_EXTENSIONS
  OK: x509.h.in :: X509_EXTENSIONS
  OK: x509.h :: X509_CRL_set_default_method
  OK: x509.h.in :: X509_CRL_set_default_method
  OK: x509.h :: X509_CRL_METHOD_new
  OK: x509.h.in :: X509_CRL_METHOD_new
  OK: x509.h :: X509_CRL_set_meth_data
  OK: x509.h.in :: X509_CRL_set_meth_data
  OK: x509.h :: NETSCAPE_SPKI_verify
  OK: x509.h.in :: NETSCAPE_SPKI_verify
  OK: x509.h :: X509_signature_print
  OK: x509.h.in :: X509_signature_print
  OK: x509.h :: X509_REQ_sign
  OK: x509.h.in :: X509_REQ_sign
  OK: x509.h :: X509_pubkey_digest
  OK: x509.h.in :: X509_pubkey_digest
  OK: x509.h :: X509_CRL_digest
  OK: x509.h.in :: X509_CRL_digest
  OK: x509.h :: X509_CRL_load_http
  OK: x509.h.in :: X509_CRL_load_http
  OK: x509.h :: X509_PUBKEY_get
  OK: x509.h.in :: X509_PUBKEY_get
  OK: x509.h :: X509_get_signature_info
  OK: x509.h.in :: X509_get_signature_info
  OK: x509.h :: X509_get_issuer_name
  OK: x509.h.in :: X509_get_issuer_name
  OK: x509.h :: X509_get_X509_PUBKEY
  OK: x509.h.in :: X509_get_X509_PUBKEY
  OK: x509.h :: X509_REQ_get_attr
  OK: x509.h.in :: X509_REQ_get_attr
  OK: x509.h :: X509_CRL_get_version
  OK: x509.h.in :: X509_CRL_get_version
  OK: x509.h :: X509_CRL_get0_signature
  OK: x509.h.in :: X509_CRL_get0_signature
  OK: x509.h :: X509_NAME_print_ex
  OK: x509.h.in :: X509_NAME_print_ex
  OK: x509.h :: X509v3_get_ext
  OK: x509.h.in :: X509v3_get_ext
  OK: x509.h :: X509_get_ext_by_OBJ
  OK: x509.h.in :: X509_get_ext_by_OBJ
  OK: x509.h :: X509_CRL_get_ext_by_NID
  OK: x509.h.in :: X509_CRL_get_ext_by_NID
  OK: x509.h :: X509_EXTENSION_create_by_NID
  OK: x509.h.in :: X509_EXTENSION_create_by_NID
  OK: x509.h :: X509at_get_attr_by_NID
  OK: x509.h.in :: X509at_get_attr_by_NID
  OK: x509.h :: PKCS5_pbe_set0_algor
  OK: x509.h.in :: PKCS5_pbe_set0_algor
  OK: x509_vfy.h :: X509_TRUST_get_trust
  OK: x509_vfy.h.in :: X509_TRUST_get_trust
  OK: x509_vfy.h :: X509_STORE_get_get_issuer
  OK: x509_vfy.h.in :: X509_STORE_get_get_issuer
  OK: x509_vfy.h :: X509_STORE_CTX_get0_untrusted
  OK: x509_vfy.h.in :: X509_STORE_CTX_get0_untrusted
  OK: x509_vfy.h :: X509_STORE_CTX_get_get_crl
  OK: x509_vfy.h.in :: X509_STORE_CTX_get_get_crl
  OK: x509_vfy.h :: X509_LOOKUP_meth_set_get_by_alias
  OK: x509_vfy.h.in :: X509_LOOKUP_meth_set_get_by_alias
  OK: x509_vfy.h :: X509_load_cert_crl_file
  OK: x509_vfy.h.in :: X509_load_cert_crl_file
  OK: x509_vfy.h :: X509_LOOKUP_free
  OK: x509_vfy.h.in :: X509_LOOKUP_free
  OK: x509_vfy.h :: X509_LOOKUP_by_subject_ex
  OK: x509_vfy.h.in :: X509_LOOKUP_by_subject_ex
  OK: x509_vfy.h :: X509_STORE_CTX_get_ex_data
  OK: x509_vfy.h.in :: X509_STORE_CTX_get_ex_data
  OK: x509_vfy.h :: X509_STORE_CTX_get_error_depth
  OK: x509_vfy.h.in :: X509_STORE_CTX_get_error_depth
  OK: x509_vfy.h :: X509_VERIFY_PARAM_get0_email
  OK: x509_vfy.h.in :: X509_VERIFY_PARAM_get0_email
  OK: x509_vfy.h :: X509_VERIFY_PARAM_get_depth
  OK: x509_vfy.h.in :: X509_VERIFY_PARAM_get_depth
  OK: x509_vfy.h :: X509_policy_check
  OK: x509_vfy.h.in :: X509_policy_check
  OK: x509_vfy.h :: X509_policy_tree_free
  OK: x509_vfy.h.in :: X509_policy_tree_free
  OK: x509_vfy.h :: X509_policy_tree_get0_level
  OK: x509_vfy.h.in :: X509_policy_tree_get0_level
  OK: x509_vfy.h :: X509_policy_tree_get0_policies
  OK: x509_vfy.h.in :: X509_policy_tree_get0_policies
  OK: x509_vfy.h :: X509_policy_level_get0_node
  OK: x509_vfy.h.in :: X509_policy_level_get0_node
  OK: x509_vfy.h :: X509_policy_node_get0_qualifiers
  OK: x509_vfy.h.in :: X509_policy_node_get0_qualifiers
  OK: x509_vfy.h :: X509_policy_node_get0_parent
  OK: x509_vfy.h.in :: X509_policy_node_get0_parent
  OK: x509v3.h :: v3_ext_ctx.flags
  OK: x509v3.h.in :: v3_ext_ctx.flags
  OK: x509v3.h :: d2i_PROXY_CERT_INFO_EXTENSION
  OK: x509v3.h.in :: d2i_PROXY_CERT_INFO_EXTENSION
  OK: x509v3.h :: X509V3_EXT_d2i
  OK: x509v3.h.in :: X509V3_EXT_d2i
  OK: x509v3.h :: X509_check_ip
  OK: x509v3.h.in :: X509_check_ip
  OK: x509v3.h :: ADMISSIONS_set0_admissionAuthority
  OK: x509v3.h.in :: ADMISSIONS_set0_admissionAuthority
  OK: x509v3.h :: ADMISSIONS_set0_professionInfos
  OK: x509v3.h.in :: ADMISSIONS_set0_professionInfos

OK=120 MISS=0
