=== batch 20a: asn1/bio ===
  OK: asn1.h :: ASN1_PCTX_free
  OK: asn1.h.in :: ASN1_PCTX_free
  OK: bio.h :: BIO_method_type
  OK: bio.h.in :: BIO_method_type
  OK: bio.h :: BIO_ctrl_pending
  OK: bio.h.in :: BIO_ctrl_pending
  OK: bio.h :: BIO_get_ex_data
  OK: bio.h.in :: BIO_get_ex_data
  OK: bio.h :: BIO_new
  OK: bio.h.in :: BIO_new
  OK: bio.h :: BIO_ptr_ctrl
  OK: bio.h.in :: BIO_ptr_ctrl
  OK: bio.h :: BIO_nread0
  OK: bio.h.in :: BIO_nread0
  OK: bio.h :: BIO_s_core
  OK: bio.h.in :: BIO_s_core
  OK: bio.h :: BIO_sock_non_fatal_error
  OK: bio.h.in :: BIO_sock_non_fatal_error
  OK: bio.h :: BIO_ADDR_rawmake
  OK: bio.h.in :: BIO_ADDR_rawmake
  OK: bio.h :: BIO_sock_init
  OK: bio.h.in :: BIO_sock_init
  OK: bio.h :: BIO_gethostbyname
  OK: bio.h.in :: BIO_gethostbyname
  OK: bio.h :: BIO_sock_info_u/type
  OK: bio.h.in :: BIO_sock_info_u/type
  OK: bio.h :: BIO_socket
  OK: bio.h.in :: BIO_socket
  OK: bio.h :: BIO_vprintf
  OK: bio.h.in :: BIO_vprintf
  OK: bio.h :: BIO_meth_free
  OK: bio.h.in :: BIO_meth_free
  OK: bio.h :: BIO_meth_set_write_ex
  OK: bio.h.in :: BIO_meth_set_write_ex
  OK: bio.h :: BIO_meth_get_puts
  OK: bio.h.in :: BIO_meth_get_puts
  OK: bio.h :: BIO_meth_get_callback_ctrl
  OK: bio.h.in :: BIO_meth_get_callback_ctrl

OK 38, MISS 0
