  OK: asn1.h :: ASN1_ITEM_EXP
  OK: asn1.h.in :: ASN1_ITEM_EXP
  OK: asn1.h :: boolean
  OK: asn1.h.in :: boolean
  OK: asn1.h :: utctime
  OK: asn1.h.in :: utctime
  OK: asn1.h :: ASN1_UTCTIME_adj
  OK: asn1.h.in :: ASN1_UTCTIME_adj
  OK: asn1.h :: ASN1_OCTET_STRING_cmp
  OK: asn1.h.in :: ASN1_OCTET_STRING_cmp
  OK: asn1.h :: DISPLAYTEXT
  OK: asn1.h.in :: DISPLAYTEXT
  OK: asn1.h :: ASN1_tag2bit
  OK: asn1.h.in :: ASN1_tag2bit
  OK: asn1.h :: ASN1_item_dup
  OK: asn1.h.in :: ASN1_item_dup
  OK: asn1.h :: ASN1_item_sign_ex
  OK: asn1.h.in :: ASN1_item_sign_ex
  OK: asn1.h :: ASN1_item_d2i_bio
  OK: asn1.h.in :: ASN1_item_d2i_bio
  OK: asn1.h :: ASN1_SCTX_get_item
  OK: asn1.h.in :: ASN1_SCTX_get_item
  OK: buffer.h :: BUF_MEM_grow
  OK: cms.h :: CMS_EnvelopedData_create
  OK: cms.h.in :: CMS_EnvelopedData_create
  OK: cms.h :: CMS_signed_delete_attr
  OK: cms.h.in :: CMS_signed_delete_attr
  OK: cms.h :: CMS_unsigned_add1_attr_by_NID
  OK: cms.h.in :: CMS_unsigned_add1_attr_by_NID
  OK: comp.h :: COMP_expand_block
  OK: ct.h :: SCT_set0_log_id
  OK: ct.h.in :: SCT_set0_log_id
  OK: ct.h :: CTLOG_free
  OK: ct.h.in :: CTLOG_free
  OK: dh.h :: EVP_PKEY_CTX_get_dh_kdf_md
  OK: dh.h :: DH_meth_set_generate_key
  OK: ec.h :: EVP_PKEY_CTX_get_ecdh_cofactor_mode
  OK: ec.h :: EC_get_builtin_curves
  OK: ec.h :: EC_curve_nid2nist
  OK: ec.h :: EC_POINT_hex2point
  OK: ec.h :: EC_POINT_make_affine
  OK: ec.h :: ECPKParameters_print_fp
  OK: ec.h :: EC_KEY_decoded_from_explicit_params
  OK: ec.h :: EC_KEY_set_ex_data
  OK: ec.h :: EC_KEY_set_asn1_flag
  OK: ec.h :: EC_KEY_get_method
  OK: ec.h :: EC_KEY_set_method
  OK: ec.h :: EC_KEY_new_method
  OK: ec.h :: ECDSA_SIG_st
  OK: ec.h :: EC_KEY_METHOD_set_compute_key
  OK: ec.h :: EC_KEY_METHOD_set_verify
  OK: engine.h :: ENGINE_get_last
  OK: engine.h :: ENGINE_register_RAND
  OK: engine.h :: ENGINE_register_ciphers
  OK: engine.h :: ENGINE_unregister_pkey_meths
  OK: engine.h :: ENGINE_ctrl
  OK: engine.h :: ENGINE_set_name
  OK: engine.h :: ENGINE_set_RSA
  OK: engine.h :: ENGINE_set_ciphers
  OK: engine.h :: ENGINE_get_id
  OK: engine.h :: ENGINE_get_RSA
  OK: engine.h :: ENGINE_get_EC
  OK: engine.h :: ENGINE_get_ctrl_function
  OK: engine.h :: ENGINE_pkey_asn1_find_str
  OK: engine.h :: ENGINE_init
  OK: engine.h :: ENGINE_load_private_key
  OK: engine.h :: ENGINE_load_ssl_client_cert
  OK: engine.h :: ENGINE_set_default_RSA
  OK: engine.h :: ENGINE_set_default_EC
  OK: engine.h :: ENGINE_set_default_digests
  OK: engine.h :: ENGINE_set_default_pkey_asn1_meths

Done 8a: 71 ok, 0 missing
