  OK: ssl.h :: tls_session_ticket_ext_cb_fn
  OK: ssl.h.in :: tls_session_ticket_ext_cb_fn
  OK: ssl.h :: SSL_in_init
  OK: ssl.h.in :: SSL_in_init
  OK: ssl.h :: OPENSSL_cipher_name
  OK: ssl.h.in :: OPENSSL_cipher_name
  OK: ssl.h :: SSL_set_ciphersuites
  OK: ssl.h.in :: SSL_set_ciphersuites
  OK: ssl.h :: SSL_state_string_long
  OK: ssl.h.in :: SSL_state_string_long
  OK: ssl.h :: SSL_SESSION_get_time
  OK: ssl.h.in :: SSL_SESSION_get_time
  OK: ssl.h :: SSL_get0_peer_certificate
  OK: ssl.h.in :: SSL_get0_peer_certificate
  OK: ssl.h :: SSL_CTX_set_trust
  OK: ssl.h.in :: SSL_CTX_set_trust
  OK: ssl.h :: DTLS_get_data_mtu
  OK: ssl.h.in :: DTLS_get_data_mtu
  OK: ssl.h :: SSL_alert_type_string
  OK: ssl.h.in :: SSL_alert_type_string
  OK: ssl.h :: SSL_set_accept_state
  OK: ssl.h.in :: SSL_set_accept_state
  OK: ssl.h :: SSL_SESSION_get_ex_data
  OK: ssl.h.in :: SSL_SESSION_get_ex_data
  OK: ssl.h :: SSL_is_stream_local
  OK: ssl.h.in :: SSL_is_stream_local
  OK: ssl.h :: SSL_as_poll_descriptor
  OK: ssl.h.in :: SSL_as_poll_descriptor
  OK: ssl.h :: SSL_ct_validation_mode
  OK: ssl.h.in :: SSL_ct_validation_mode
  OK: ssl.h :: SSL_CTX_decrypt_session_ticket_fn
  OK: ssl.h.in :: SSL_CTX_decrypt_session_ticket_fn
  OK: ssl.h :: SSL_CTX_get1_compressed_cert
  OK: ssl.h.in :: SSL_CTX_get1_compressed_cert
  OK: ssl.h :: SSL_CTX_set1_server_cert_type
  OK: ssl.h.in :: SSL_CTX_set1_server_cert_type
  OK: ui.h :: UI_add_verify_string
  OK: ui.h.in :: UI_add_verify_string
  OK: ui.h :: UI_dup_input_boolean
  OK: ui.h.in :: UI_dup_input_boolean
  OK: ui.h :: UI_create_method
  OK: ui.h.in :: UI_create_method
  OK: ui.h :: UI_get_result_minsize
  OK: ui.h.in :: UI_get_result_minsize
  OK: x509.h :: PBKDF2PARAM_iter
  OK: x509.h.in :: PBKDF2PARAM_iter
  OK: x509.h :: d2i_X509_PUBKEY_fp
  OK: x509.h.in :: d2i_X509_PUBKEY_fp
  OK: x509.h :: d2i_PUBKEY_bio
  OK: x509.h.in :: d2i_PUBKEY_bio
  OK: x509.h :: X509_AUX
  OK: x509.h.in :: X509_AUX
  OK: x509.h :: X509_get_serialNumber
  OK: x509.h.in :: X509_get_serialNumber
  OK: x509.h :: X509_up_ref
  OK: x509.h.in :: X509_up_ref
  OK: x509.h :: X509_REQ_set_pubkey
  OK: x509.h.in :: X509_REQ_set_pubkey
  OK: x509.h :: X509_issuer_name_cmp
  OK: x509.h.in :: X509_issuer_name_cmp
  OK: x509.h :: X509_NAME_print
  OK: x509.h.in :: X509_NAME_print
  OK: x509.h :: X509_find_by_subject
  OK: x509.h.in :: X509_find_by_subject
  OK: x509.h :: PBEPARAM
  OK: x509.h.in :: PBEPARAM
  OK: x509.h :: PKCS5_pbe2_set_iv_ex
  OK: x509.h.in :: PKCS5_pbe2_set_iv_ex
  OK: x509.h :: EVP_PKCS82PKEY_ex
  OK: x509.h.in :: EVP_PKCS82PKEY_ex
  OK: x509_vfy.h :: X509_TRUST_flags
  OK: x509_vfy.h.in :: X509_TRUST_flags
  OK: x509_vfy.h :: X509_STORE_CTX_verify_fn
  OK: x509_vfy.h.in :: X509_STORE_CTX_verify_fn
  OK: x509_vfy.h :: X509_STORE_CTX_get_issuer_fn
  OK: x509_vfy.h.in :: X509_STORE_CTX_get_issuer_fn
  OK: x509_vfy.h :: X509_STORE_up_ref
  OK: x509_vfy.h.in :: X509_STORE_up_ref
  OK: x509_vfy.h :: X509_STORE_get0_param
  OK: x509_vfy.h.in :: X509_STORE_get0_param
  OK: x509_vfy.h :: X509_STORE_set_get_issuer
  OK: x509_vfy.h.in :: X509_STORE_set_get_issuer
  OK: x509_vfy.h :: X509_STORE_get_ex_data
  OK: x509_vfy.h.in :: X509_STORE_get_ex_data
  OK: x509_vfy.h :: X509_STORE_CTX_get_verify
  OK: x509_vfy.h.in :: X509_STORE_CTX_get_verify
  OK: x509_vfy.h :: X509_LOOKUP_ctrl_ex_fn
  OK: x509_vfy.h.in :: X509_LOOKUP_ctrl_ex_fn
  OK: x509_vfy.h :: X509_LOOKUP_meth_set_get_by_subject
  OK: x509_vfy.h.in :: X509_LOOKUP_meth_set_get_by_subject
  OK: x509_vfy.h :: X509_VERIFY_PARAM_move_peername
  OK: x509_vfy.h.in :: X509_VERIFY_PARAM_move_peername
  OK: x509v3.h :: X509V3_EXT_D2I
  OK: x509v3.h.in :: X509V3_EXT_D2I
  OK: x509v3.h :: usr_data
  OK: x509v3.h.in :: usr_data
  OK: x509v3.h :: X509V3_EXT_CRL_add_conf
  OK: x509v3.h.in :: X509V3_EXT_CRL_add_conf

Done 8c: 98 ok, 0 missing
