=== batch 20d: types/ui/x509* ===
  OK: types.h :: ASN1_STRING
  OK: types.h :: asn1_sctx_st/ASN1_SCTX
  OK: types.h :: bn_blinding_st/BN_BLINDING
  OK: types.h :: evp_md_ctx_st/evp_mac_st
  OK: types.h :: evp_keymgmt_st/EVP_KEYMGMT
  OK: types.h :: evp_kem_st/EVP_KEM
  OK: types.h :: dh_method/DH_METHOD
  OK: types.h :: X509_CRL/X509_CRL_METHOD
  OK: types.h :: x509_store_st/X509_STORE
  OK: types.h :: x509_sig_info_st/X509_SIG_INFO
  OK: types.h :: OSSL_HTTP_REQ_CTX
  OK: types.h :: ctlog_st/CTLOG
  OK: types.h :: ossl_algorithm_st/OSSL_ALGORITHM
  OK: types.h :: ossl_encoder_st/OSSL_ENCODER
  OK: ui.h :: UI_process
  OK: ui.h.in :: UI_process
  OK: x509.h :: i2d_PKCS8PrivateKeyInfo_fp
  OK: x509.h.in :: i2d_PKCS8PrivateKeyInfo_fp
  OK: x509.h :: X509_cmp_time
  OK: x509.h.in :: X509_cmp_time
  OK: x509.h :: X509_get_default_cert_file
  OK: x509.h.in :: X509_get_default_cert_file
  OK: x509.h :: X509_CRL_add0_revoked
  OK: x509.h.in :: X509_CRL_add0_revoked
  OK: x509.h :: X509_CRL_get_issuer
  OK: x509.h.in :: X509_CRL_get_issuer
  OK: x509.h :: X509_CRL_check_suiteb
  OK: x509.h.in :: X509_CRL_check_suiteb
  OK: x509.h :: X509_CRL_delete_ext
  OK: x509.h.in :: X509_CRL_delete_ext
  OK: x509.h :: X509at_delete_attr
  OK: x509.h.in :: X509at_delete_attr
  OK: x509_vfy.h :: X509_STORE_CTX_check_crl_fn
  OK: x509_vfy.h.in :: X509_STORE_CTX_check_crl_fn
  OK: x509_vfy.h :: X509_LOOKUP_meth_set_ctrl
  OK: x509_vfy.h.in :: X509_LOOKUP_meth_set_ctrl
  OK: x509_vfy.h :: X509_STORE_set_default_paths
  OK: x509_vfy.h.in :: X509_STORE_set_default_paths
  OK: x509_vfy.h :: X509_VERIFY_PARAM_get1_ip_asc
  OK: x509_vfy.h.in :: X509_VERIFY_PARAM_get1_ip_asc
  OK: x509_vfy.h :: X509_policy_level_node_count
  OK: x509_vfy.h.in :: X509_policy_level_node_count
  OK: x509v3.h :: X509V3_get_d2i
  OK: x509v3.h.in :: X509V3_get_d2i

OK 44, MISS 0
