=== batch 19e: types/ui/x509/x509_vfy/x509v3 ===
  OK: types.h :: ASN1_ENUMERATED
  OK: types.h :: rsa_pss_params_st/RSA_PSS_PARAMS
  OK: ui.h :: UI_new
  OK: ui.h.in :: UI_new
  OK: x509.h :: X509_REQ_sign_ctx
  OK: x509.h.in :: X509_REQ_sign_ctx
  OK: x509.h :: i2d_X509_REQ_bio
  OK: x509.h.in :: i2d_X509_REQ_bio
  OK: x509.h :: d2i_X509_PUBKEY_bio
  OK: x509.h.in :: d2i_X509_PUBKEY_bio
  OK: x509.h :: X509_get0_signature
  OK: x509.h.in :: X509_get0_signature
  OK: x509.h :: X509_keyid_get0
  OK: x509.h.in :: X509_keyid_get0
  OK: x509.h :: X509_get0_pubkey
  OK: x509.h.in :: X509_get0_pubkey
  OK: x509.h :: X509_REQ_get0_signature
  OK: x509.h.in :: X509_REQ_get0_signature
  OK: x509.h :: X509_REQ_get_signature_nid
  OK: x509.h.in :: X509_REQ_get_signature_nid
  OK: x509.h :: X509_REQ_get0_pubkey
  OK: x509.h.in :: X509_REQ_get0_pubkey
  OK: x509.h :: X509_REQ_add1_attr
  OK: x509.h.in :: X509_REQ_add1_attr
  OK: x509.h :: X509_CRL_get0_extensions
  OK: x509.h.in :: X509_CRL_get0_extensions
  OK: x509.h :: X509_REVOKED_get0_extensions
  OK: x509.h.in :: X509_REVOKED_get0_extensions
  OK: x509.h :: X509_subject_name_hash_old
  OK: x509.h.in :: X509_subject_name_hash_old
  OK: x509.h :: X509_NAME_cmp
  OK: x509.h.in :: X509_NAME_cmp
  OK: x509.h :: X509_NAME_entry_count
  OK: x509.h.in :: X509_NAME_entry_count
  OK: x509.h :: X509_get_ext_by_NID
  OK: x509.h.in :: X509_get_ext_by_NID
  OK: x509.h :: X509_add_ext
  OK: x509.h.in :: X509_add_ext
  OK: x509.h :: X509_get_ext_d2i
  OK: x509.h.in :: X509_get_ext_d2i
  OK: x509.h :: X509_CRL_add_ext
  OK: x509.h.in :: X509_CRL_add_ext
  OK: x509.h :: X509_EXTENSION_set_critical
  OK: x509.h.in :: X509_EXTENSION_set_critical
  OK: x509.h :: X509_EXTENSION_get_object
  OK: x509.h.in :: X509_EXTENSION_get_object
  OK: x509.h :: X509at_add1_attr_by_NID
  OK: x509.h.in :: X509at_add1_attr_by_NID
  OK: x509.h :: X509_ATTRIBUTE_create_by_OBJ
  OK: x509.h.in :: X509_ATTRIBUTE_create_by_OBJ
  OK: x509.h :: EVP_PKEY_get_attr
  OK: x509.h.in :: EVP_PKEY_get_attr
  OK: x509.h :: EVP_PKCS82PKEY
  OK: x509.h.in :: EVP_PKCS82PKEY
  OK: x509.h :: PKCS8_pkey_add1_attr_by_NID
  OK: x509.h.in :: PKCS8_pkey_add1_attr_by_NID
  OK: x509_vfy.h :: X509_OBJECT_set1_X509
  OK: x509_vfy.h.in :: X509_OBJECT_set1_X509
  OK: x509_vfy.h :: X509_STORE_set_flags
  OK: x509_vfy.h.in :: X509_STORE_set_flags
  OK: x509_vfy.h :: X509_STORE_set_lookup_certs
  OK: x509_vfy.h.in :: X509_STORE_set_lookup_certs
  OK: x509_vfy.h :: X509_LOOKUP_meth_new
  OK: x509_vfy.h.in :: X509_LOOKUP_meth_new
  OK: x509_vfy.h :: X509_STORE_CTX_get_obj_by_subject
  OK: x509_vfy.h.in :: X509_STORE_CTX_get_obj_by_subject
  OK: x509_vfy.h :: X509_STORE_CTX_get0_chain
  OK: x509_vfy.h.in :: X509_STORE_CTX_get0_chain
  OK: x509v3.h :: X509V3_EXT_NEW
  OK: x509v3.h.in :: X509V3_EXT_NEW
  OK: x509v3.h :: GENERAL_NAMES
  OK: x509v3.h.in :: GENERAL_NAMES
  OK: x509v3.h :: PROXY_CERT_INFO_EXTENSION_it
  OK: x509v3.h.in :: PROXY_CERT_INFO_EXTENSION_it
  OK: x509v3.h :: onlyattr
  OK: x509v3.h.in :: onlyattr
  OK: x509v3.h :: d2i_SXNET
  OK: x509v3.h.in :: d2i_SXNET
  OK: x509v3.h :: GENERAL_NAME_get0_value
  OK: x509v3.h.in :: GENERAL_NAME_get0_value
  OK: x509v3.h :: POLICYINFO_new
  OK: x509v3.h.in :: POLICYINFO_new
  OK: x509v3.h :: X509V3_conf_free
  OK: x509v3.h.in :: X509V3_conf_free
  OK: x509v3.h :: X509V3_EXT_REQ_add_nconf
  OK: x509v3.h.in :: X509V3_EXT_REQ_add_nconf
  OK: x509v3.h :: s2i_ASN1_INTEGER
  OK: x509v3.h.in :: s2i_ASN1_INTEGER
  OK: x509v3.h :: stack_st_ASIdOrRange
  MISS: x509v3.h.in :: stack_st_ASIdOrRange
  OK: x509v3.h :: X509v3_addr_get_range
  OK: x509v3.h.in :: X509v3_addr_get_range

OK=91 MISS=1
  missing: x509v3.h.in:stack_st_ASIdOrRange
