  OK: evp.h :: EVP_MD_meth_set_result_size
  OK: evp.h :: EVP_MD_meth_get_flags
  OK: evp.h :: EVP_CIPHER_CTX_get1_cipher
  OK: evp.h :: EVP_CipherInit_ex2
  OK: evp.h :: EVP_DigestSignInit_ex
  OK: evp.h :: EVP_sha3_256
  OK: evp.h :: EVP_des_ede3_cbc
  OK: evp.h :: EVP_aes_192_ocb
  OK: evp.h :: EVP_aria_128_cbc
  OK: evp.h :: EVP_MAC_is_a
  OK: evp.h :: EVP_MAC_update
  OK: evp.h :: EVP_RAND_CTX_settable_params
  OK: evp.h :: EVP_PKEY_assign
  OK: evp.h :: EVP_PKEY_print_public_fp
  OK: evp.h :: EVP_PBE_cleanup
  OK: evp.h :: EVP_PKEY_asn1_set_ctrl
  OK: evp.h :: EVP_PKEY_new_CMAC_key
  OK: evp.h :: EVP_PKEY_CTX_get0_pkey
  OK: evp.h :: EVP_SIGNATURE_is_a
  OK: evp.h :: EVP_ASYM_CIPHER_is_a
  OK: evp.h :: EVP_ASYM_CIPHER_get0_description
  OK: evp.h :: EVP_KEM_gettable_ctx_params
  OK: evp.h :: EVP_PKEY_verify_init_ex
  OK: evp.h :: EVP_PKEY_verify
  OK: evp.h :: EVP_PKEY_encrypt_init
  OK: evp.h :: EVP_PKEY_decrypt_init
  OK: evp.h :: EVP_PKEY_settable_params
  OK: evp.h :: EVP_PKEY_set_bn_param
  OK: evp.h :: EVP_PKEY_set_octet_string_param
  OK: evp.h :: EVP_PKEY_get_field_type
  OK: evp.h :: EVP_PKEY_keygen
  OK: evp.h :: EVP_PKEY_param_check
  OK: evp.h :: EVP_PKEY_param_check_quick
  OK: evp.h :: EVP_PKEY_CTX_set_cb
  OK: evp.h :: EVP_PKEY_meth_set_keygen
  OK: evp.h :: EVP_PKEY_meth_set_encrypt
  OK: evp.h :: EVP_PKEY_meth_get_paramgen
  OK: evp.h :: EVP_PKEY_meth_get_signctx
  OK: evp.h :: EVP_PKEY_meth_get_verifyctx
  OK: evp.h :: EVP_PKEY_meth_get_digestsign
  OK: evp.h :: EVP_PKEY_meth_get_check
  OK: evp.h :: EVP_PKEY_meth_get_param_check
  OK: evp.h :: EVP_KEYEXCH_up_ref
  OK: evp.h :: EVP_KEYEXCH_get0_description
  OK: evp.h :: EVP_KEYEXCH_gettable_ctx_params
  OK: evp.h :: EVP_add_alg_module
  OK: evp.h :: EVP_PKEY_CTX_set_group_name
  OK: http.h :: OSSL_HTTP_REQ_CTX_get_resp_len
  OK: objects.h :: OBJ_nid2obj
  OK: pem.h :: PEM_read_bio
  OK: pem.h :: PEM_ASN1_write_bio
  OK: pem.h :: PEM_X509_INFO_read
  OK: pem.h :: PEM_SignUpdate
  OK: pem.h :: DECLARE_PEM_rw_X509_REQ
  OK: pkcs7.h :: i2d_PKCS7_fp
  OK: pkcs7.h.in :: i2d_PKCS7_fp
  OK: pkcs7.h :: PEM_write_bio_PKCS7_stream
  OK: pkcs7.h.in :: PEM_write_bio_PKCS7_stream
  OK: pkcs7.h :: PKCS7_dataDecode
  OK: pkcs7.h.in :: PKCS7_dataDecode
  OK: pkcs7.h :: SMIME_write_PKCS7
  OK: pkcs7.h.in :: SMIME_write_PKCS7
  OK: rand.h :: RAND_set0_public
  OK: rsa.h :: EVP_PKEY_CTX_set_rsa_mgf1_md
  OK: rsa.h :: EVP_PKEY_CTX_get_rsa_mgf1_md
  OK: rsa.h :: EVP_PKEY_CTX_set_rsa_oaep_md_name
  OK: rsa.h :: RSA_size
  OK: rsa.h :: RSA_set0_key
  OK: rsa.h :: RSA_set0_multi_prime_params
  OK: rsa.h :: RSA_get0_key
  OK: rsa.h :: RSA_get0_multi_prime_crt_params
  OK: rsa.h :: RSA_get0_n
  OK: rsa.h :: RSA_get0_d
  OK: rsa.h :: RSA_check_key_ex
  OK: rsa.h :: RSA_private_encrypt
  OK: rsa.h :: RSA_free
  OK: rsa.h :: RSA_get_default_method
  OK: rsa.h :: rsa_pss_params_fields
  OK: rsa.h :: RSA_PSS_PARAMS_dup
  OK: rsa.h :: RSA_sign
  OK: rsa.h :: RSA_sign_ASN1_OCTET_STRING
  OK: rsa.h :: RSA_blinding_on
  OK: rsa.h :: RSA_padding_check_PKCS1_type_1
  OK: rsa.h :: RSA_padding_add_PKCS1_OAEP
  OK: rsa.h :: RSA_padding_check_PKCS1_OAEP_mgf1
  OK: rsa.h :: RSA_padding_add_none
  OK: rsa.h :: RSA_padding_add_X931
  OK: rsa.h :: RSA_padding_check_X931
  OK: rsa.h :: RSA_padding_add_PKCS1_PSS
  OK: rsa.h :: RSA_set_ex_data
  OK: rsa.h :: RSA_meth_free
  OK: rsa.h :: RSA_meth_set0_app_data

Done 8b: 92 ok, 0 missing
