  OK: evp.h :: EVP_default_properties_is_fips_enabled
  OK: evp.h :: EVP_MD_meth_set_update
  OK: evp.h :: EVP_MD_meth_get_app_datasize
  OK: evp.h :: EVP_MD_meth_get_init
  OK: evp.h :: EVP_MD_meth_get_final
  OK: evp.h :: EVP_MD_meth_get_cleanup
  OK: evp.h :: EVP_CIPHER_meth_new
  OK: evp.h :: EVP_CIPHER_meth_set_impl_ctx_size
  OK: evp.h :: EVP_CIPHER_meth_set_init
  OK: evp.h :: EVP_CIPHER_meth_set_do_cipher
  OK: evp.h :: EVP_CIPHER_meth_set_cleanup
  OK: evp.h :: EVP_CIPHER_meth_set_get_asn1_params
  OK: evp.h :: EVP_CIPHER_meth_set_ctrl
  OK: evp.h :: EVP_CIPHER_meth_get_do_cipher
  OK: evp.h :: EVP_CTRL_TLS1_1_MULTIBLOCK_PARAM
  OK: evp.h :: EVP_PBE_KEYGEN_EX
  OK: evp.h :: EVP_MD_get_type
  OK: evp.h :: EVP_MD_get0_name
  OK: evp.h :: EVP_MD_names_do_all
  OK: evp.h :: EVP_MD_get_block_size
  OK: evp.h :: EVP_MD_CTX_get0_md
  OK: evp.h :: EVP_MD_CTX_set_update_fn
  OK: evp.h :: EVP_MD_CTX_get0_md_data
  OK: evp.h :: EVP_CIPHER_get0_provider
  OK: evp.h :: EVP_CIPHER_get_block_size
  OK: evp.h :: EVP_CIPHER_get_key_length
  OK: evp.h :: EVP_CIPHER_CTX_get0_cipher
  OK: evp.h :: EVP_CIPHER_CTX_get_nid
  OK: evp.h :: EVP_CIPHER_CTX_get_block_size
  OK: evp.h :: EVP_CIPHER_CTX_get_key_length
  OK: evp.h :: EVP_CIPHER_CTX_iv
  OK: evp.h :: EVP_CIPHER_CTX_set_num
  OK: evp.h :: EVP_CIPHER_CTX_copy
  OK: evp.h :: EVP_MD_get_params
  OK: evp.h :: EVP_MD_gettable_params
  OK: evp.h :: EVP_MD_CTX_set/clear_flags
  OK: evp.h :: EVP_MD_CTX_copy
  OK: evp.h :: EVP_DigestInit
  OK: evp.h :: EVP_DigestFinal
  OK: evp.h :: EVP_read_pw_string_min
  OK: evp.h :: EVP_set_pw_prompt
  OK: evp.h :: EVP_BytesToKey
  OK: evp.h :: EVP_EncryptInit_ex2
  OK: evp.h :: EVP_DecryptInit
  OK: evp.h :: EVP_DecryptFinal_ex
  OK: evp.h :: EVP_CipherUpdate
  OK: evp.h :: EVP_CIPHER_CTX_free
  OK: evp.h :: EVP_CIPHER_CTX_set_key_length
  OK: evp.h :: BIO_f_base64
  OK: evp.h :: EVP_blake2s256
  OK: evp.h :: EVP_shake128
  OK: evp.h :: EVP_des_cfb64
  OK: evp.h :: EVP_idea_cbc
  OK: evp.h :: EVP_rc2_ofb
  OK: evp.h :: EVP_cast5_ecb
  OK: evp.h :: EVP_aes_128_cfb8
  OK: evp.h :: EVP_aes_128_gcm
  OK: evp.h :: EVP_aes_192_cfb128
  OK: evp.h :: EVP_aria_192_gcm
  OK: evp.h :: EVP_camellia_192_cfb128
  OK: evp.h :: EVP_MD_do_all_provided
  OK: evp.h :: EVP_RAND_get0_description
  OK: evp.h :: EVP_PKEY_parameters_eq
  OK: evp.h :: EVP_PKEY_print_params
  OK: evp.h :: EVP_PKEY_asn1_find
  OK: evp.h :: EVP_PKEY_CTX_set1_id
  OK: evp.h :: EVP_PKEY_meth_add0
  OK: evp.h :: EVP_KEYMGMT_gettable_params
  OK: evp.h :: EVP_PKEY_CTX_get_operation
  OK: evp.h :: EVP_PKEY_encrypt_init_ex
  OK: evp.h :: EVP_PKEY_encapsulate_init
  OK: evp.h :: EVP_PKEY_encapsulate
  OK: evp.h :: EVP_PKEY_fromdata_init
  OK: evp.h :: EVP_PKEY_get_int_param
  OK: evp.h :: EVP_PKEY_get_utf8_string_param
  OK: evp.h :: EVP_PKEY_meth_set_cleanup
  OK: evp.h :: EVP_PKEY_meth_set_sign
  OK: evp.h :: EVP_PKEY_meth_set_verify
  OK: evp.h :: EVP_PKEY_meth_set_check
  OK: evp.h :: EVP_KEYEXCH_get0_provider

Done: 80 ok, 0 missing
