=== batch 15d: x509.h ===
  OK: x509.h :: X509_CRL_get_meth_data+X509_verify_cert_error_string
  OK: x509.h.in :: X509_CRL_get_meth_data+X509_verify_cert_error_string
  OK: x509.h :: X509_REQ_verify+X509_CRL_verify
  OK: x509.h.in :: X509_REQ_verify+X509_CRL_verify
  OK: x509.h :: NETSCAPE_SPKI_b64_decode
  OK: x509.h.in :: NETSCAPE_SPKI_b64_decode
  OK: x509.h :: NETSCAPE_SPKI_set_pubkey
  OK: x509.h.in :: NETSCAPE_SPKI_set_pubkey
  OK: x509.h :: X509_CRL_sign_ctx
  OK: x509.h.in :: X509_CRL_sign_ctx
  OK: x509.h :: X509_NAME_digest
  OK: x509.h.in :: X509_NAME_digest
  OK: x509.h :: d2i_X509_CRL_fp
  OK: x509.h.in :: d2i_X509_CRL_fp
  OK: x509.h :: i2d_X509_REQ_fp
  OK: x509.h.in :: i2d_X509_REQ_fp
  OK: x509.h :: d2i_RSA_PUBKEY_fp
  OK: x509.h.in :: d2i_RSA_PUBKEY_fp
  OK: x509.h :: d2i_DSAPrivateKey_fp
  OK: x509.h.in :: d2i_DSAPrivateKey_fp
  OK: x509.h :: d2i_EC_PUBKEY_fp+i2d_ECPrivateKey_fp+d2i_PKCS8_fp
  OK: x509.h.in :: d2i_EC_PUBKEY_fp+i2d_ECPrivateKey_fp+d2i_PKCS8_fp
  OK: x509.h :: d2i_PrivateKey_ex_fp
  OK: x509.h.in :: d2i_PrivateKey_ex_fp
  OK: x509.h :: d2i_PUBKEY_fp
  OK: x509.h.in :: d2i_PUBKEY_fp
  OK: x509.h :: i2d_RSAPrivateKey_bio
  OK: x509.h.in :: i2d_RSAPrivateKey_bio
  OK: x509.h :: i2d_RSAPublicKey_bio
  OK: x509.h.in :: i2d_RSAPublicKey_bio
  OK: x509.h :: d2i_DSAPrivateKey_bio
  OK: x509.h.in :: d2i_DSAPrivateKey_bio
  OK: x509.h :: i2d_EC_PUBKEY_bio
  OK: x509.h.in :: i2d_EC_PUBKEY_bio
  OK: x509.h :: d2i_PKCS8_bio
  OK: x509.h.in :: d2i_PKCS8_bio
  OK: x509.h :: i2d_PUBKEY_bio
  OK: x509.h.in :: i2d_PUBKEY_bio
  OK: x509.h :: X509_ALGOR_dup
  OK: x509.h.in :: X509_ALGOR_dup
  OK: x509.h :: X509_REVOKED_dup+X509_ALGOR_set0
  OK: x509.h.in :: X509_REVOKED_dup+X509_ALGOR_set0
  OK: x509.h :: X509_NAME_dup
  OK: x509.h.in :: X509_NAME_dup
  OK: x509.h :: X509_cmp_current_time
  OK: x509.h.in :: X509_cmp_current_time
  OK: x509.h :: X509_gmtime_adj
  OK: x509.h.in :: X509_gmtime_adj
  OK: x509.h :: X509_get_default_cert_dir_env
  OK: x509.h.in :: X509_get_default_cert_dir_env
  OK: x509.h :: X509_new_ex
  OK: x509.h.in :: X509_new_ex
  OK: x509.h :: X509_keyid_set1
  OK: x509.h.in :: X509_keyid_set1
  OK: x509.h :: ASN1_item_verify_ctx
  OK: x509.h.in :: ASN1_item_verify_ctx
  OK: x509.h :: X509_REQ_get_subject_name+X509_REQ_set_subject_name
  OK: x509.h.in :: X509_REQ_get_subject_name+X509_REQ_set_subject_name
  OK: x509.h :: X509_REQ_extension_nid
  OK: x509.h.in :: X509_REQ_extension_nid
  OK: x509.h :: X509_REQ_get_extensions
  OK: x509.h.in :: X509_REQ_get_extensions
  OK: x509.h :: X509_REVOKED_get0_serialNumber
  OK: x509.h.in :: X509_REVOKED_get0_serialNumber
  OK: x509.h :: X509_issuer_and_serial_cmp
  OK: x509.h.in :: X509_issuer_and_serial_cmp
  OK: x509.h :: X509_NAME_add_entry_by_OBJ
  OK: x509.h.in :: X509_NAME_add_entry_by_OBJ
  OK: x509.h :: X509_get_ext_by_critical
  OK: x509.h.in :: X509_get_ext_by_critical
  OK: x509.h :: X509_REVOKED_delete_ext+X509_REVOKED_get_ext_d2i
  OK: x509.h.in :: X509_REVOKED_delete_ext+X509_REVOKED_get_ext_d2i
  OK: x509.h :: X509at_get_attr_count
  OK: x509.h.in :: X509at_get_attr_count
  OK: x509.h :: EVP_PKEY_add1_attr_by_NID
  OK: x509.h.in :: EVP_PKEY_add1_attr_by_NID
  OK: x509.h :: PKCS5_pbe2_set
  OK: x509.h.in :: PKCS5_pbe2_set

OK=78 MISS=0
