=== batch 16: ssl.h + x509.h + x509_vfy.h + x509v3.h ===
  OK: ssl.h :: SSL_get0_peer_scts
  OK: ssl.h.in :: SSL_get0_peer_scts
  OK: ssl.h :: SSL_set_block_padding
  OK: ssl.h.in :: SSL_set_block_padding
  OK: ssl.h :: SSL_COMP_set0_compression_methods
  OK: ssl.h.in :: SSL_COMP_set0_compression_methods
  OK: ssl.h :: SSL_COMP_get_compression_methods
  OK: ssl.h.in :: SSL_COMP_get_compression_methods
  OK: ssl.h :: SSL_dane_clear_flags
  OK: ssl.h.in :: SSL_dane_clear_flags
  OK: ssl.h :: SSL_dane_enable
  OK: ssl.h.in :: SSL_dane_enable
  OK: ssl.h :: SSL_is_dtls
  OK: ssl.h.in :: SSL_is_dtls
  OK: ssl.h :: SSL_group_to_name
  OK: ssl.h.in :: SSL_group_to_name
  OK: x509.h :: PKCS8_pkey_get0_attrs
  OK: x509.h.in :: PKCS8_pkey_get0_attrs
  OK: x509.h :: PKCS8_pkey_set0
  OK: x509.h.in :: PKCS8_pkey_set0
  OK: x509.h :: PKCS5_pbkdf2_set
  OK: x509.h.in :: PKCS5_pbkdf2_set
  OK: x509.h :: PKCS5_pbe2_set_iv
  OK: x509.h.in :: PKCS5_pbe2_set_iv
  OK: x509.h :: EVP_PKEY_add1_attr_by_txt
  OK: x509.h.in :: EVP_PKEY_add1_attr_by_txt
  OK: x509.h :: EVP_PKEY_add1_attr
  OK: x509.h.in :: EVP_PKEY_add1_attr
  OK: x509.h :: EVP_PKEY_get_attr_count
  OK: x509.h.in :: EVP_PKEY_get_attr_count
  OK: x509.h :: X509_ATTRIBUTE_get0_type
  OK: x509.h.in :: X509_ATTRIBUTE_get0_type
  OK: x509.h :: X509_ATTRIBUTE_get0_object
  OK: x509.h.in :: X509_ATTRIBUTE_get0_object
  OK: x509.h :: X509_ATTRIBUTE_count
  OK: x509.h.in :: X509_ATTRIBUTE_count
  OK: x509.h :: X509at_add1_attr_by_txt
  OK: x509.h.in :: X509at_add1_attr_by_txt
  OK: x509.h :: X509at_add1_attr_by_OBJ
  OK: x509.h.in :: X509at_add1_attr_by_OBJ
  OK: x509.h :: X509at_get_attr_by_OBJ
  OK: x509.h.in :: X509at_get_attr_by_OBJ
  OK: x509.h :: X509_EXTENSION_set_object
  OK: x509.h.in :: X509_EXTENSION_set_object
  OK: x509.h :: X509_REVOKED_add_ext
  OK: x509.h.in :: X509_REVOKED_add_ext
  OK: x509.h :: X509_REVOKED_get_ext
  OK: x509.h.in :: X509_REVOKED_get_ext
  OK: x509.h :: X509_REVOKED_get_ext_by_critical
  OK: x509.h.in :: X509_REVOKED_get_ext_by_critical
  OK: x509.h :: X509_REVOKED_get_ext_by_OBJ
  OK: x509.h.in :: X509_REVOKED_get_ext_by_OBJ
  OK: x509.h :: X509_REVOKED_get_ext_by_NID
  OK: x509.h.in :: X509_REVOKED_get_ext_by_NID
  OK: x509.h :: X509_CRL_get_ext_d2i
  OK: x509.h.in :: X509_CRL_get_ext_d2i
  OK: x509.h :: X509_CRL_get_ext_by_OBJ
  OK: x509.h.in :: X509_CRL_get_ext_by_OBJ
  OK: x509.h :: X509_CRL_get_ext_count
  OK: x509.h.in :: X509_CRL_get_ext_count
  OK: x509.h :: X509_delete_ext
  OK: x509.h.in :: X509_delete_ext
  OK: x509.h :: X509v3_delete_ext
  OK: x509.h.in :: X509v3_delete_ext
  OK: x509.h :: X509_NAME_add_entry_by_txt
  OK: x509.h.in :: X509_NAME_add_entry_by_txt
  OK: x509.h :: X509_NAME_get_entry
  OK: x509.h.in :: X509_NAME_get_entry
  OK: x509.h :: X509_NAME_get_text_by_NID
  OK: x509.h.in :: X509_NAME_get_text_by_NID
  OK: x509.h :: X509_REQ_print_ex
  OK: x509.h.in :: X509_REQ_print_ex
  OK: x509.h :: X509_print
  OK: x509.h.in :: X509_print
  OK: x509.h :: X509_NAME_print_ex_fp
  OK: x509.h.in :: X509_NAME_print_ex_fp
  OK: x509.h :: X509_REQ_print_fp
  OK: x509.h.in :: X509_REQ_print_fp
  OK: x509.h :: X509_CRL_print_fp
  OK: x509.h.in :: X509_CRL_print_fp
  OK: x509.h :: X509_NAME_hash_old
  OK: x509.h.in :: X509_NAME_hash_old
  OK: x509.h :: X509_add_certs
  OK: x509.h.in :: X509_add_certs
  OK: x509.h :: X509_issuer_name_hash_old
  OK: x509.h.in :: X509_issuer_name_hash_old
  OK: x509.h :: X509_issuer_and_serial_hash
  OK: x509.h.in :: X509_issuer_and_serial_hash
  OK: x509.h :: OSSL_STACK_OF_X509_free
  OK: x509.h.in :: OSSL_STACK_OF_X509_free
  OK: x509.h :: X509_REQ_check_private_key
  OK: x509.h.in :: X509_REQ_check_private_key
  OK: x509.h :: X509_CRL_diff
  OK: x509.h.in :: X509_CRL_diff
  OK: x509.h :: X509_REVOKED_set_revocationDate
  OK: x509.h.in :: X509_REVOKED_set_revocationDate
  OK: x509.h :: X509_REVOKED_set_serialNumber
  OK: x509.h.in :: X509_REVOKED_set_serialNumber
  OK: x509.h :: X509_CRL_get_lastUpdate
  OK: x509.h.in :: X509_CRL_get_lastUpdate
  OK: x509.h :: X509_CRL_up_ref
  OK: x509.h.in :: X509_CRL_up_ref
  OK: x509.h :: X509_REQ_add1_attr_by_txt
  OK: x509.h.in :: X509_REQ_add1_attr_by_txt
  OK: x509.h :: X509_REQ_delete_attr
  OK: x509.h.in :: X509_REQ_delete_attr
  OK: x509.h :: X509_REQ_get_attr_by_OBJ
  OK: x509.h.in :: X509_REQ_get_attr_by_OBJ
  OK: x509.h :: X509_REQ_add_extensions
  OK: x509.h.in :: X509_REQ_add_extensions
  OK: x509.h :: X509_REQ_get_extension_nids
  OK: x509.h.in :: X509_REQ_get_extension_nids
  OK: x509.h :: X509_REQ_get_X509_PUBKEY
  OK: x509.h.in :: X509_REQ_get_X509_PUBKEY
  OK: x509.h :: X509_REQ_set0_signature
  OK: x509.h.in :: X509_REQ_set0_signature
  OK: x509.h :: X509_get0_pubkey_bitstr
  OK: x509.h.in :: X509_get0_pubkey_bitstr
  OK: x509.h :: X509_get_signature_type
  OK: x509.h.in :: X509_get_signature_type
  OK: x509.h :: X509_get_subject_name
  OK: x509.h.in :: X509_get_subject_name
  OK: x509.h :: X509_set_issuer_name
  OK: x509.h.in :: X509_set_issuer_name
  OK: x509.h :: X509_NAME_oneline
  OK: x509.h.in :: X509_NAME_oneline
  OK: x509.h :: X509_set0_distinguishing_id
  OK: x509.h.in :: X509_set0_distinguishing_id
  OK: x509.h :: X509_get_ex_data
  OK: x509.h.in :: X509_get_ex_data
  OK: x509.h :: X509_set_ex_data
  OK: x509.h.in :: X509_set_ex_data
  OK: x509.h :: X509_REQ_new_ex
  OK: x509.h.in :: X509_REQ_new_ex
  OK: x509.h :: X509_PUBKEY_new_ex
  OK: x509.h.in :: X509_PUBKEY_new_ex
  OK: x509.h :: X509_get_default_cert_file_env
  OK: x509.h.in :: X509_get_default_cert_file_env
  OK: x509.h :: d2i_X509_REQ_bio
  OK: x509.h.in :: d2i_X509_REQ_bio
  OK: x509_vfy.h :: X509_VERIFY_PARAM_get0
  OK: x509_vfy.h.in :: X509_VERIFY_PARAM_get0
  OK: x509_vfy.h :: X509_VERIFY_PARAM_set_depth
  OK: x509_vfy.h.in :: X509_VERIFY_PARAM_set_depth
  OK: x509_vfy.h :: X509_LOOKUP_shutdown
  OK: x509_vfy.h.in :: X509_LOOKUP_shutdown
  OK: x509_vfy.h :: X509_LOOKUP_meth_get_get_by_fingerprint
  OK: x509_vfy.h.in :: X509_LOOKUP_meth_get_get_by_fingerprint
  OK: x509_vfy.h :: X509_LOOKUP_file
  OK: x509_vfy.h.in :: X509_LOOKUP_file
  OK: x509_vfy.h :: X509_STORE_set_get_crl
  OK: x509_vfy.h.in :: X509_STORE_set_get_crl
  OK: x509_vfy.h :: X509_STORE_get_verify
  OK: x509_vfy.h.in :: X509_STORE_get_verify
  OK: x509v3.h :: X509V3_get_string
  OK: x509v3.h.in :: X509V3_get_string
  OK: x509v3.h :: POLICY_MAPPINGS
  OK: x509v3.h.in :: POLICY_MAPPINGS

OK: 158  MISS: 0
