  OK: evp.h :: EVP_md5_sha1
  OK: evp.h :: EVP_blake2b512
  OK: evp.h :: EVP_sha384
  OK: evp.h :: EVP_mdc2
  OK: evp.h :: EVP_ripemd160
  OK: evp.h :: EVP_sm3
  OK: evp.h :: EVP_enc_null
  OK: evp.h :: EVP_des_ede
  OK: evp.h :: EVP_des_ede_ecb
  OK: evp.h :: EVP_des_ede3_ecb
  OK: evp.h :: EVP_des_ede3_cfb1
  OK: evp.h :: EVP_des_ede3_cfb8
  OK: evp.h :: EVP_des_ede3_ofb
  OK: evp.h :: EVP_idea_ofb
  OK: evp.h :: EVP_bf_cfb64
  OK: evp.h :: EVP_aes_128_cfb1
  OK: evp.h :: EVP_aes_128_cfb128
  OK: evp.h :: EVP_aes_128_ofb
  OK: evp.h :: EVP_aes_128_xts
  OK: evp.h :: EVP_aes_192_ofb
  OK: evp.h :: EVP_aes_192_ccm
  OK: evp.h :: EVP_aes_256_cbc
  OK: evp.h :: EVP_aes_256_ofb
  OK: evp.h :: EVP_aes_256_gcm
  OK: evp.h :: EVP_aes_256_wrap
  OK: evp.h :: EVP_aes_256_wrap_pad
  OK: evp.h :: EVP_aes_128_cbc_hmac_sha256
  OK: evp.h :: EVP_aes_256_cbc_hmac_sha256
  OK: evp.h :: EVP_aria_128_ctr
  OK: evp.h :: EVP_aria_128_ccm
  OK: evp.h :: EVP_aria_192_ecb
  OK: evp.h :: EVP_aria_192_ofb
  OK: evp.h :: EVP_aria_192_ccm
  OK: evp.h :: EVP_aria_256_cbc
  OK: evp.h :: EVP_aria_256_cfb128
  OK: evp.h :: EVP_aria_256_ofb
  OK: evp.h :: EVP_aria_256_gcm
  OK: evp.h :: EVP_camellia_192_ecb
  OK: evp.h :: EVP_camellia_192_cfb8
  OK: evp.h :: EVP_camellia_192_ctr
  OK: evp.h :: EVP_camellia_256_ctr
  OK: evp.h :: EVP_seed_cfb128
  OK: evp.h :: EVP_sm4_cbc
  OK: evp.h :: EVP_sm4_cfb128
  OK: evp.h :: EVP_sm4_ctr
  OK: evp.h :: EVP_CIPHER_meth_set_iv_length
  OK: evp.h :: EVP_MD_gettable_ctx_params
  OK: evp.h :: EVP_CIPHER_CTX_set_flags
  OK: evp.h :: EVP_EncryptInit_ex
  OK: evp.h :: EVP_EncryptFinal_ex
  OK: evp.h :: EVP_DecryptInit_ex
  OK: evp.h :: EVP_CipherInit
  OK: evp.h :: EVP_CipherFinal
  OK: evp.h :: EVP_CipherFinal_ex
  OK: evp.h :: EVP_SignFinal
  OK: evp.h :: EVP_SignFinal_ex
  OK: evp.h :: EVP_DigestSign
  OK: evp.h :: EVP_DigestVerifyFinal
  OK: evp.h :: EVP_OpenFinal
  OK: evp.h :: EVP_SealInit
  OK: evp.h :: EVP_ENCODE_CTX_copy
  OK: evp.h :: EVP_ENCODE_CTX_num
  OK: evp.h :: EVP_EncodeUpdate
  OK: evp.h :: EVP_EncodeFinal
  OK: evp.h :: EVP_CIPHER_CTX_rand_key
  OK: evp.h :: EVP_CIPHER_gettable_params
  OK: evp.h :: BIO_f_reliable
  OK: evp.h :: EVP_add_cipher
  OK: evp.h :: EVP_add_digest
  OK: evp.h :: EVP_CIPHER_do_all
  OK: evp.h :: EVP_CIPHER_do_all_sorted
  OK: evp.h :: EVP_MAC_fetch
  OK: evp.h :: EVP_MAC_free
  OK: evp.h :: EVP_MAC_get0_description
  OK: evp.h :: EVP_MAC_CTX_free
  OK: evp.h :: EVP_MAC_CTX_get0_mac
  OK: evp.h :: EVP_MAC_CTX_get_params
  OK: evp.h :: EVP_MAC_CTX_get_block_size
  OK: evp.h :: EVP_MAC_finalXOF
  OK: evp.h :: EVP_MAC_gettable_ctx_params
  OK: evp.h :: EVP_MAC_CTX_gettable_params
  OK: evp.h :: EVP_PKEY_type_names_do_all
  OK: evp.h :: EVP_PKEY_save_parameters
  OK: evp.h :: EVP_PKEY_eq
  OK: evp.h :: EVP_PKEY_get_default_digest_nid
  OK: evp.h :: PKCS5_v2_PBE_keyivgen
  OK: evp.h :: EVP_PBE_find
  OK: evp.h :: EVP_PKEY_meth_find
  OK: evp.h :: EVP_PKEY_CTX_new
  OK: evp.h :: EVP_PKEY_CTX_new_from_name
  OK: evp.h :: EVP_PKEY_CTX_set0_keygen_info
  OK: evp.h :: EVP_PKEY_CTX_set_app_data
  OK: evp.h :: EVP_ASYM_CIPHER_free
  OK: evp.h :: EVP_ASYM_CIPHER_get0_name
  OK: evp.h :: EVP_ASYM_CIPHER_do_all_provided
  OK: evp.h :: EVP_ASYM_CIPHER_gettable_ctx_params
  OK: evp.h :: EVP_PKEY_derive
  OK: evp.h :: EVP_PKEY_auth_decapsulate_init
  OK: evp.h :: EVP_PKEY_fromdata_settable
  OK: evp.h :: EVP_PKEY_meth_set_digestverify
  OK: evp.h :: EVP_PKEY_meth_get_ctrl
  OK: evp.h :: EVP_PKEY_CTX_get0_propq

Done: 102 ok, 0 missing
