[0;37m/opt/homebrew/opt/llvm/bin/clang -v -E -x c++ -
[0m[0;37mExtracting declarations
[0m[0;37mFinalizing corpus
[0m/Users/alandefreitas/Documents/Code/C++/mrdocs/local/demo-forks/openssl/include/openssl/aes.h:141:1:
    1) AES_ige_encrypt: function is undocumented
  141 | OSSL_DEPRECATEDIN_3_0
      | ^~~~~~~~~~~~~~~~~~~~~


An issue occurred during execution.
If you believe this is a bug, please report it at https://github.com/cppalliance/mrdocs/issues
with the following details:
    MrDocs Version: 0.8.0 (Build: f7beda42e309703f5bdd8c6dfe1f6244ce626118)
    Reported From: `src/mrdocs/Metadata/Finalizers/DocCommentFinalizer.cpp` at line 1658

/Users/alandefreitas/Documents/Code/C++/mrdocs/local/demo-forks/openssl/include/openssl/aes.h:135:1:
    1) AES_ofb128_encrypt: function is undocumented
  135 | OSSL_DEPRECATEDIN_3_0
      | ^~~~~~~~~~~~~~~~~~~~~


An issue occurred during execution.
If you believe this is a bug, please report it at https://github.com/cppalliance/mrdocs/issues
with the following details:
    MrDocs Version: 0.8.0 (Build: f7beda42e309703f5bdd8c6dfe1f6244ce626118)
    Reported From: `src/mrdocs/Metadata/Finalizers/DocCommentFinalizer.cpp` at line 1658

/Users/alandefreitas/Documents/Code/C++/mrdocs/local/demo-forks/openssl/include/openssl/aes.h:117:1:
    1) AES_cfb1_encrypt: function is undocumented
  117 | OSSL_DEPRECATEDIN_3_0
      | ^~~~~~~~~~~~~~~~~~~~~


An issue occurred during execution.
If you believe this is a bug, please report it at https://github.com/cppalliance/mrdocs/issues
with the following details:
    MrDocs Version: 0.8.0 (Build: f7beda42e309703f5bdd8c6dfe1f6244ce626118)
    Reported From: `src/mrdocs/Metadata/Finalizers/DocCommentFinalizer.cpp` at line 1658

/Users/alandefreitas/Documents/Code/C++/mrdocs/local/demo-forks/openssl/include/openssl/aes.h:77:1:
    1) AES_decrypt: function is undocumented
  77 | OSSL_DEPRECATEDIN_3_0
     | ^~~~~~~~~~~~~~~~~~~~~


An issue occurred during execution.
If you believe this is a bug, please report it at https://github.com/cppalliance/mrdocs/issues
with the following details:
    MrDocs Version: 0.8.0 (Build: f7beda42e309703f5bdd8c6dfe1f6244ce626118)
    Reported From: `src/mrdocs/Metadata/Finalizers/DocCommentFinalizer.cpp` at line 1658

/Users/alandefreitas/Documents/Code/C++/mrdocs/local/demo-forks/openssl/include/openssl/aes.h:55:1:
    1) AES_set_encrypt_key: function is undocumented
  55 | OSSL_DEPRECATEDIN_3_0
     | ^~~~~~~~~~~~~~~~~~~~~


An issue occurred during execution.
If you believe this is a bug, please report it at https://github.com/cppalliance/mrdocs/issues
with the following details:
    MrDocs Version: 0.8.0 (Build: f7beda42e309703f5bdd8c6dfe1f6244ce626118)
    Reported From: `src/mrdocs/Metadata/Finalizers/DocCommentFinalizer.cpp` at line 1658

/Users/alandefreitas/Documents/Code/C++/mrdocs/local/demo-forks/openssl/include/openssl/aes.h:54:1:
    1) AES_options: function is undocumented
  54 | OSSL_DEPRECATEDIN_3_0 const char *AES_options(void);
     | ^~~~~~~~~~~~~~~~~~~~~~~~~~~~~~~~~~~~~~~~~~~~~~~~~~~~


An issue occurred during execution.
If you believe this is a bug, please report it at https://github.com/cppalliance/mrdocs/issues
with the following details:
    MrDocs Version: 0.8.0 (Build: f7beda42e309703f5bdd8c6dfe1f6244ce626118)
    Reported From: `src/mrdocs/Metadata/Finalizers/DocCommentFinalizer.cpp` at line 1658

/Users/alandefreitas/Documents/Code/C++/mrdocs/local/demo-forks/openssl/include/openssl/aes.h:50:1:
    1) AES_KEY: typedef is undocumented
  50 | typedef struct aes_key_st AES_KEY;
     | ^~~~~~~~~~~~~~~~~~~~~~~~~~~~~~~~~~


An issue occurred during execution.
If you believe this is a bug, please report it at https://github.com/cppalliance/mrdocs/issues
with the following details:
    MrDocs Version: 0.8.0 (Build: f7beda42e309703f5bdd8c6dfe1f6244ce626118)
    Reported From: `src/mrdocs/Metadata/Finalizers/DocCommentFinalizer.cpp` at line 1658

/Users/alandefreitas/Documents/Code/C++/mrdocs/local/demo-forks/openssl/include/openssl/blowfish.h:75:1:
    1) BF_ecb_encrypt: function is undocumented
  75 | OSSL_DEPRECATEDIN_3_0 void BF_ecb_encrypt(const unsigned char *in,
     | ^~~~~~~~~~~~~~~~~~~~~~~~~~~~~~~~~~~~~~~~~~~~~~~~~~~~~~~~~~~~~~~~~~


An issue occurred during execution.
If you believe this is a bug, please report it at https://github.com/cppalliance/mrdocs/issues
with the following details:
    MrDocs Version: 0.8.0 (Build: f7beda42e309703f5bdd8c6dfe1f6244ce626118)
    Reported From: `src/mrdocs/Metadata/Finalizers/DocCommentFinalizer.cpp` at line 1658

/Users/alandefreitas/Documents/Code/C++/mrdocs/local/demo-forks/openssl/include/openssl/bn.h:1420:1:
    1) BN_BLINDING_invert_ex: Documented parameter 'ctx' does not exist
    2) BN_BLINDING_invert_ex: 4th parameter is unnamed
  1420 | int BN_BLINDING_invert_ex(BIGNUM *n, const BIGNUM *r, BN_BLINDING *b,
       | ^~~~~~~~~~~~~~~~~~~~~~~~~~~~~~~~~~~~~~~~~~~~~~~~~~~~~~~~~~~~~~~~~~~~~


An issue occurred during execution.
If you believe this is a bug, please report it at https://github.com/cppalliance/mrdocs/issues
with the following details:
    MrDocs Version: 0.8.0 (Build: f7beda42e309703f5bdd8c6dfe1f6244ce626118)
    Reported From: `src/mrdocs/Metadata/Finalizers/DocCommentFinalizer.cpp` at line 1658

/Users/alandefreitas/Documents/Code/C++/mrdocs/local/demo-forks/openssl/include/openssl/camellia.h:178:1:
    1) Camellia_ofb128_encrypt: function is undocumented
  178 | OSSL_DEPRECATEDIN_3_0 void Camellia_ofb128_encrypt(const unsigned char *in,
      | ^~~~~~~~~~~~~~~~~~~~~~~~~~~~~~~~~~~~~~~~~~~~~~~~~~~~~~~~~~~~~~~~~~~~~~~~~~~


An issue occurred during execution.
If you believe this is a bug, please report it at https://github.com/cppalliance/mrdocs/issues
with the following details:
    MrDocs Version: 0.8.0 (Build: f7beda42e309703f5bdd8c6dfe1f6244ce626118)
    Reported From: `src/mrdocs/Metadata/Finalizers/DocCommentFinalizer.cpp` at line 1658

/Users/alandefreitas/Documents/Code/C++/mrdocs/local/demo-forks/openssl/include/openssl/cast.h:82:1:
    1) CAST_ofb64_encrypt: function is undocumented
  82 | OSSL_DEPRECATEDIN_3_0
     | ^~~~~~~~~~~~~~~~~~~~~


An issue occurred during execution.
If you believe this is a bug, please report it at https://github.com/cppalliance/mrdocs/issues
with the following details:
    MrDocs Version: 0.8.0 (Build: f7beda42e309703f5bdd8c6dfe1f6244ce626118)
    Reported From: `src/mrdocs/Metadata/Finalizers/DocCommentFinalizer.cpp` at line 1658

/Users/alandefreitas/Documents/Code/C++/mrdocs/local/demo-forks/openssl/include/openssl/cast.h:64:1:
    1) CAST_cbc_encrypt: function is undocumented
  64 | OSSL_DEPRECATEDIN_3_0
     | ^~~~~~~~~~~~~~~~~~~~~


An issue occurred during execution.
If you believe this is a bug, please report it at https://github.com/cppalliance/mrdocs/issues
with the following details:
    MrDocs Version: 0.8.0 (Build: f7beda42e309703f5bdd8c6dfe1f6244ce626118)
    Reported From: `src/mrdocs/Metadata/Finalizers/DocCommentFinalizer.cpp` at line 1658

/Users/alandefreitas/Documents/Code/C++/mrdocs/local/demo-forks/openssl/include/openssl/cast.h:62:1:
    1) CAST_decrypt: function is undocumented
  62 | OSSL_DEPRECATEDIN_3_0
     | ^~~~~~~~~~~~~~~~~~~~~


An issue occurred during execution.
If you believe this is a bug, please report it at https://github.com/cppalliance/mrdocs/issues
with the following details:
    MrDocs Version: 0.8.0 (Build: f7beda42e309703f5bdd8c6dfe1f6244ce626118)
    Reported From: `src/mrdocs/Metadata/Finalizers/DocCommentFinalizer.cpp` at line 1658

/Users/alandefreitas/Documents/Code/C++/mrdocs/local/demo-forks/openssl/include/openssl/cast.h:60:1:
    1) CAST_encrypt: function is undocumented
  60 | OSSL_DEPRECATEDIN_3_0
     | ^~~~~~~~~~~~~~~~~~~~~


An issue occurred during execution.
If you believe this is a bug, please report it at https://github.com/cppalliance/mrdocs/issues
with the following details:
    MrDocs Version: 0.8.0 (Build: f7beda42e309703f5bdd8c6dfe1f6244ce626118)
    Reported From: `src/mrdocs/Metadata/Finalizers/DocCommentFinalizer.cpp` at line 1658

/Users/alandefreitas/Documents/Code/C++/mrdocs/local/demo-forks/openssl/include/openssl/cast.h:48:1:
    1) CAST_set_key: function is undocumented
  48 | OSSL_DEPRECATEDIN_3_0
     | ^~~~~~~~~~~~~~~~~~~~~


An issue occurred during execution.
If you believe this is a bug, please report it at https://github.com/cppalliance/mrdocs/issues
with the following details:
    MrDocs Version: 0.8.0 (Build: f7beda42e309703f5bdd8c6dfe1f6244ce626118)
    Reported From: `src/mrdocs/Metadata/Finalizers/DocCommentFinalizer.cpp` at line 1658

/Users/alandefreitas/Documents/Code/C++/mrdocs/local/demo-forks/openssl/include/openssl/cmac.h:93:1:
    1) CMAC_resume: function is undocumented
  93 | OSSL_DEPRECATEDIN_3_0 int CMAC_resume(CMAC_CTX *ctx);
     | ^~~~~~~~~~~~~~~~~~~~~~~~~~~~~~~~~~~~~~~~~~~~~~~~~~~~~


An issue occurred during execution.
If you believe this is a bug, please report it at https://github.com/cppalliance/mrdocs/issues
with the following details:
    MrDocs Version: 0.8.0 (Build: f7beda42e309703f5bdd8c6dfe1f6244ce626118)
    Reported From: `src/mrdocs/Metadata/Finalizers/DocCommentFinalizer.cpp` at line 1658

/Users/alandefreitas/Documents/Code/C++/mrdocs/local/demo-forks/openssl/include/openssl/cmp.h:278:1:
    1) OSSL_CMP_MSG_free: Documented parameter 'msg' does not exist
  278 | void OSSL_CMP_MSG_free(OSSL_CMP_MSG *a);
      | ^~~~~~~~~~~~~~~~~~~~~~~~~~~~~~~~~~~~~~~~


An issue occurred during execution.
If you believe this is a bug, please report it at https://github.com/cppalliance/mrdocs/issues
with the following details:
    MrDocs Version: 0.8.0 (Build: f7beda42e309703f5bdd8c6dfe1f6244ce626118)
    Reported From: `src/mrdocs/Metadata/Finalizers/DocCommentFinalizer.cpp` at line 1658

/Users/alandefreitas/Documents/Code/C++/mrdocs/local/demo-forks/openssl/include/openssl/conf.h:405:1:
    1) CONF_modules_unload: function is undocumented
  405 | void CONF_modules_unload(int all);
      | ^~~~~~~~~~~~~~~~~~~~~~~~~~~~~~~~~~


An issue occurred during execution.
If you believe this is a bug, please report it at https://github.com/cppalliance/mrdocs/issues
with the following details:
    MrDocs Version: 0.8.0 (Build: f7beda42e309703f5bdd8c6dfe1f6244ce626118)
    Reported From: `src/mrdocs/Metadata/Finalizers/DocCommentFinalizer.cpp` at line 1658

/Users/alandefreitas/Documents/Code/C++/mrdocs/local/demo-forks/openssl/include/openssl/core.h:245:1:
    1) OSSL_provider_init: Missing documentation for return value
    2) OSSL_provider_init: 1st parameter is unnamed
    3) OSSL_provider_init: 2nd parameter is unnamed
    4) OSSL_provider_init: 3rd parameter is unnamed
    5) OSSL_provider_init: 4th parameter is unnamed
  245 | OPENSSL_EXPORT OSSL_provider_init_fn OSSL_provider_init;
      | ^~~~~~~~~~~~~~~~~~~~~~~~~~~~~~~~~~~~~~~~~~~~~~~~~~~~~~~~


An issue occurred during execution.
If you believe this is a bug, please report it at https://github.com/cppalliance/mrdocs/issues
with the following details:
    MrDocs Version: 0.8.0 (Build: f7beda42e309703f5bdd8c6dfe1f6244ce626118)
    Reported From: `src/mrdocs/Metadata/Finalizers/DocCommentFinalizer.cpp` at line 1658

/Users/alandefreitas/Documents/Code/C++/mrdocs/local/demo-forks/openssl/include/openssl/cryptoerr_legacy.h:187:1:
    1) ERR_load_X509V3_strings: function is undocumented
  187 | OSSL_DEPRECATEDIN_3_0 int ERR_load_X509V3_strings(void);
      | ^~~~~~~~~~~~~~~~~~~~~~~~~~~~~~~~~~~~~~~~~~~~~~~~~~~~~~~~


An issue occurred during execution.
If you believe this is a bug, please report it at https://github.com/cppalliance/mrdocs/issues
with the following details:
    MrDocs Version: 0.8.0 (Build: f7beda42e309703f5bdd8c6dfe1f6244ce626118)
    Reported From: `src/mrdocs/Metadata/Finalizers/DocCommentFinalizer.cpp` at line 1658

/Users/alandefreitas/Documents/Code/C++/mrdocs/local/demo-forks/openssl/include/openssl/des.h:318:1:
    1) DES_string_to_2keys: function is undocumented
  318 | OSSL_DEPRECATEDIN_3_0
      | ^~~~~~~~~~~~~~~~~~~~~


An issue occurred during execution.
If you believe this is a bug, please report it at https://github.com/cppalliance/mrdocs/issues
with the following details:
    MrDocs Version: 0.8.0 (Build: f7beda42e309703f5bdd8c6dfe1f6244ce626118)
    Reported From: `src/mrdocs/Metadata/Finalizers/DocCommentFinalizer.cpp` at line 1658

/Users/alandefreitas/Documents/Code/C++/mrdocs/local/demo-forks/openssl/include/openssl/des.h:310:1:
    1) DES_set_key_unchecked: function is undocumented
  310 | OSSL_DEPRECATEDIN_3_0
      | ^~~~~~~~~~~~~~~~~~~~~


An issue occurred during execution.
If you believe this is a bug, please report it at https://github.com/cppalliance/mrdocs/issues
with the following details:
    MrDocs Version: 0.8.0 (Build: f7beda42e309703f5bdd8c6dfe1f6244ce626118)
    Reported From: `src/mrdocs/Metadata/Finalizers/DocCommentFinalizer.cpp` at line 1658

/Users/alandefreitas/Documents/Code/C++/mrdocs/local/demo-forks/openssl/include/openssl/des.h:308:1:
    1) DES_set_key_checked: function is undocumented
  308 | OSSL_DEPRECATEDIN_3_0
      | ^~~~~~~~~~~~~~~~~~~~~


An issue occurred during execution.
If you believe this is a bug, please report it at https://github.com/cppalliance/mrdocs/issues
with the following details:
    MrDocs Version: 0.8.0 (Build: f7beda42e309703f5bdd8c6dfe1f6244ce626118)
    Reported From: `src/mrdocs/Metadata/Finalizers/DocCommentFinalizer.cpp` at line 1658

/Users/alandefreitas/Documents/Code/C++/mrdocs/local/demo-forks/openssl/include/openssl/des.h:268:1:
    1) DES_random_key: function is undocumented
  268 | OSSL_DEPRECATEDIN_3_0 int DES_random_key(DES_cblock *ret);
      | ^~~~~~~~~~~~~~~~~~~~~~~~~~~~~~~~~~~~~~~~~~~~~~~~~~~~~~~~~~


An issue occurred during execution.
If you believe this is a bug, please report it at https://github.com/cppalliance/mrdocs/issues
with the following details:
    MrDocs Version: 0.8.0 (Build: f7beda42e309703f5bdd8c6dfe1f6244ce626118)
    Reported From: `src/mrdocs/Metadata/Finalizers/DocCommentFinalizer.cpp` at line 1658

/Users/alandefreitas/Documents/Code/C++/mrdocs/local/demo-forks/openssl/include/openssl/des.h:265:1:
    1) DES_quad_cksum: function is undocumented
  265 | OSSL_DEPRECATEDIN_3_0
      | ^~~~~~~~~~~~~~~~~~~~~


An issue occurred during execution.
If you believe this is a bug, please report it at https://github.com/cppalliance/mrdocs/issues
with the following details:
    MrDocs Version: 0.8.0 (Build: f7beda42e309703f5bdd8c6dfe1f6244ce626118)
    Reported From: `src/mrdocs/Metadata/Finalizers/DocCommentFinalizer.cpp` at line 1658

/Users/alandefreitas/Documents/Code/C++/mrdocs/local/demo-forks/openssl/include/openssl/des.h:249:1:
    1) DES_ofb_encrypt: function is undocumented
  249 | OSSL_DEPRECATEDIN_3_0
      | ^~~~~~~~~~~~~~~~~~~~~


An issue occurred during execution.
If you believe this is a bug, please report it at https://github.com/cppalliance/mrdocs/issues
with the following details:
    MrDocs Version: 0.8.0 (Build: f7beda42e309703f5bdd8c6dfe1f6244ce626118)
    Reported From: `src/mrdocs/Metadata/Finalizers/DocCommentFinalizer.cpp` at line 1658

/Users/alandefreitas/Documents/Code/C++/mrdocs/local/demo-forks/openssl/include/openssl/des.h:247:1:
    1) DES_crypt: function is undocumented
  247 | OSSL_DEPRECATEDIN_3_0
      | ^~~~~~~~~~~~~~~~~~~~~


An issue occurred during execution.
If you believe this is a bug, please report it at https://github.com/cppalliance/mrdocs/issues
with the following details:
    MrDocs Version: 0.8.0 (Build: f7beda42e309703f5bdd8c6dfe1f6244ce626118)
    Reported From: `src/mrdocs/Metadata/Finalizers/DocCommentFinalizer.cpp` at line 1658

/Users/alandefreitas/Documents/Code/C++/mrdocs/local/demo-forks/openssl/include/openssl/des.h:233:1:
    1) DES_ede3_ofb64_encrypt: function is undocumented
  233 | OSSL_DEPRECATEDIN_3_0
      | ^~~~~~~~~~~~~~~~~~~~~


An issue occurred during execution.
If you believe this is a bug, please report it at https://github.com/cppalliance/mrdocs/issues
with the following details:
    MrDocs Version: 0.8.0 (Build: f7beda42e309703f5bdd8c6dfe1f6244ce626118)
    Reported From: `src/mrdocs/Metadata/Finalizers/DocCommentFinalizer.cpp` at line 1658

/Users/alandefreitas/Documents/Code/C++/mrdocs/local/demo-forks/openssl/include/openssl/des.h:228:1:
    1) DES_ede3_cfb_encrypt: function is undocumented
  228 | OSSL_DEPRECATEDIN_3_0
      | ^~~~~~~~~~~~~~~~~~~~~


An issue occurred during execution.
If you believe this is a bug, please report it at https://github.com/cppalliance/mrdocs/issues
with the following details:
    MrDocs Version: 0.8.0 (Build: f7beda42e309703f5bdd8c6dfe1f6244ce626118)
    Reported From: `src/mrdocs/Metadata/Finalizers/DocCommentFinalizer.cpp` at line 1658

/Users/alandefreitas/Documents/Code/C++/mrdocs/local/demo-forks/openssl/include/openssl/des.h:192:1:
    1) DES_decrypt3: function is undocumented
  192 | OSSL_DEPRECATEDIN_3_0
      | ^~~~~~~~~~~~~~~~~~~~~


An issue occurred during execution.
If you believe this is a bug, please report it at https://github.com/cppalliance/mrdocs/issues
with the following details:
    MrDocs Version: 0.8.0 (Build: f7beda42e309703f5bdd8c6dfe1f6244ce626118)
    Reported From: `src/mrdocs/Metadata/Finalizers/DocCommentFinalizer.cpp` at line 1658

/Users/alandefreitas/Documents/Code/C++/mrdocs/local/demo-forks/openssl/include/openssl/des.h:128:1:
    1) DES_cfb_encrypt: function is undocumented
  128 | OSSL_DEPRECATEDIN_3_0
      | ^~~~~~~~~~~~~~~~~~~~~


An issue occurred during execution.
If you believe this is a bug, please report it at https://github.com/cppalliance/mrdocs/issues
with the following details:
    MrDocs Version: 0.8.0 (Build: f7beda42e309703f5bdd8c6dfe1f6244ce626118)
    Reported From: `src/mrdocs/Metadata/Finalizers/DocCommentFinalizer.cpp` at line 1658

/Users/alandefreitas/Documents/Code/C++/mrdocs/local/demo-forks/openssl/include/openssl/des.h:124:1:
    1) DES_xcbc_encrypt: function is undocumented
  124 | OSSL_DEPRECATEDIN_3_0
      | ^~~~~~~~~~~~~~~~~~~~~


An issue occurred during execution.
If you believe this is a bug, please report it at https://github.com/cppalliance/mrdocs/issues
with the following details:
    MrDocs Version: 0.8.0 (Build: f7beda42e309703f5bdd8c6dfe1f6244ce626118)
    Reported From: `src/mrdocs/Metadata/Finalizers/DocCommentFinalizer.cpp` at line 1658

/Users/alandefreitas/Documents/Code/C++/mrdocs/local/demo-forks/openssl/include/openssl/des.h:107:1:
    1) DES_cbc_encrypt: function is undocumented
  107 | OSSL_DEPRECATEDIN_3_0
      | ^~~~~~~~~~~~~~~~~~~~~


An issue occurred during execution.
If you believe this is a bug, please report it at https://github.com/cppalliance/mrdocs/issues
with the following details:
    MrDocs Version: 0.8.0 (Build: f7beda42e309703f5bdd8c6dfe1f6244ce626118)
    Reported From: `src/mrdocs/Metadata/Finalizers/DocCommentFinalizer.cpp` at line 1658

/Users/alandefreitas/Documents/Code/C++/mrdocs/local/demo-forks/openssl/include/openssl/des.h:100:1:
    1) DES_cbc_cksum: function is undocumented
  100 | OSSL_DEPRECATEDIN_3_0
      | ^~~~~~~~~~~~~~~~~~~~~


An issue occurred during execution.
If you believe this is a bug, please report it at https://github.com/cppalliance/mrdocs/issues
with the following details:
    MrDocs Version: 0.8.0 (Build: f7beda42e309703f5bdd8c6dfe1f6244ce626118)
    Reported From: `src/mrdocs/Metadata/Finalizers/DocCommentFinalizer.cpp` at line 1658

/Users/alandefreitas/Documents/Code/C++/mrdocs/local/demo-forks/openssl/include/openssl/des.h:96:1:
    1) DES_ecb3_encrypt: function is undocumented
  96 | OSSL_DEPRECATEDIN_3_0
     | ^~~~~~~~~~~~~~~~~~~~~


An issue occurred during execution.
If you believe this is a bug, please report it at https://github.com/cppalliance/mrdocs/issues
with the following details:
    MrDocs Version: 0.8.0 (Build: f7beda42e309703f5bdd8c6dfe1f6244ce626118)
    Reported From: `src/mrdocs/Metadata/Finalizers/DocCommentFinalizer.cpp` at line 1658

/Users/alandefreitas/Documents/Code/C++/mrdocs/local/demo-forks/openssl/include/openssl/dh.h:339:1:
    1) DHparams_dup: Documented parameter 'x' does not exist
    2) DHparams_dup: Missing documentation for parameter 'a'
  339 | DECLARE_ASN1_DUP_FUNCTION_name_attr(OSSL_DEPRECATEDIN_3_0, DH, DHparams)
      | ^~~~~~~~~~~~~~~~~~~~~~~~~~~~~~~~~~~~~~~~~~~~~~~~~~~~~~~~~~~~~~~~~~~~~~~~


An issue occurred during execution.
If you believe this is a bug, please report it at https://github.com/cppalliance/mrdocs/issues
with the following details:
    MrDocs Version: 0.8.0 (Build: f7beda42e309703f5bdd8c6dfe1f6244ce626118)
    Reported From: `src/mrdocs/Metadata/Finalizers/DocCommentFinalizer.cpp` at line 1658

/Users/alandefreitas/Documents/Code/C++/mrdocs/local/demo-forks/openssl/include/openssl/ec.h:1740:1:
    1) ECDSA_SIG_set0: Missing documentation for return value
  1740 | int ECDSA_SIG_set0(ECDSA_SIG *sig, BIGNUM *r, BIGNUM *s);
       | ^~~~~~~~~~~~~~~~~~~~~~~~~~~~~~~~~~~~~~~~~~~~~~~~~~~~~~~~~


An issue occurred during execution.
If you believe this is a bug, please report it at https://github.com/cppalliance/mrdocs/issues
with the following details:
    MrDocs Version: 0.8.0 (Build: f7beda42e309703f5bdd8c6dfe1f6244ce626118)
    Reported From: `src/mrdocs/Metadata/Finalizers/DocCommentFinalizer.cpp` at line 1658

/Users/alandefreitas/Documents/Code/C++/mrdocs/local/demo-forks/openssl/include/openssl/ec.h:1733:1:
    1) ECDSA_SIG_get0_s: Missing documentation for return value
  1733 | const BIGNUM *ECDSA_SIG_get0_s(const ECDSA_SIG *sig);
       | ^~~~~~~~~~~~~~~~~~~~~~~~~~~~~~~~~~~~~~~~~~~~~~~~~~~~~


An issue occurred during execution.
If you believe this is a bug, please report it at https://github.com/cppalliance/mrdocs/issues
with the following details:
    MrDocs Version: 0.8.0 (Build: f7beda42e309703f5bdd8c6dfe1f6244ce626118)
    Reported From: `src/mrdocs/Metadata/Finalizers/DocCommentFinalizer.cpp` at line 1658

/Users/alandefreitas/Documents/Code/C++/mrdocs/local/demo-forks/openssl/include/openssl/ec.h:1728:1:
    1) ECDSA_SIG_get0_r: Missing documentation for return value
  1728 | const BIGNUM *ECDSA_SIG_get0_r(const ECDSA_SIG *sig);
       | ^~~~~~~~~~~~~~~~~~~~~~~~~~~~~~~~~~~~~~~~~~~~~~~~~~~~~


An issue occurred during execution.
If you believe this is a bug, please report it at https://github.com/cppalliance/mrdocs/issues
with the following details:
    MrDocs Version: 0.8.0 (Build: f7beda42e309703f5bdd8c6dfe1f6244ce626118)
    Reported From: `src/mrdocs/Metadata/Finalizers/DocCommentFinalizer.cpp` at line 1658

/Users/alandefreitas/Documents/Code/C++/mrdocs/local/demo-forks/openssl/include/openssl/ec.h:1708:1:
    1) d2i_ECDSA_SIG: Documented parameter 'pp' does not exist
    2) d2i_ECDSA_SIG: Documented parameter 'sig' does not exist
    3) i2d_ECDSA_SIG: Documented parameter 'pp' does not exist
    4) i2d_ECDSA_SIG: Documented parameter 'sig' does not exist
    5) d2i_ECDSA_SIG: Missing documentation for parameter 'a'
    6) d2i_ECDSA_SIG: Missing documentation for parameter 'in'
    7) d2i_ECDSA_SIG: Missing documentation for parameter 'len'
    8) i2d_ECDSA_SIG: Missing documentation for parameter 'a'
    9) i2d_ECDSA_SIG: Missing documentation for parameter 'out'
  1708 | DECLARE_ASN1_ENCODE_FUNCTIONS_only(ECDSA_SIG, ECDSA_SIG)
       | ^~~~~~~~~~~~~~~~~~~~~~~~~~~~~~~~~~~~~~~~~~~~~~~~~~~~~~~~


An issue occurred during execution.
If you believe this is a bug, please report it at https://github.com/cppalliance/mrdocs/issues
with the following details:
    MrDocs Version: 0.8.0 (Build: f7beda42e309703f5bdd8c6dfe1f6244ce626118)
    Reported From: `src/mrdocs/Metadata/Finalizers/DocCommentFinalizer.cpp` at line 1658

/Users/alandefreitas/Documents/Code/C++/mrdocs/local/demo-forks/openssl/include/openssl/ec.h:1664:1:
    1) ECDH_KDF_X9_62: Missing documentation for parameter 'out'
    2) ECDH_KDF_X9_62: Missing documentation for parameter 'outlen'
    3) ECDH_KDF_X9_62: Missing documentation for parameter 'Z'
    4) ECDH_KDF_X9_62: Missing documentation for parameter 'Zlen'
    5) ECDH_KDF_X9_62: Missing documentation for parameter 'sinfo'
    6) ECDH_KDF_X9_62: Missing documentation for parameter 'sinfolen'
    7) ECDH_KDF_X9_62: Missing documentation for parameter 'md'
    8) ECDH_KDF_X9_62: Missing documentation for return value
  1664 | OSSL_DEPRECATEDIN_3_0 int ECDH_KDF_X9_62(unsigned char *out, size_t outlen,
       | ^~~~~~~~~~~~~~~~~~~~~~~~~~~~~~~~~~~~~~~~~~~~~~~~~~~~~~~~~~~~~~~~~~~~~~~~~~~


An issue occurred during execution.
If you believe this is a bug, please report it at https://github.com/cppalliance/mrdocs/issues
with the following details:
    MrDocs Version: 0.8.0 (Build: f7beda42e309703f5bdd8c6dfe1f6244ce626118)
    Reported From: `src/mrdocs/Metadata/Finalizers/DocCommentFinalizer.cpp` at line 1658

/Users/alandefreitas/Documents/Code/C++/mrdocs/local/demo-forks/openssl/include/openssl/ec.h:1248:1:
    1) EC_KEY_new_ex: Missing documentation for parameter 'propq'
  1248 | OSSL_DEPRECATEDIN_3_0 EC_KEY *EC_KEY_new_ex(OSSL_LIB_CTX *ctx, const char *propq);
       | ^~~~~~~~~~~~~~~~~~~~~~~~~~~~~~~~~~~~~~~~~~~~~~~~~~~~~~~~~~~~~~~~~~~~~~~~~~~~~~~~~~


An issue occurred during execution.
If you believe this is a bug, please report it at https://github.com/cppalliance/mrdocs/issues
with the following details:
    MrDocs Version: 0.8.0 (Build: f7beda42e309703f5bdd8c6dfe1f6244ce626118)
    Reported From: `src/mrdocs/Metadata/Finalizers/DocCommentFinalizer.cpp` at line 1658

/Users/alandefreitas/Documents/Code/C++/mrdocs/local/demo-forks/openssl/include/openssl/encoder.h:272:1:
    1) OSSL_ENCODER_CTX_new_for_pkey: function is undocumented
  272 | OSSL_ENCODER_CTX *OSSL_ENCODER_CTX_new_for_pkey(const EVP_PKEY *pkey,
      | ^~~~~~~~~~~~~~~~~~~~~~~~~~~~~~~~~~~~~~~~~~~~~~~~~~~~~~~~~~~~~~~~~~~~~


An issue occurred during execution.
If you believe this is a bug, please report it at https://github.com/cppalliance/mrdocs/issues
with the following details:
    MrDocs Version: 0.8.0 (Build: f7beda42e309703f5bdd8c6dfe1f6244ce626118)
    Reported From: `src/mrdocs/Metadata/Finalizers/DocCommentFinalizer.cpp` at line 1658

/Users/alandefreitas/Documents/Code/C++/mrdocs/local/demo-forks/openssl/include/openssl/encoder.h:264:1:
    1) OSSL_ENCODER_to_data: function is undocumented
  264 | int OSSL_ENCODER_to_data(OSSL_ENCODER_CTX *ctx, unsigned char **pdata,
      | ^~~~~~~~~~~~~~~~~~~~~~~~~~~~~~~~~~~~~~~~~~~~~~~~~~~~~~~~~~~~~~~~~~~~~~


An issue occurred during execution.
If you believe this is a bug, please report it at https://github.com/cppalliance/mrdocs/issues
with the following details:
    MrDocs Version: 0.8.0 (Build: f7beda42e309703f5bdd8c6dfe1f6244ce626118)
    Reported From: `src/mrdocs/Metadata/Finalizers/DocCommentFinalizer.cpp` at line 1658

/Users/alandefreitas/Documents/Code/C++/mrdocs/local/demo-forks/openssl/include/openssl/encoder.h:244:1:
    1) OSSL_ENCODER_CTX_set_cleanup: function is undocumented
  244 | int OSSL_ENCODER_CTX_set_cleanup(OSSL_ENCODER_CTX *ctx,
      | ^~~~~~~~~~~~~~~~~~~~~~~~~~~~~~~~~~~~~~~~~~~~~~~~~~~~~~~


An issue occurred during execution.
If you believe this is a bug, please report it at https://github.com/cppalliance/mrdocs/issues
with the following details:
    MrDocs Version: 0.8.0 (Build: f7beda42e309703f5bdd8c6dfe1f6244ce626118)
    Reported From: `src/mrdocs/Metadata/Finalizers/DocCommentFinalizer.cpp` at line 1658

/Users/alandefreitas/Documents/Code/C++/mrdocs/local/demo-forks/openssl/include/openssl/encoder.h:220:1:
    1) OSSL_ENCODER_CONSTRUCT: typedef is undocumented
  220 | typedef const void *OSSL_ENCODER_CONSTRUCT(OSSL_ENCODER_INSTANCE *encoder_inst,
      | ^~~~~~~~~~~~~~~~~~~~~~~~~~~~~~~~~~~~~~~~~~~~~~~~~~~~~~~~~~~~~~~~~~~~~~~~~~~~~~~


An issue occurred during execution.
If you believe this is a bug, please report it at https://github.com/cppalliance/mrdocs/issues
with the following details:
    MrDocs Version: 0.8.0 (Build: f7beda42e309703f5bdd8c6dfe1f6244ce626118)
    Reported From: `src/mrdocs/Metadata/Finalizers/DocCommentFinalizer.cpp` at line 1658

/Users/alandefreitas/Documents/Code/C++/mrdocs/local/demo-forks/openssl/include/openssl/encoder.h:203:1:
    1) OSSL_ENCODER_INSTANCE_get_encoder_ctx: function is undocumented
  203 | void *
      | ^~~~~~


An issue occurred during execution.
If you believe this is a bug, please report it at https://github.com/cppalliance/mrdocs/issues
with the following details:
    MrDocs Version: 0.8.0 (Build: f7beda42e309703f5bdd8c6dfe1f6244ce626118)
    Reported From: `src/mrdocs/Metadata/Finalizers/DocCommentFinalizer.cpp` at line 1658

/Users/alandefreitas/Documents/Code/C++/mrdocs/local/demo-forks/openssl/include/openssl/encoder.h:190:1:
    1) OSSL_ENCODER_CTX_get_num_encoders: function is undocumented
  190 | int OSSL_ENCODER_CTX_get_num_encoders(OSSL_ENCODER_CTX *ctx);
      | ^~~~~~~~~~~~~~~~~~~~~~~~~~~~~~~~~~~~~~~~~~~~~~~~~~~~~~~~~~~~~


An issue occurred during execution.
If you believe this is a bug, please report it at https://github.com/cppalliance/mrdocs/issues
with the following details:
    MrDocs Version: 0.8.0 (Build: f7beda42e309703f5bdd8c6dfe1f6244ce626118)
    Reported From: `src/mrdocs/Metadata/Finalizers/DocCommentFinalizer.cpp` at line 1658

/Users/alandefreitas/Documents/Code/C++/mrdocs/local/demo-forks/openssl/include/openssl/encoder.h:188:1:
    1) OSSL_ENCODER_CTX_add_extra: function is undocumented
  188 | int OSSL_ENCODER_CTX_add_extra(OSSL_ENCODER_CTX *ctx,
      | ^~~~~~~~~~~~~~~~~~~~~~~~~~~~~~~~~~~~~~~~~~~~~~~~~~~~~


An issue occurred during execution.
If you believe this is a bug, please report it at https://github.com/cppalliance/mrdocs/issues
with the following details:
    MrDocs Version: 0.8.0 (Build: f7beda42e309703f5bdd8c6dfe1f6244ce626118)
    Reported From: `src/mrdocs/Metadata/Finalizers/DocCommentFinalizer.cpp` at line 1658

/Users/alandefreitas/Documents/Code/C++/mrdocs/local/demo-forks/openssl/include/openssl/encoder.h:73:1:
    1) OSSL_ENCODER_gettable_params: function is undocumented
  73 | const OSSL_PARAM *OSSL_ENCODER_gettable_params(OSSL_ENCODER *encoder);
     | ^~~~~~~~~~~~~~~~~~~~~~~~~~~~~~~~~~~~~~~~~~~~~~~~~~~~~~~~~~~~~~~~~~~~~~


An issue occurred during execution.
If you believe this is a bug, please report it at https://github.com/cppalliance/mrdocs/issues
with the following details:
    MrDocs Version: 0.8.0 (Build: f7beda42e309703f5bdd8c6dfe1f6244ce626118)
    Reported From: `src/mrdocs/Metadata/Finalizers/DocCommentFinalizer.cpp` at line 1658

/Users/alandefreitas/Documents/Code/C++/mrdocs/local/demo-forks/openssl/include/openssl/encoder.h:60:1:
    1) OSSL_ENCODER_do_all_provided: function is undocumented
  60 | void OSSL_ENCODER_do_all_provided(OSSL_LIB_CTX *libctx,
     | ^~~~~~~~~~~~~~~~~~~~~~~~~~~~~~~~~~~~~~~~~~~~~~~~~~~~~~~


An issue occurred during execution.
If you believe this is a bug, please report it at https://github.com/cppalliance/mrdocs/issues
with the following details:
    MrDocs Version: 0.8.0 (Build: f7beda42e309703f5bdd8c6dfe1f6244ce626118)
    Reported From: `src/mrdocs/Metadata/Finalizers/DocCommentFinalizer.cpp` at line 1658

/Users/alandefreitas/Documents/Code/C++/mrdocs/local/demo-forks/openssl/include/openssl/encoder.h:45:1:
    1) OSSL_ENCODER_get0_name: function is undocumented
  45 | const char *OSSL_ENCODER_get0_name(const OSSL_ENCODER *kdf);
     | ^~~~~~~~~~~~~~~~~~~~~~~~~~~~~~~~~~~~~~~~~~~~~~~~~~~~~~~~~~~~


An issue occurred during execution.
If you believe this is a bug, please report it at https://github.com/cppalliance/mrdocs/issues
with the following details:
    MrDocs Version: 0.8.0 (Build: f7beda42e309703f5bdd8c6dfe1f6244ce626118)
    Reported From: `src/mrdocs/Metadata/Finalizers/DocCommentFinalizer.cpp` at line 1658

/Users/alandefreitas/Documents/Code/C++/mrdocs/local/demo-forks/openssl/include/openssl/encoder.h:44:1:
    1) OSSL_ENCODER_get0_properties: function is undocumented
  44 | const char *OSSL_ENCODER_get0_properties(const OSSL_ENCODER *encoder);
     | ^~~~~~~~~~~~~~~~~~~~~~~~~~~~~~~~~~~~~~~~~~~~~~~~~~~~~~~~~~~~~~~~~~~~~~


An issue occurred during execution.
If you believe this is a bug, please report it at https://github.com/cppalliance/mrdocs/issues
with the following details:
    MrDocs Version: 0.8.0 (Build: f7beda42e309703f5bdd8c6dfe1f6244ce626118)
    Reported From: `src/mrdocs/Metadata/Finalizers/DocCommentFinalizer.cpp` at line 1658

/Users/alandefreitas/Documents/Code/C++/mrdocs/local/demo-forks/openssl/include/openssl/encoder.h:43:1:
    1) OSSL_ENCODER_get0_provider: function is undocumented
  43 | const OSSL_PROVIDER *OSSL_ENCODER_get0_provider(const OSSL_ENCODER *encoder);
     | ^~~~~~~~~~~~~~~~~~~~~~~~~~~~~~~~~~~~~~~~~~~~~~~~~~~~~~~~~~~~~~~~~~~~~~~~~~~~~


An issue occurred during execution.
If you believe this is a bug, please report it at https://github.com/cppalliance/mrdocs/issues
with the following details:
    MrDocs Version: 0.8.0 (Build: f7beda42e309703f5bdd8c6dfe1f6244ce626118)
    Reported From: `src/mrdocs/Metadata/Finalizers/DocCommentFinalizer.cpp` at line 1658

/Users/alandefreitas/Documents/Code/C++/mrdocs/local/demo-forks/openssl/include/openssl/encoder.h:29:1:
    1) OSSL_ENCODER_fetch: function is undocumented
  29 | OSSL_ENCODER *OSSL_ENCODER_fetch(OSSL_LIB_CTX *libctx, const char *name,
     | ^~~~~~~~~~~~~~~~~~~~~~~~~~~~~~~~~~~~~~~~~~~~~~~~~~~~~~~~~~~~~~~~~~~~~~~~


An issue occurred during execution.
If you believe this is a bug, please report it at https://github.com/cppalliance/mrdocs/issues
with the following details:
    MrDocs Version: 0.8.0 (Build: f7beda42e309703f5bdd8c6dfe1f6244ce626118)
    Reported From: `src/mrdocs/Metadata/Finalizers/DocCommentFinalizer.cpp` at line 1658

/Users/alandefreitas/Documents/Code/C++/mrdocs/local/demo-forks/openssl/include/openssl/err.h:751:1:
    1) ERR_remove_thread_state: Documented parameter 'tid' does not exist
    2) ERR_remove_thread_state: 1st parameter is unnamed
  751 | OSSL_DEPRECATEDIN_1_1_0 void ERR_remove_thread_state(void *);
      | ^~~~~~~~~~~~~~~~~~~~~~~~~~~~~~~~~~~~~~~~~~~~~~~~~~~~~~~~~~~~~


An issue occurred during execution.
If you believe this is a bug, please report it at https://github.com/cppalliance/mrdocs/issues
with the following details:
    MrDocs Version: 0.8.0 (Build: f7beda42e309703f5bdd8c6dfe1f6244ce626118)
    Reported From: `src/mrdocs/Metadata/Finalizers/DocCommentFinalizer.cpp` at line 1658

/Users/alandefreitas/Documents/Code/C++/mrdocs/local/demo-forks/openssl/include/openssl/err.h:696:1:
    1) ERR_add_error_data: Documented parameter '...' does not exist
  696 | void ERR_add_error_data(int num, ...);
      | ^~~~~~~~~~~~~~~~~~~~~~~~~~~~~~~~~~~~~~


An issue occurred during execution.
If you believe this is a bug, please report it at https://github.com/cppalliance/mrdocs/issues
with the following details:
    MrDocs Version: 0.8.0 (Build: f7beda42e309703f5bdd8c6dfe1f6244ce626118)
    Reported From: `src/mrdocs/Metadata/Finalizers/DocCommentFinalizer.cpp` at line 1658

/Users/alandefreitas/Documents/Code/C++/mrdocs/local/demo-forks/openssl/include/openssl/err.h:460:1:
    1) ERR_set_error: Documented parameter '...' does not exist
  460 | void ERR_set_error(int lib, int reason, const char *fmt, ...);
      | ^~~~~~~~~~~~~~~~~~~~~~~~~~~~~~~~~~~~~~~~~~~~~~~~~~~~~~~~~~~~~~


An issue occurred during execution.
If you believe this is a bug, please report it at https://github.com/cppalliance/mrdocs/issues
with the following details:
    MrDocs Version: 0.8.0 (Build: f7beda42e309703f5bdd8c6dfe1f6244ce626118)
    Reported From: `src/mrdocs/Metadata/Finalizers/DocCommentFinalizer.cpp` at line 1658

/Users/alandefreitas/Documents/Code/C++/mrdocs/local/demo-forks/openssl/include/openssl/evp.h:3702:1:
    1) EVP_PKEY_is_a: function is undocumented
  3702 | int EVP_PKEY_is_a(const EVP_PKEY *pkey, const char *name);
       | ^~~~~~~~~~~~~~~~~~~~~~~~~~~~~~~~~~~~~~~~~~~~~~~~~~~~~~~~~~


An issue occurred during execution.
If you believe this is a bug, please report it at https://github.com/cppalliance/mrdocs/issues
with the following details:
    MrDocs Version: 0.8.0 (Build: f7beda42e309703f5bdd8c6dfe1f6244ce626118)
    Reported From: `src/mrdocs/Metadata/Finalizers/DocCommentFinalizer.cpp` at line 1658

/Users/alandefreitas/Documents/Code/C++/mrdocs/local/demo-forks/openssl/include/openssl/evp.h:3292:1:
    1) EVP_MAC_CTX_new: function is undocumented
  3292 | EVP_MAC_CTX *EVP_MAC_CTX_new(EVP_MAC *mac);
       | ^~~~~~~~~~~~~~~~~~~~~~~~~~~~~~~~~~~~~~~~~~~


An issue occurred during execution.
If you believe this is a bug, please report it at https://github.com/cppalliance/mrdocs/issues
with the following details:
    MrDocs Version: 0.8.0 (Build: f7beda42e309703f5bdd8c6dfe1f6244ce626118)
    Reported From: `src/mrdocs/Metadata/Finalizers/DocCommentFinalizer.cpp` at line 1658

/Users/alandefreitas/Documents/Code/C++/mrdocs/local/demo-forks/openssl/include/openssl/hpke.h:258:1:
    1) OSSL_HPKE_CTX_set_seq: function is undocumented
  258 | int OSSL_HPKE_CTX_set_seq(OSSL_HPKE_CTX *ctx, uint64_t seq);
      | ^~~~~~~~~~~~~~~~~~~~~~~~~~~~~~~~~~~~~~~~~~~~~~~~~~~~~~~~~~~~


An issue occurred during execution.
If you believe this is a bug, please report it at https://github.com/cppalliance/mrdocs/issues
with the following details:
    MrDocs Version: 0.8.0 (Build: f7beda42e309703f5bdd8c6dfe1f6244ce626118)
    Reported From: `src/mrdocs/Metadata/Finalizers/DocCommentFinalizer.cpp` at line 1658

/Users/alandefreitas/Documents/Code/C++/mrdocs/local/demo-forks/openssl/include/openssl/hpke.h:138:1:
    1) OSSL_HPKE_encap: function is undocumented
  138 | int OSSL_HPKE_encap(OSSL_HPKE_CTX *ctx,
      | ^~~~~~~~~~~~~~~~~~~~~~~~~~~~~~~~~~~~~~~


An issue occurred during execution.
If you believe this is a bug, please report it at https://github.com/cppalliance/mrdocs/issues
with the following details:
    MrDocs Version: 0.8.0 (Build: f7beda42e309703f5bdd8c6dfe1f6244ce626118)
    Reported From: `src/mrdocs/Metadata/Finalizers/DocCommentFinalizer.cpp` at line 1658

/Users/alandefreitas/Documents/Code/C++/mrdocs/local/demo-forks/openssl/include/openssl/idea.h:117:1:
    1) IDEA_encrypt: function is undocumented
  117 | OSSL_DEPRECATEDIN_3_0 void IDEA_encrypt(unsigned long *in,
      | ^~~~~~~~~~~~~~~~~~~~~~~~~~~~~~~~~~~~~~~~~~~~~~~~~~~~~~~~~~


An issue occurred during execution.
If you believe this is a bug, please report it at https://github.com/cppalliance/mrdocs/issues
with the following details:
    MrDocs Version: 0.8.0 (Build: f7beda42e309703f5bdd8c6dfe1f6244ce626118)
    Reported From: `src/mrdocs/Metadata/Finalizers/DocCommentFinalizer.cpp` at line 1658

/Users/alandefreitas/Documents/Code/C++/mrdocs/local/demo-forks/openssl/include/openssl/mdc2.h:58:1:
    1) MDC2_Final: function is undocumented
  58 | OSSL_DEPRECATEDIN_3_0 int MDC2_Final(unsigned char *md, MDC2_CTX *c);
     | ^~~~~~~~~~~~~~~~~~~~~~~~~~~~~~~~~~~~~~~~~~~~~~~~~~~~~~~~~~~~~~~~~~~~~


An issue occurred during execution.
If you believe this is a bug, please report it at https://github.com/cppalliance/mrdocs/issues
with the following details:
    MrDocs Version: 0.8.0 (Build: f7beda42e309703f5bdd8c6dfe1f6244ce626118)
    Reported From: `src/mrdocs/Metadata/Finalizers/DocCommentFinalizer.cpp` at line 1658

/Users/alandefreitas/Documents/Code/C++/mrdocs/local/demo-forks/openssl/include/openssl/mdc2.h:48:1:
    1) MDC2_Init: function is undocumented
  48 | OSSL_DEPRECATEDIN_3_0 int MDC2_Init(MDC2_CTX *c);
     | ^~~~~~~~~~~~~~~~~~~~~~~~~~~~~~~~~~~~~~~~~~~~~~~~~


An issue occurred during execution.
If you believe this is a bug, please report it at https://github.com/cppalliance/mrdocs/issues
with the following details:
    MrDocs Version: 0.8.0 (Build: f7beda42e309703f5bdd8c6dfe1f6244ce626118)
    Reported From: `src/mrdocs/Metadata/Finalizers/DocCommentFinalizer.cpp` at line 1658

/Users/alandefreitas/Documents/Code/C++/mrdocs/local/demo-forks/openssl/include/openssl/mdc2.h:38:5:
    1) num: variable is undocumented
  38 |     unsigned int num;
     |     ^~~~~~~~~~~~~~~~~


An issue occurred during execution.
If you believe this is a bug, please report it at https://github.com/cppalliance/mrdocs/issues
with the following details:
    MrDocs Version: 0.8.0 (Build: f7beda42e309703f5bdd8c6dfe1f6244ce626118)
    Reported From: `src/mrdocs/Metadata/Finalizers/DocCommentFinalizer.cpp` at line 1658

/Users/alandefreitas/Documents/Code/C++/mrdocs/local/demo-forks/openssl/include/openssl/modes.h:598:1:
    1) CRYPTO_ocb128_decrypt: function is undocumented
  598 | int CRYPTO_ocb128_decrypt(OCB128_CONTEXT *ctx, const unsigned char *in,
      | ^~~~~~~~~~~~~~~~~~~~~~~~~~~~~~~~~~~~~~~~~~~~~~~~~~~~~~~~~~~~~~~~~~~~~~~


An issue occurred during execution.
If you believe this is a bug, please report it at https://github.com/cppalliance/mrdocs/issues
with the following details:
    MrDocs Version: 0.8.0 (Build: f7beda42e309703f5bdd8c6dfe1f6244ce626118)
    Reported From: `src/mrdocs/Metadata/Finalizers/DocCommentFinalizer.cpp` at line 1658

/Users/alandefreitas/Documents/Code/C++/mrdocs/local/demo-forks/openssl/include/openssl/modes.h:556:1:
    1) CRYPTO_ocb128_init: function is undocumented
  556 | int CRYPTO_ocb128_init(OCB128_CONTEXT *ctx, void *keyenc, void *keydec,
      | ^~~~~~~~~~~~~~~~~~~~~~~~~~~~~~~~~~~~~~~~~~~~~~~~~~~~~~~~~~~~~~~~~~~~~~~


An issue occurred during execution.
If you believe this is a bug, please report it at https://github.com/cppalliance/mrdocs/issues
with the following details:
    MrDocs Version: 0.8.0 (Build: f7beda42e309703f5bdd8c6dfe1f6244ce626118)
    Reported From: `src/mrdocs/Metadata/Finalizers/DocCommentFinalizer.cpp` at line 1658

/Users/alandefreitas/Documents/Code/C++/mrdocs/local/demo-forks/openssl/include/openssl/modes.h:537:1:
    1) ocb128_f: typedef is undocumented
  537 | typedef void (*ocb128_f)(const unsigned char *in, unsigned char *out,
      | ^~~~~~~~~~~~~~~~~~~~~~~~~~~~~~~~~~~~~~~~~~~~~~~~~~~~~~~~~~~~~~~~~~~~~


An issue occurred during execution.
If you believe this is a bug, please report it at https://github.com/cppalliance/mrdocs/issues
with the following details:
    MrDocs Version: 0.8.0 (Build: f7beda42e309703f5bdd8c6dfe1f6244ce626118)
    Reported From: `src/mrdocs/Metadata/Finalizers/DocCommentFinalizer.cpp` at line 1658

/Users/alandefreitas/Documents/Code/C++/mrdocs/local/demo-forks/openssl/include/openssl/modes.h:500:1:
    1) CRYPTO_128_unwrap: function is undocumented
  500 | size_t CRYPTO_128_unwrap(void *key, const unsigned char *iv,
      | ^~~~~~~~~~~~~~~~~~~~~~~~~~~~~~~~~~~~~~~~~~~~~~~~~~~~~~~~~~~~


An issue occurred during execution.
If you believe this is a bug, please report it at https://github.com/cppalliance/mrdocs/issues
with the following details:
    MrDocs Version: 0.8.0 (Build: f7beda42e309703f5bdd8c6dfe1f6244ce626118)
    Reported From: `src/mrdocs/Metadata/Finalizers/DocCommentFinalizer.cpp` at line 1658

/Users/alandefreitas/Documents/Code/C++/mrdocs/local/demo-forks/openssl/include/openssl/modes.h:480:1:
    1) CRYPTO_xts128_encrypt: function is undocumented
  480 | int CRYPTO_xts128_encrypt(const XTS128_CONTEXT *ctx,
      | ^~~~~~~~~~~~~~~~~~~~~~~~~~~~~~~~~~~~~~~~~~~~~~~~~~~~


An issue occurred during execution.
If you believe this is a bug, please report it at https://github.com/cppalliance/mrdocs/issues
with the following details:
    MrDocs Version: 0.8.0 (Build: f7beda42e309703f5bdd8c6dfe1f6244ce626118)
    Reported From: `src/mrdocs/Metadata/Finalizers/DocCommentFinalizer.cpp` at line 1658

/Users/alandefreitas/Documents/Code/C++/mrdocs/local/demo-forks/openssl/include/openssl/modes.h:473:1:
    1) CRYPTO_ccm128_tag: function is undocumented
  473 | size_t CRYPTO_ccm128_tag(CCM128_CONTEXT *ctx, unsigned char *tag, size_t len);
      | ^~~~~~~~~~~~~~~~~~~~~~~~~~~~~~~~~~~~~~~~~~~~~~~~~~~~~~~~~~~~~~~~~~~~~~~~~~~~~~


An issue occurred during execution.
If you believe this is a bug, please report it at https://github.com/cppalliance/mrdocs/issues
with the following details:
    MrDocs Version: 0.8.0 (Build: f7beda42e309703f5bdd8c6dfe1f6244ce626118)
    Reported From: `src/mrdocs/Metadata/Finalizers/DocCommentFinalizer.cpp` at line 1658

/Users/alandefreitas/Documents/Code/C++/mrdocs/local/demo-forks/openssl/include/openssl/modes.h:437:1:
    1) CRYPTO_ccm128_encrypt: function is undocumented
  437 | int CRYPTO_ccm128_encrypt(CCM128_CONTEXT *ctx, const unsigned char *inp,
      | ^~~~~~~~~~~~~~~~~~~~~~~~~~~~~~~~~~~~~~~~~~~~~~~~~~~~~~~~~~~~~~~~~~~~~~~~


An issue occurred during execution.
If you believe this is a bug, please report it at https://github.com/cppalliance/mrdocs/issues
with the following details:
    MrDocs Version: 0.8.0 (Build: f7beda42e309703f5bdd8c6dfe1f6244ce626118)
    Reported From: `src/mrdocs/Metadata/Finalizers/DocCommentFinalizer.cpp` at line 1658

/Users/alandefreitas/Documents/Code/C++/mrdocs/local/demo-forks/openssl/include/openssl/modes.h:378:1:
    1) CRYPTO_gcm128_decrypt_ctr32: function is undocumented
  378 | int CRYPTO_gcm128_decrypt_ctr32(GCM128_CONTEXT *ctx,
      | ^~~~~~~~~~~~~~~~~~~~~~~~~~~~~~~~~~~~~~~~~~~~~~~~~~~~


An issue occurred during execution.
If you believe this is a bug, please report it at https://github.com/cppalliance/mrdocs/issues
with the following details:
    MrDocs Version: 0.8.0 (Build: f7beda42e309703f5bdd8c6dfe1f6244ce626118)
    Reported From: `src/mrdocs/Metadata/Finalizers/DocCommentFinalizer.cpp` at line 1658

/Users/alandefreitas/Documents/Code/C++/mrdocs/local/demo-forks/openssl/include/openssl/modes.h:34:1:
    1) cbc128_f: typedef is undocumented
  34 | typedef void (*cbc128_f)(const unsigned char *in, unsigned char *out,
     | ^~~~~~~~~~~~~~~~~~~~~~~~~~~~~~~~~~~~~~~~~~~~~~~~~~~~~~~~~~~~~~~~~~~~~


An issue occurred during execution.
If you believe this is a bug, please report it at https://github.com/cppalliance/mrdocs/issues
with the following details:
    MrDocs Version: 0.8.0 (Build: f7beda42e309703f5bdd8c6dfe1f6244ce626118)
    Reported From: `src/mrdocs/Metadata/Finalizers/DocCommentFinalizer.cpp` at line 1658

/Users/alandefreitas/Documents/Code/C++/mrdocs/local/demo-forks/openssl/include/openssl/ocsp.h:964:1:
    1) OCSP_SINGLERESP_delete_ext: function is undocumented
  964 | X509_EXTENSION *OCSP_SINGLERESP_delete_ext(OCSP_SINGLERESP *x, int loc);
      | ^~~~~~~~~~~~~~~~~~~~~~~~~~~~~~~~~~~~~~~~~~~~~~~~~~~~~~~~~~~~~~~~~~~~~~~~


An issue occurred during execution.
If you believe this is a bug, please report it at https://github.com/cppalliance/mrdocs/issues
with the following details:
    MrDocs Version: 0.8.0 (Build: f7beda42e309703f5bdd8c6dfe1f6244ce626118)
    Reported From: `src/mrdocs/Metadata/Finalizers/DocCommentFinalizer.cpp` at line 1658

/Users/alandefreitas/Documents/Code/C++/mrdocs/local/demo-forks/openssl/include/openssl/ocsp.h:938:1:
    1) OCSP_SINGLERESP_get_ext_by_NID: function is undocumented
  938 | int OCSP_SINGLERESP_get_ext_by_NID(OCSP_SINGLERESP *x, int nid, int lastpos);
      | ^~~~~~~~~~~~~~~~~~~~~~~~~~~~~~~~~~~~~~~~~~~~~~~~~~~~~~~~~~~~~~~~~~~~~~~~~~~~~


An issue occurred during execution.
If you believe this is a bug, please report it at https://github.com/cppalliance/mrdocs/issues
with the following details:
    MrDocs Version: 0.8.0 (Build: f7beda42e309703f5bdd8c6dfe1f6244ce626118)
    Reported From: `src/mrdocs/Metadata/Finalizers/DocCommentFinalizer.cpp` at line 1658

/Users/alandefreitas/Documents/Code/C++/mrdocs/local/demo-forks/openssl/include/openssl/ocsp.h:894:1:
    1) OCSP_BASICRESP_get_ext: function is undocumented
  894 | X509_EXTENSION *OCSP_BASICRESP_get_ext(OCSP_BASICRESP *x, int loc);
      | ^~~~~~~~~~~~~~~~~~~~~~~~~~~~~~~~~~~~~~~~~~~~~~~~~~~~~~~~~~~~~~~~~~~


An issue occurred during execution.
If you believe this is a bug, please report it at https://github.com/cppalliance/mrdocs/issues
with the following details:
    MrDocs Version: 0.8.0 (Build: f7beda42e309703f5bdd8c6dfe1f6244ce626118)
    Reported From: `src/mrdocs/Metadata/Finalizers/DocCommentFinalizer.cpp` at line 1658

/Users/alandefreitas/Documents/Code/C++/mrdocs/local/demo-forks/openssl/include/openssl/ocsp.h:892:1:
    1) OCSP_BASICRESP_get_ext_by_critical: function is undocumented
  892 | int OCSP_BASICRESP_get_ext_by_critical(OCSP_BASICRESP *x, int crit,
      | ^~~~~~~~~~~~~~~~~~~~~~~~~~~~~~~~~~~~~~~~~~~~~~~~~~~~~~~~~~~~~~~~~~~


An issue occurred during execution.
If you believe this is a bug, please report it at https://github.com/cppalliance/mrdocs/issues
with the following details:
    MrDocs Version: 0.8.0 (Build: f7beda42e309703f5bdd8c6dfe1f6244ce626118)
    Reported From: `src/mrdocs/Metadata/Finalizers/DocCommentFinalizer.cpp` at line 1658

/Users/alandefreitas/Documents/Code/C++/mrdocs/local/demo-forks/openssl/include/openssl/ocsp.h:874:1:
    1) OCSP_BASICRESP_get_ext_count: function is undocumented
  874 | int OCSP_BASICRESP_get_ext_count(OCSP_BASICRESP *x);
      | ^~~~~~~~~~~~~~~~~~~~~~~~~~~~~~~~~~~~~~~~~~~~~~~~~~~~


An issue occurred during execution.
If you believe this is a bug, please report it at https://github.com/cppalliance/mrdocs/issues
with the following details:
    MrDocs Version: 0.8.0 (Build: f7beda42e309703f5bdd8c6dfe1f6244ce626118)
    Reported From: `src/mrdocs/Metadata/Finalizers/DocCommentFinalizer.cpp` at line 1658

/Users/alandefreitas/Documents/Code/C++/mrdocs/local/demo-forks/openssl/include/openssl/ocsp.h:863:1:
    1) OCSP_ONEREQ_add1_ext_i2d: function is undocumented
  863 | int OCSP_ONEREQ_add1_ext_i2d(OCSP_ONEREQ *x, int nid, void *value, int crit,
      | ^~~~~~~~~~~~~~~~~~~~~~~~~~~~~~~~~~~~~~~~~~~~~~~~~~~~~~~~~~~~~~~~~~~~~~~~~~~~


An issue occurred during execution.
If you believe this is a bug, please report it at https://github.com/cppalliance/mrdocs/issues
with the following details:
    MrDocs Version: 0.8.0 (Build: f7beda42e309703f5bdd8c6dfe1f6244ce626118)
    Reported From: `src/mrdocs/Metadata/Finalizers/DocCommentFinalizer.cpp` at line 1658

/Users/alandefreitas/Documents/Code/C++/mrdocs/local/demo-forks/openssl/include/openssl/ocsp.h:839:1:
    1) OCSP_ONEREQ_get_ext_by_critical: function is undocumented
  839 | int OCSP_ONEREQ_get_ext_by_critical(OCSP_ONEREQ *x, int crit, int lastpos);
      | ^~~~~~~~~~~~~~~~~~~~~~~~~~~~~~~~~~~~~~~~~~~~~~~~~~~~~~~~~~~~~~~~~~~~~~~~~~~


An issue occurred during execution.
If you believe this is a bug, please report it at https://github.com/cppalliance/mrdocs/issues
with the following details:
    MrDocs Version: 0.8.0 (Build: f7beda42e309703f5bdd8c6dfe1f6244ce626118)
    Reported From: `src/mrdocs/Metadata/Finalizers/DocCommentFinalizer.cpp` at line 1658

/Users/alandefreitas/Documents/Code/C++/mrdocs/local/demo-forks/openssl/include/openssl/ocsp.h:838:1:
    1) OCSP_ONEREQ_get_ext_by_OBJ: function is undocumented
  838 | int OCSP_ONEREQ_get_ext_by_OBJ(OCSP_ONEREQ *x, const ASN1_OBJECT *obj, int lastpos);
      | ^~~~~~~~~~~~~~~~~~~~~~~~~~~~~~~~~~~~~~~~~~~~~~~~~~~~~~~~~~~~~~~~~~~~~~~~~~~~~~~~~~~~


An issue occurred during execution.
If you believe this is a bug, please report it at https://github.com/cppalliance/mrdocs/issues
with the following details:
    MrDocs Version: 0.8.0 (Build: f7beda42e309703f5bdd8c6dfe1f6244ce626118)
    Reported From: `src/mrdocs/Metadata/Finalizers/DocCommentFinalizer.cpp` at line 1658

/Users/alandefreitas/Documents/Code/C++/mrdocs/local/demo-forks/openssl/include/openssl/ocsp.h:822:1:
    1) OCSP_REQUEST_add_ext: function is undocumented
  822 | int OCSP_REQUEST_add_ext(OCSP_REQUEST *x, X509_EXTENSION *ex, int loc);
      | ^~~~~~~~~~~~~~~~~~~~~~~~~~~~~~~~~~~~~~~~~~~~~~~~~~~~~~~~~~~~~~~~~~~~~~~


An issue occurred during execution.
If you believe this is a bug, please report it at https://github.com/cppalliance/mrdocs/issues
with the following details:
    MrDocs Version: 0.8.0 (Build: f7beda42e309703f5bdd8c6dfe1f6244ce626118)
    Reported From: `src/mrdocs/Metadata/Finalizers/DocCommentFinalizer.cpp` at line 1658

/Users/alandefreitas/Documents/Code/C++/mrdocs/local/demo-forks/openssl/include/openssl/ocsp.h:761:1:
    1) OCSP_REQUEST_get_ext_count: function is undocumented
  761 | int OCSP_REQUEST_get_ext_count(OCSP_REQUEST *x);
      | ^~~~~~~~~~~~~~~~~~~~~~~~~~~~~~~~~~~~~~~~~~~~~~~~


An issue occurred during execution.
If you believe this is a bug, please report it at https://github.com/cppalliance/mrdocs/issues
with the following details:
    MrDocs Version: 0.8.0 (Build: f7beda42e309703f5bdd8c6dfe1f6244ce626118)
    Reported From: `src/mrdocs/Metadata/Finalizers/DocCommentFinalizer.cpp` at line 1658

/Users/alandefreitas/Documents/Code/C++/mrdocs/local/demo-forks/openssl/include/openssl/ocsp.h:737:1:
    1) OCSP_crlID_new: function is undocumented
  737 | X509_EXTENSION *OCSP_crlID_new(const char *url, long *n, char *tim);
      | ^~~~~~~~~~~~~~~~~~~~~~~~~~~~~~~~~~~~~~~~~~~~~~~~~~~~~~~~~~~~~~~~~~~~


An issue occurred during execution.
If you believe this is a bug, please report it at https://github.com/cppalliance/mrdocs/issues
with the following details:
    MrDocs Version: 0.8.0 (Build: f7beda42e309703f5bdd8c6dfe1f6244ce626118)
    Reported From: `src/mrdocs/Metadata/Finalizers/DocCommentFinalizer.cpp` at line 1658

/Users/alandefreitas/Documents/Code/C++/mrdocs/local/demo-forks/openssl/include/openssl/ocsp.h:638:1:
    1) OCSP_request_is_signed: function is undocumented
  638 | int OCSP_request_is_signed(OCSP_REQUEST *req);
      | ^~~~~~~~~~~~~~~~~~~~~~~~~~~~~~~~~~~~~~~~~~~~~~


An issue occurred during execution.
If you believe this is a bug, please report it at https://github.com/cppalliance/mrdocs/issues
with the following details:
    MrDocs Version: 0.8.0 (Build: f7beda42e309703f5bdd8c6dfe1f6244ce626118)
    Reported From: `src/mrdocs/Metadata/Finalizers/DocCommentFinalizer.cpp` at line 1658

/Users/alandefreitas/Documents/Code/C++/mrdocs/local/demo-forks/openssl/include/openssl/ocsp.h:635:1:
    1) OCSP_id_get0_info: function is undocumented
  635 | int OCSP_id_get0_info(ASN1_OCTET_STRING **piNameHash, ASN1_OBJECT **pmd,
      | ^~~~~~~~~~~~~~~~~~~~~~~~~~~~~~~~~~~~~~~~~~~~~~~~~~~~~~~~~~~~~~~~~~~~~~~~


An issue occurred during execution.
If you believe this is a bug, please report it at https://github.com/cppalliance/mrdocs/issues
with the following details:
    MrDocs Version: 0.8.0 (Build: f7beda42e309703f5bdd8c6dfe1f6244ce626118)
    Reported From: `src/mrdocs/Metadata/Finalizers/DocCommentFinalizer.cpp` at line 1658

/Users/alandefreitas/Documents/Code/C++/mrdocs/local/demo-forks/openssl/include/openssl/ocsp.h:607:1:
    1) OCSP_id_issuer_cmp: function is undocumented
  607 | int OCSP_id_issuer_cmp(const OCSP_CERTID *a, const OCSP_CERTID *b);
      | ^~~~~~~~~~~~~~~~~~~~~~~~~~~~~~~~~~~~~~~~~~~~~~~~~~~~~~~~~~~~~~~~~~~


An issue occurred during execution.
If you believe this is a bug, please report it at https://github.com/cppalliance/mrdocs/issues
with the following details:
    MrDocs Version: 0.8.0 (Build: f7beda42e309703f5bdd8c6dfe1f6244ce626118)
    Reported From: `src/mrdocs/Metadata/Finalizers/DocCommentFinalizer.cpp` at line 1658

/Users/alandefreitas/Documents/Code/C++/mrdocs/local/demo-forks/openssl/include/openssl/ocsp.h:562:1:
    1) OCSP_single_get0_status: function is undocumented
  562 | int OCSP_single_get0_status(OCSP_SINGLERESP *single, int *reason,
      | ^~~~~~~~~~~~~~~~~~~~~~~~~~~~~~~~~~~~~~~~~~~~~~~~~~~~~~~~~~~~~~~~~


An issue occurred during execution.
If you believe this is a bug, please report it at https://github.com/cppalliance/mrdocs/issues
with the following details:
    MrDocs Version: 0.8.0 (Build: f7beda42e309703f5bdd8c6dfe1f6244ce626118)
    Reported From: `src/mrdocs/Metadata/Finalizers/DocCommentFinalizer.cpp` at line 1658

/Users/alandefreitas/Documents/Code/C++/mrdocs/local/demo-forks/openssl/include/openssl/ocsp.h:485:1:
    1) OCSP_resp_get0_signature: function is undocumented
  485 | const ASN1_OCTET_STRING *OCSP_resp_get0_signature(const OCSP_BASICRESP *bs);
      | ^~~~~~~~~~~~~~~~~~~~~~~~~~~~~~~~~~~~~~~~~~~~~~~~~~~~~~~~~~~~~~~~~~~~~~~~~~~~


An issue occurred during execution.
If you believe this is a bug, please report it at https://github.com/cppalliance/mrdocs/issues
with the following details:
    MrDocs Version: 0.8.0 (Build: f7beda42e309703f5bdd8c6dfe1f6244ce626118)
    Reported From: `src/mrdocs/Metadata/Finalizers/DocCommentFinalizer.cpp` at line 1658

/Users/alandefreitas/Documents/Code/C++/mrdocs/local/demo-forks/openssl/include/openssl/ocsp.h:454:1:
    1) OCSP_request_add1_cert: function is undocumented
  454 | int OCSP_request_add1_cert(OCSP_REQUEST *req, X509 *cert);
      | ^~~~~~~~~~~~~~~~~~~~~~~~~~~~~~~~~~~~~~~~~~~~~~~~~~~~~~~~~~


An issue occurred during execution.
If you believe this is a bug, please report it at https://github.com/cppalliance/mrdocs/issues
with the following details:
    MrDocs Version: 0.8.0 (Build: f7beda42e309703f5bdd8c6dfe1f6244ce626118)
    Reported From: `src/mrdocs/Metadata/Finalizers/DocCommentFinalizer.cpp` at line 1658

/Users/alandefreitas/Documents/Code/C++/mrdocs/local/demo-forks/openssl/include/openssl/ocsp.h:438:1:
    1) OCSP_check_nonce: function is undocumented
  438 | int OCSP_check_nonce(OCSP_REQUEST *req, OCSP_BASICRESP *bs);
      | ^~~~~~~~~~~~~~~~~~~~~~~~~~~~~~~~~~~~~~~~~~~~~~~~~~~~~~~~~~~~


An issue occurred during execution.
If you believe this is a bug, please report it at https://github.com/cppalliance/mrdocs/issues
with the following details:
    MrDocs Version: 0.8.0 (Build: f7beda42e309703f5bdd8c6dfe1f6244ce626118)
    Reported From: `src/mrdocs/Metadata/Finalizers/DocCommentFinalizer.cpp` at line 1658

/Users/alandefreitas/Documents/Code/C++/mrdocs/local/demo-forks/openssl/include/openssl/ocsp.h:420:1:
    1) OCSP_request_add0_id: function is undocumented
  420 | OCSP_ONEREQ *OCSP_request_add0_id(OCSP_REQUEST *req, OCSP_CERTID *cid);
      | ^~~~~~~~~~~~~~~~~~~~~~~~~~~~~~~~~~~~~~~~~~~~~~~~~~~~~~~~~~~~~~~~~~~~~~~


An issue occurred during execution.
If you believe this is a bug, please report it at https://github.com/cppalliance/mrdocs/issues
with the following details:
    MrDocs Version: 0.8.0 (Build: f7beda42e309703f5bdd8c6dfe1f6244ce626118)
    Reported From: `src/mrdocs/Metadata/Finalizers/DocCommentFinalizer.cpp` at line 1658

/Users/alandefreitas/Documents/Code/C++/mrdocs/local/demo-forks/openssl/include/openssl/ocsp.h:415:1:
    1) OCSP_cert_id_new: function is undocumented
  415 | OCSP_CERTID *OCSP_cert_id_new(const EVP_MD *dgst,
      | ^~~~~~~~~~~~~~~~~~~~~~~~~~~~~~~~~~~~~~~~~~~~~~~~~


An issue occurred during execution.
If you believe this is a bug, please report it at https://github.com/cppalliance/mrdocs/issues
with the following details:
    MrDocs Version: 0.8.0 (Build: f7beda42e309703f5bdd8c6dfe1f6244ce626118)
    Reported From: `src/mrdocs/Metadata/Finalizers/DocCommentFinalizer.cpp` at line 1658

/Users/alandefreitas/Documents/Code/C++/mrdocs/local/demo-forks/openssl/include/openssl/ocsp.h:370:1:
    1) OCSP_sendreq_new: function is undocumented
  370 | OSSL_HTTP_REQ_CTX *OCSP_sendreq_new(BIO *io, const char *path,
      | ^~~~~~~~~~~~~~~~~~~~~~~~~~~~~~~~~~~~~~~~~~~~~~~~~~~~~~~~~~~~~~


An issue occurred during execution.
If you believe this is a bug, please report it at https://github.com/cppalliance/mrdocs/issues
with the following details:
    MrDocs Version: 0.8.0 (Build: f7beda42e309703f5bdd8c6dfe1f6244ce626118)
    Reported From: `src/mrdocs/Metadata/Finalizers/DocCommentFinalizer.cpp` at line 1658

/Users/alandefreitas/Documents/Code/C++/mrdocs/local/demo-forks/openssl/include/openssl/provider.h:105:1:
    1) OSSL_PROVIDER_get0_name: function is undocumented
  105 | const char *OSSL_PROVIDER_get0_name(const OSSL_PROVIDER *prov);
      | ^~~~~~~~~~~~~~~~~~~~~~~~~~~~~~~~~~~~~~~~~~~~~~~~~~~~~~~~~~~~~~~


An issue occurred during execution.
If you believe this is a bug, please report it at https://github.com/cppalliance/mrdocs/issues
with the following details:
    MrDocs Version: 0.8.0 (Build: f7beda42e309703f5bdd8c6dfe1f6244ce626118)
    Reported From: `src/mrdocs/Metadata/Finalizers/DocCommentFinalizer.cpp` at line 1658

/Users/alandefreitas/Documents/Code/C++/mrdocs/local/demo-forks/openssl/include/openssl/provider.h:91:1:
    1) OSSL_PROVIDER_get0_dispatch: function is undocumented
  91 | const OSSL_DISPATCH *OSSL_PROVIDER_get0_dispatch(const OSSL_PROVIDER *prov);
     | ^~~~~~~~~~~~~~~~~~~~~~~~~~~~~~~~~~~~~~~~~~~~~~~~~~~~~~~~~~~~~~~~~~~~~~~~~~~~


An issue occurred during execution.
If you believe this is a bug, please report it at https://github.com/cppalliance/mrdocs/issues
with the following details:
    MrDocs Version: 0.8.0 (Build: f7beda42e309703f5bdd8c6dfe1f6244ce626118)
    Reported From: `src/mrdocs/Metadata/Finalizers/DocCommentFinalizer.cpp` at line 1658

/Users/alandefreitas/Documents/Code/C++/mrdocs/local/demo-forks/openssl/include/openssl/provider.h:90:1:
    1) OSSL_PROVIDER_get0_provider_ctx: function is undocumented
  90 | void *OSSL_PROVIDER_get0_provider_ctx(const OSSL_PROVIDER *prov);
     | ^~~~~~~~~~~~~~~~~~~~~~~~~~~~~~~~~~~~~~~~~~~~~~~~~~~~~~~~~~~~~~~~~


An issue occurred during execution.
If you believe this is a bug, please report it at https://github.com/cppalliance/mrdocs/issues
with the following details:
    MrDocs Version: 0.8.0 (Build: f7beda42e309703f5bdd8c6dfe1f6244ce626118)
    Reported From: `src/mrdocs/Metadata/Finalizers/DocCommentFinalizer.cpp` at line 1658

/Users/alandefreitas/Documents/Code/C++/mrdocs/local/demo-forks/openssl/include/openssl/provider.h:79:1:
    1) OSSL_PROVIDER_query_operation: function is undocumented
  79 | const OSSL_ALGORITHM *OSSL_PROVIDER_query_operation(const OSSL_PROVIDER *prov,
     | ^~~~~~~~~~~~~~~~~~~~~~~~~~~~~~~~~~~~~~~~~~~~~~~~~~~~~~~~~~~~~~~~~~~~~~~~~~~~~~


An issue occurred during execution.
If you believe this is a bug, please report it at https://github.com/cppalliance/mrdocs/issues
with the following details:
    MrDocs Version: 0.8.0 (Build: f7beda42e309703f5bdd8c6dfe1f6244ce626118)
    Reported From: `src/mrdocs/Metadata/Finalizers/DocCommentFinalizer.cpp` at line 1658

/Users/alandefreitas/Documents/Code/C++/mrdocs/local/demo-forks/openssl/include/openssl/provider.h:74:1:
    1) OSSL_PROVIDER_get_capabilities: function is undocumented
  74 | int OSSL_PROVIDER_get_capabilities(const OSSL_PROVIDER *prov,
     | ^~~~~~~~~~~~~~~~~~~~~~~~~~~~~~~~~~~~~~~~~~~~~~~~~~~~~~~~~~~~~


An issue occurred during execution.
If you believe this is a bug, please report it at https://github.com/cppalliance/mrdocs/issues
with the following details:
    MrDocs Version: 0.8.0 (Build: f7beda42e309703f5bdd8c6dfe1f6244ce626118)
    Reported From: `src/mrdocs/Metadata/Finalizers/DocCommentFinalizer.cpp` at line 1658

/Users/alandefreitas/Documents/Code/C++/mrdocs/local/demo-forks/openssl/include/openssl/provider.h:73:1:
    1) OSSL_PROVIDER_self_test: function is undocumented
  73 | int OSSL_PROVIDER_self_test(const OSSL_PROVIDER *prov);
     | ^~~~~~~~~~~~~~~~~~~~~~~~~~~~~~~~~~~~~~~~~~~~~~~~~~~~~~~


An issue occurred during execution.
If you believe this is a bug, please report it at https://github.com/cppalliance/mrdocs/issues
with the following details:
    MrDocs Version: 0.8.0 (Build: f7beda42e309703f5bdd8c6dfe1f6244ce626118)
    Reported From: `src/mrdocs/Metadata/Finalizers/DocCommentFinalizer.cpp` at line 1658

/Users/alandefreitas/Documents/Code/C++/mrdocs/local/demo-forks/openssl/include/openssl/provider.h:72:1:
    1) OSSL_PROVIDER_get_params: function is undocumented
  72 | int OSSL_PROVIDER_get_params(const OSSL_PROVIDER *prov, OSSL_PARAM params[]);
     | ^~~~~~~~~~~~~~~~~~~~~~~~~~~~~~~~~~~~~~~~~~~~~~~~~~~~~~~~~~~~~~~~~~~~~~~~~~~~~


An issue occurred during execution.
If you believe this is a bug, please report it at https://github.com/cppalliance/mrdocs/issues
with the following details:
    MrDocs Version: 0.8.0 (Build: f7beda42e309703f5bdd8c6dfe1f6244ce626118)
    Reported From: `src/mrdocs/Metadata/Finalizers/DocCommentFinalizer.cpp` at line 1658

/Users/alandefreitas/Documents/Code/C++/mrdocs/local/demo-forks/openssl/include/openssl/provider.h:71:1:
    1) OSSL_PROVIDER_gettable_params: function is undocumented
  71 | const OSSL_PARAM *OSSL_PROVIDER_gettable_params(const OSSL_PROVIDER *prov);
     | ^~~~~~~~~~~~~~~~~~~~~~~~~~~~~~~~~~~~~~~~~~~~~~~~~~~~~~~~~~~~~~~~~~~~~~~~~~~


An issue occurred during execution.
If you believe this is a bug, please report it at https://github.com/cppalliance/mrdocs/issues
with the following details:
    MrDocs Version: 0.8.0 (Build: f7beda42e309703f5bdd8c6dfe1f6244ce626118)
    Reported From: `src/mrdocs/Metadata/Finalizers/DocCommentFinalizer.cpp` at line 1658

/Users/alandefreitas/Documents/Code/C++/mrdocs/local/demo-forks/openssl/include/openssl/provider.h:67:1:
    1) OSSL_PROVIDER_do_all: function is undocumented
  67 | int OSSL_PROVIDER_do_all(OSSL_LIB_CTX *ctx,
     | ^~~~~~~~~~~~~~~~~~~~~~~~~~~~~~~~~~~~~~~~~~~


An issue occurred during execution.
If you believe this is a bug, please report it at https://github.com/cppalliance/mrdocs/issues
with the following details:
    MrDocs Version: 0.8.0 (Build: f7beda42e309703f5bdd8c6dfe1f6244ce626118)
    Reported From: `src/mrdocs/Metadata/Finalizers/DocCommentFinalizer.cpp` at line 1658

/Users/alandefreitas/Documents/Code/C++/mrdocs/local/demo-forks/openssl/include/openssl/provider.h:41:1:
    1) OSSL_PROVIDER_try_load: function is undocumented
  41 | OSSL_PROVIDER *OSSL_PROVIDER_try_load(OSSL_LIB_CTX *, const char *name,
     | ^~~~~~~~~~~~~~~~~~~~~~~~~~~~~~~~~~~~~~~~~~~~~~~~~~~~~~~~~~~~~~~~~~~~~~~


An issue occurred during execution.
If you believe this is a bug, please report it at https://github.com/cppalliance/mrdocs/issues
with the following details:
    MrDocs Version: 0.8.0 (Build: f7beda42e309703f5bdd8c6dfe1f6244ce626118)
    Reported From: `src/mrdocs/Metadata/Finalizers/DocCommentFinalizer.cpp` at line 1658

/Users/alandefreitas/Documents/Code/C++/mrdocs/local/demo-forks/openssl/include/openssl/provider.h:22:1:
    1) OSSL_PROVIDER_get0_default_search_path: function is undocumented
  22 | const char *OSSL_PROVIDER_get0_default_search_path(OSSL_LIB_CTX *libctx);
     | ^~~~~~~~~~~~~~~~~~~~~~~~~~~~~~~~~~~~~~~~~~~~~~~~~~~~~~~~~~~~~~~~~~~~~~~~~


An issue occurred during execution.
If you believe this is a bug, please report it at https://github.com/cppalliance/mrdocs/issues
with the following details:
    MrDocs Version: 0.8.0 (Build: f7beda42e309703f5bdd8c6dfe1f6244ce626118)
    Reported From: `src/mrdocs/Metadata/Finalizers/DocCommentFinalizer.cpp` at line 1658

/Users/alandefreitas/Documents/Code/C++/mrdocs/local/demo-forks/openssl/include/openssl/provider.h:21:1:
    1) OSSL_PROVIDER_set_default_search_path: function is undocumented
  21 | int OSSL_PROVIDER_set_default_search_path(OSSL_LIB_CTX *, const char *path);
     | ^~~~~~~~~~~~~~~~~~~~~~~~~~~~~~~~~~~~~~~~~~~~~~~~~~~~~~~~~~~~~~~~~~~~~~~~~~~~


An issue occurred during execution.
If you believe this is a bug, please report it at https://github.com/cppalliance/mrdocs/issues
with the following details:
    MrDocs Version: 0.8.0 (Build: f7beda42e309703f5bdd8c6dfe1f6244ce626118)
    Reported From: `src/mrdocs/Metadata/Finalizers/DocCommentFinalizer.cpp` at line 1658

/Users/alandefreitas/Documents/Code/C++/mrdocs/local/demo-forks/openssl/include/openssl/rc4.h:46:1:
    1) RC4: function is undocumented
  46 | OSSL_DEPRECATEDIN_3_0 void RC4(RC4_KEY *key, size_t len,
     | ^~~~~~~~~~~~~~~~~~~~~~~~~~~~~~~~~~~~~~~~~~~~~~~~~~~~~~~~


An issue occurred during execution.
If you believe this is a bug, please report it at https://github.com/cppalliance/mrdocs/issues
with the following details:
    MrDocs Version: 0.8.0 (Build: f7beda42e309703f5bdd8c6dfe1f6244ce626118)
    Reported From: `src/mrdocs/Metadata/Finalizers/DocCommentFinalizer.cpp` at line 1658

/Users/alandefreitas/Documents/Code/C++/mrdocs/local/demo-forks/openssl/include/openssl/rc4.h:44:1:
    1) RC4_set_key: function is undocumented
  44 | OSSL_DEPRECATEDIN_3_0 void RC4_set_key(RC4_KEY *key, int len,
     | ^~~~~~~~~~~~~~~~~~~~~~~~~~~~~~~~~~~~~~~~~~~~~~~~~~~~~~~~~~~~~


An issue occurred during execution.
If you believe this is a bug, please report it at https://github.com/cppalliance/mrdocs/issues
with the following details:
    MrDocs Version: 0.8.0 (Build: f7beda42e309703f5bdd8c6dfe1f6244ce626118)
    Reported From: `src/mrdocs/Metadata/Finalizers/DocCommentFinalizer.cpp` at line 1658

/Users/alandefreitas/Documents/Code/C++/mrdocs/local/demo-forks/openssl/include/openssl/ripemd.h:54:1:
    1) RIPEMD160_Init: function is undocumented
  54 | OSSL_DEPRECATEDIN_3_0 int RIPEMD160_Init(RIPEMD160_CTX *c);
     | ^~~~~~~~~~~~~~~~~~~~~~~~~~~~~~~~~~~~~~~~~~~~~~~~~~~~~~~~~~~


An issue occurred during execution.
If you believe this is a bug, please report it at https://github.com/cppalliance/mrdocs/issues
with the following details:
    MrDocs Version: 0.8.0 (Build: f7beda42e309703f5bdd8c6dfe1f6244ce626118)
    Reported From: `src/mrdocs/Metadata/Finalizers/DocCommentFinalizer.cpp` at line 1658

/Users/alandefreitas/Documents/Code/C++/mrdocs/local/demo-forks/openssl/include/openssl/rsa.h:1286:9:
    1) RSA_FLAG_FIPS_METHOD: Documented parameter 'a' does not exist
  1286 | #define RSA_FLAG_FIPS_METHOD 0x0400
       |         ^~~~~~~~~~~~~~~~~~~~~~~~~~~


An issue occurred during execution.
If you believe this is a bug, please report it at https://github.com/cppalliance/mrdocs/issues
with the following details:
    MrDocs Version: 0.8.0 (Build: f7beda42e309703f5bdd8c6dfe1f6244ce626118)
    Reported From: `src/mrdocs/Metadata/Finalizers/DocCommentFinalizer.cpp` at line 1658

/Users/alandefreitas/Documents/Code/C++/mrdocs/local/demo-forks/openssl/include/openssl/ssl.h:4609:8:
    1) SSL_CIPHER_description: Documented parameter 'cipher' does not exist
    2) SSL_CIPHER_description: 1st parameter is unnamed
  4609 | __owur char *SSL_CIPHER_description(const SSL_CIPHER *, char *buf, int size);
       |        ^~~~~~~~~~~~~~~~~~~~~~~~~~~~~~~~~~~~~~~~~~~~~~~~~~~~~~~~~~~~~~~~~~~~~~


An issue occurred during execution.
If you believe this is a bug, please report it at https://github.com/cppalliance/mrdocs/issues
with the following details:
    MrDocs Version: 0.8.0 (Build: f7beda42e309703f5bdd8c6dfe1f6244ce626118)
    Reported From: `src/mrdocs/Metadata/Finalizers/DocCommentFinalizer.cpp` at line 1658

/Users/alandefreitas/Documents/Code/C++/mrdocs/local/demo-forks/openssl/include/openssl/ssl.h:2432:1:
    1) SSL_CTX_set1_cert_store: Documented parameter 'ctx' does not exist
    2) SSL_CTX_set1_cert_store: Documented parameter 'store' does not exist
    3) SSL_CTX_set1_cert_store: 1st parameter is unnamed
    4) SSL_CTX_set1_cert_store: 2nd parameter is unnamed
  2432 | void SSL_CTX_set1_cert_store(SSL_CTX *, X509_STORE *);
       | ^~~~~~~~~~~~~~~~~~~~~~~~~~~~~~~~~~~~~~~~~~~~~~~~~~~~~~


An issue occurred during execution.
If you believe this is a bug, please report it at https://github.com/cppalliance/mrdocs/issues
with the following details:
    MrDocs Version: 0.8.0 (Build: f7beda42e309703f5bdd8c6dfe1f6244ce626118)
    Reported From: `src/mrdocs/Metadata/Finalizers/DocCommentFinalizer.cpp` at line 1658

/Users/alandefreitas/Documents/Code/C++/mrdocs/local/demo-forks/openssl/include/openssl/stack.h:166:1:
    1) OPENSSL_sk_unshift: function is undocumented
  166 | int OPENSSL_sk_unshift(OPENSSL_STACK *st, const void *data);
      | ^~~~~~~~~~~~~~~~~~~~~~~~~~~~~~~~~~~~~~~~~~~~~~~~~~~~~~~~~~~~


An issue occurred during execution.
If you believe this is a bug, please report it at https://github.com/cppalliance/mrdocs/issues
with the following details:
    MrDocs Version: 0.8.0 (Build: f7beda42e309703f5bdd8c6dfe1f6244ce626118)
    Reported From: `src/mrdocs/Metadata/Finalizers/DocCommentFinalizer.cpp` at line 1658

/Users/alandefreitas/Documents/Code/C++/mrdocs/local/demo-forks/openssl/include/openssl/store.h:712:1:
    1) OSSL_STORE_unregister_loader: function is undocumented
  712 | OSSL_DEPRECATEDIN_3_0
      | ^~~~~~~~~~~~~~~~~~~~~


An issue occurred during execution.
If you believe this is a bug, please report it at https://github.com/cppalliance/mrdocs/issues
with the following details:
    MrDocs Version: 0.8.0 (Build: f7beda42e309703f5bdd8c6dfe1f6244ce626118)
    Reported From: `src/mrdocs/Metadata/Finalizers/DocCommentFinalizer.cpp` at line 1658

/Users/alandefreitas/Documents/Code/C++/mrdocs/local/demo-forks/openssl/include/openssl/store.h:571:1:
    1) OSSL_STORE_load_fn: typedef is undocumented
  571 | typedef OSSL_STORE_INFO *(*OSSL_STORE_load_fn)(OSSL_STORE_LOADER_CTX *ctx, const UI_METHOD *ui_method, void *ui_data);
      | ^~~~~~~~~~~~~~~~~~~~~~~~~~~~~~~~~~~~~~~~~~~~~~~~~~~~~~~~~~~~~~~~~~~~~~~~~~~~~~~~~~~~~~~~~~~~~~~~~~~~~~~~~~~~~~~~~~~~~~


An issue occurred during execution.
If you believe this is a bug, please report it at https://github.com/cppalliance/mrdocs/issues
with the following details:
    MrDocs Version: 0.8.0 (Build: f7beda42e309703f5bdd8c6dfe1f6244ce626118)
    Reported From: `src/mrdocs/Metadata/Finalizers/DocCommentFinalizer.cpp` at line 1658

/Users/alandefreitas/Documents/Code/C++/mrdocs/local/demo-forks/openssl/include/openssl/store.h:570:1:
    1) OSSL_STORE_find_fn: typedef is undocumented
  570 | typedef int (*OSSL_STORE_find_fn)(OSSL_STORE_LOADER_CTX *ctx, const OSSL_STORE_SEARCH *criteria);
      | ^~~~~~~~~~~~~~~~~~~~~~~~~~~~~~~~~~~~~~~~~~~~~~~~~~~~~~~~~~~~~~~~~~~~~~~~~~~~~~~~~~~~~~~~~~~~~~~~~


An issue occurred during execution.
If you believe this is a bug, please report it at https://github.com/cppalliance/mrdocs/issues
with the following details:
    MrDocs Version: 0.8.0 (Build: f7beda42e309703f5bdd8c6dfe1f6244ce626118)
    Reported From: `src/mrdocs/Metadata/Finalizers/DocCommentFinalizer.cpp` at line 1658

/Users/alandefreitas/Documents/Code/C++/mrdocs/local/demo-forks/openssl/include/openssl/store.h:488:1:
    1) OSSL_STORE_LOADER_do_all_provided: function is undocumented
  488 | void OSSL_STORE_LOADER_do_all_provided(OSSL_LIB_CTX *libctx,
      | ^~~~~~~~~~~~~~~~~~~~~~~~~~~~~~~~~~~~~~~~~~~~~~~~~~~~~~~~~~~~


An issue occurred during execution.
If you believe this is a bug, please report it at https://github.com/cppalliance/mrdocs/issues
with the following details:
    MrDocs Version: 0.8.0 (Build: f7beda42e309703f5bdd8c6dfe1f6244ce626118)
    Reported From: `src/mrdocs/Metadata/Finalizers/DocCommentFinalizer.cpp` at line 1658

/Users/alandefreitas/Documents/Code/C++/mrdocs/local/demo-forks/openssl/include/openssl/store.h:479:1:
    1) OSSL_STORE_LOADER_get0_description: function is undocumented
  479 | const char *OSSL_STORE_LOADER_get0_description(const OSSL_STORE_LOADER *loader);
      | ^~~~~~~~~~~~~~~~~~~~~~~~~~~~~~~~~~~~~~~~~~~~~~~~~~~~~~~~~~~~~~~~~~~~~~~~~~~~~~~~


An issue occurred during execution.
If you believe this is a bug, please report it at https://github.com/cppalliance/mrdocs/issues
with the following details:
    MrDocs Version: 0.8.0 (Build: f7beda42e309703f5bdd8c6dfe1f6244ce626118)
    Reported From: `src/mrdocs/Metadata/Finalizers/DocCommentFinalizer.cpp` at line 1658

/Users/alandefreitas/Documents/Code/C++/mrdocs/local/demo-forks/openssl/include/openssl/store.h:390:1:
    1) OSSL_STORE_SEARCH_get0_name: function is undocumented
  390 | X509_NAME *OSSL_STORE_SEARCH_get0_name(const OSSL_STORE_SEARCH *criterion);
      | ^~~~~~~~~~~~~~~~~~~~~~~~~~~~~~~~~~~~~~~~~~~~~~~~~~~~~~~~~~~~~~~~~~~~~~~~~~~


An issue occurred during execution.
If you believe this is a bug, please report it at https://github.com/cppalliance/mrdocs/issues
with the following details:
    MrDocs Version: 0.8.0 (Build: f7beda42e309703f5bdd8c6dfe1f6244ce626118)
    Reported From: `src/mrdocs/Metadata/Finalizers/DocCommentFinalizer.cpp` at line 1658

/Users/alandefreitas/Documents/Code/C++/mrdocs/local/demo-forks/openssl/include/openssl/store.h:297:1:
    1) OSSL_STORE_INFO_get0_CRL: function is undocumented
  297 | X509_CRL *OSSL_STORE_INFO_get0_CRL(const OSSL_STORE_INFO *info);
      | ^~~~~~~~~~~~~~~~~~~~~~~~~~~~~~~~~~~~~~~~~~~~~~~~~~~~~~~~~~~~~~~~


An issue occurred during execution.
If you believe this is a bug, please report it at https://github.com/cppalliance/mrdocs/issues
with the following details:
    MrDocs Version: 0.8.0 (Build: f7beda42e309703f5bdd8c6dfe1f6244ce626118)
    Reported From: `src/mrdocs/Metadata/Finalizers/DocCommentFinalizer.cpp` at line 1658

/Users/alandefreitas/Documents/Code/C++/mrdocs/local/demo-forks/openssl/include/openssl/store.h:296:1:
    1) OSSL_STORE_INFO_get1_CERT: function is undocumented
  296 | X509 *OSSL_STORE_INFO_get1_CERT(const OSSL_STORE_INFO *info);
      | ^~~~~~~~~~~~~~~~~~~~~~~~~~~~~~~~~~~~~~~~~~~~~~~~~~~~~~~~~~~~~


An issue occurred during execution.
If you believe this is a bug, please report it at https://github.com/cppalliance/mrdocs/issues
with the following details:
    MrDocs Version: 0.8.0 (Build: f7beda42e309703f5bdd8c6dfe1f6244ce626118)
    Reported From: `src/mrdocs/Metadata/Finalizers/DocCommentFinalizer.cpp` at line 1658

/Users/alandefreitas/Documents/Code/C++/mrdocs/local/demo-forks/openssl/include/openssl/store.h:289:1:
    1) OSSL_STORE_INFO_get1_PKEY: function is undocumented
  289 | EVP_PKEY *OSSL_STORE_INFO_get1_PKEY(const OSSL_STORE_INFO *info);
      | ^~~~~~~~~~~~~~~~~~~~~~~~~~~~~~~~~~~~~~~~~~~~~~~~~~~~~~~~~~~~~~~~~


An issue occurred during execution.
If you believe this is a bug, please report it at https://github.com/cppalliance/mrdocs/issues
with the following details:
    MrDocs Version: 0.8.0 (Build: f7beda42e309703f5bdd8c6dfe1f6244ce626118)
    Reported From: `src/mrdocs/Metadata/Finalizers/DocCommentFinalizer.cpp` at line 1658

/Users/alandefreitas/Documents/Code/C++/mrdocs/local/demo-forks/openssl/include/openssl/store.h:234:1:
    1) OSSL_STORE_INFO_get0_data: function is undocumented
  234 | void *OSSL_STORE_INFO_get0_data(int type, const OSSL_STORE_INFO *info);
      | ^~~~~~~~~~~~~~~~~~~~~~~~~~~~~~~~~~~~~~~~~~~~~~~~~~~~~~~~~~~~~~~~~~~~~~~


An issue occurred during execution.
If you believe this is a bug, please report it at https://github.com/cppalliance/mrdocs/issues
with the following details:
    MrDocs Version: 0.8.0 (Build: f7beda42e309703f5bdd8c6dfe1f6244ce626118)
    Reported From: `src/mrdocs/Metadata/Finalizers/DocCommentFinalizer.cpp` at line 1658

/Users/alandefreitas/Documents/Code/C++/mrdocs/local/demo-forks/openssl/include/openssl/store.h:193:1:
    1) OSSL_STORE_INFO_set0_NAME_description: function is undocumented
  193 | int OSSL_STORE_INFO_set0_NAME_description(OSSL_STORE_INFO *info, char *desc);
      | ^~~~~~~~~~~~~~~~~~~~~~~~~~~~~~~~~~~~~~~~~~~~~~~~~~~~~~~~~~~~~~~~~~~~~~~~~~~~~


An issue occurred during execution.
If you believe this is a bug, please report it at https://github.com/cppalliance/mrdocs/issues
with the following details:
    MrDocs Version: 0.8.0 (Build: f7beda42e309703f5bdd8c6dfe1f6244ce626118)
    Reported From: `src/mrdocs/Metadata/Finalizers/DocCommentFinalizer.cpp` at line 1658

/Users/alandefreitas/Documents/Code/C++/mrdocs/local/demo-forks/openssl/include/openssl/store.h:192:1:
    1) OSSL_STORE_INFO_new_NAME: function is undocumented
  192 | OSSL_STORE_INFO *OSSL_STORE_INFO_new_NAME(char *name);
      | ^~~~~~~~~~~~~~~~~~~~~~~~~~~~~~~~~~~~~~~~~~~~~~~~~~~~~~


An issue occurred during execution.
If you believe this is a bug, please report it at https://github.com/cppalliance/mrdocs/issues
with the following details:
    MrDocs Version: 0.8.0 (Build: f7beda42e309703f5bdd8c6dfe1f6244ce626118)
    Reported From: `src/mrdocs/Metadata/Finalizers/DocCommentFinalizer.cpp` at line 1658

/Users/alandefreitas/Documents/Code/C++/mrdocs/local/demo-forks/openssl/include/openssl/store.h:116:1:
    1) OSSL_STORE_delete: function is undocumented
  116 | int OSSL_STORE_delete(const char *uri, OSSL_LIB_CTX *libctx, const char *propq,
      | ^~~~~~~~~~~~~~~~~~~~~~~~~~~~~~~~~~~~~~~~~~~~~~~~~~~~~~~~~~~~~~~~~~~~~~~~~~~~~~~


An issue occurred during execution.
If you believe this is a bug, please report it at https://github.com/cppalliance/mrdocs/issues
with the following details:
    MrDocs Version: 0.8.0 (Build: f7beda42e309703f5bdd8c6dfe1f6244ce626118)
    Reported From: `src/mrdocs/Metadata/Finalizers/DocCommentFinalizer.cpp` at line 1658

/Users/alandefreitas/Documents/Code/C++/mrdocs/local/demo-forks/openssl/include/openssl/store.h:64:1:
    1) OSSL_STORE_open_ex: function is undocumented
  64 | OSSL_STORE_CTX *
     | ^~~~~~~~~~~~~~~~


An issue occurred during execution.
If you believe this is a bug, please report it at https://github.com/cppalliance/mrdocs/issues
with the following details:
    MrDocs Version: 0.8.0 (Build: f7beda42e309703f5bdd8c6dfe1f6244ce626118)
    Reported From: `src/mrdocs/Metadata/Finalizers/DocCommentFinalizer.cpp` at line 1658

/Users/alandefreitas/Documents/Code/C++/mrdocs/local/demo-forks/openssl/include/openssl/ts.h:1537:1:
    1) TS_CONF_set_policies: function is undocumented
  1537 | int TS_CONF_set_policies(CONF *conf, const char *section, TS_RESP_CTX *ctx);
       | ^~~~~~~~~~~~~~~~~~~~~~~~~~~~~~~~~~~~~~~~~~~~~~~~~~~~~~~~~~~~~~~~~~~~~~~~~~~~


An issue occurred during execution.
If you believe this is a bug, please report it at https://github.com/cppalliance/mrdocs/issues
with the following details:
    MrDocs Version: 0.8.0 (Build: f7beda42e309703f5bdd8c6dfe1f6244ce626118)
    Reported From: `src/mrdocs/Metadata/Finalizers/DocCommentFinalizer.cpp` at line 1658

/Users/alandefreitas/Documents/Code/C++/mrdocs/local/demo-forks/openssl/include/openssl/ts.h:1155:1:
    1) TS_RESP_CTX_add_failure_info: function is undocumented
  1155 | int TS_RESP_CTX_add_failure_info(TS_RESP_CTX *ctx, int failure);
       | ^~~~~~~~~~~~~~~~~~~~~~~~~~~~~~~~~~~~~~~~~~~~~~~~~~~~~~~~~~~~~~~~


An issue occurred during execution.
If you believe this is a bug, please report it at https://github.com/cppalliance/mrdocs/issues
with the following details:
    MrDocs Version: 0.8.0 (Build: f7beda42e309703f5bdd8c6dfe1f6244ce626118)
    Reported From: `src/mrdocs/Metadata/Finalizers/DocCommentFinalizer.cpp` at line 1658

/Users/alandefreitas/Documents/Code/C++/mrdocs/local/demo-forks/openssl/include/openssl/ts.h:535:1:
    1) TS_REQ_get_nonce: function is undocumented
  535 | const ASN1_INTEGER *TS_REQ_get_nonce(const TS_REQ *a);
      | ^~~~~~~~~~~~~~~~~~~~~~~~~~~~~~~~~~~~~~~~~~~~~~~~~~~~~~


An issue occurred during execution.
If you believe this is a bug, please report it at https://github.com/cppalliance/mrdocs/issues
with the following details:
    MrDocs Version: 0.8.0 (Build: f7beda42e309703f5bdd8c6dfe1f6244ce626118)
    Reported From: `src/mrdocs/Metadata/Finalizers/DocCommentFinalizer.cpp` at line 1658

/Users/alandefreitas/Documents/Code/C++/mrdocs/local/demo-forks/openssl/include/openssl/ts.h:497:1:
    1) TS_MSG_IMPRINT_get_algo: function is undocumented
  497 | X509_ALGOR *TS_MSG_IMPRINT_get_algo(TS_MSG_IMPRINT *a);
      | ^~~~~~~~~~~~~~~~~~~~~~~~~~~~~~~~~~~~~~~~~~~~~~~~~~~~~~~


An issue occurred during execution.
If you believe this is a bug, please report it at https://github.com/cppalliance/mrdocs/issues
with the following details:
    MrDocs Version: 0.8.0 (Build: f7beda42e309703f5bdd8c6dfe1f6244ce626118)
    Reported From: `src/mrdocs/Metadata/Finalizers/DocCommentFinalizer.cpp` at line 1658

/Users/alandefreitas/Documents/Code/C++/mrdocs/local/demo-forks/openssl/include/openssl/txt_db.h:36:1:
    1) OPENSSL_PSTRING: typedef is undocumented
  36 | typedef OPENSSL_STRING *OPENSSL_PSTRING;
     | ^~~~~~~~~~~~~~~~~~~~~~~~~~~~~~~~~~~~~~~~


An issue occurred during execution.
If you believe this is a bug, please report it at https://github.com/cppalliance/mrdocs/issues
with the following details:
    MrDocs Version: 0.8.0 (Build: f7beda42e309703f5bdd8c6dfe1f6244ce626118)
    Reported From: `src/mrdocs/Metadata/Finalizers/DocCommentFinalizer.cpp` at line 1658

/Users/alandefreitas/Documents/Code/C++/mrdocs/local/demo-forks/openssl/include/openssl/whrlpool.h:76:1:
    1) WHIRLPOOL_Final: function is undocumented
  76 | OSSL_DEPRECATEDIN_3_0 int WHIRLPOOL_Final(unsigned char *md, WHIRLPOOL_CTX *c);
     | ^~~~~~~~~~~~~~~~~~~~~~~~~~~~~~~~~~~~~~~~~~~~~~~~~~~~~~~~~~~~~~~~~~~~~~~~~~~~~~~


An issue occurred during execution.
If you believe this is a bug, please report it at https://github.com/cppalliance/mrdocs/issues
with the following details:
    MrDocs Version: 0.8.0 (Build: f7beda42e309703f5bdd8c6dfe1f6244ce626118)
    Reported From: `src/mrdocs/Metadata/Finalizers/DocCommentFinalizer.cpp` at line 1658

/Users/alandefreitas/Documents/Code/C++/mrdocs/local/demo-forks/openssl/include/openssl/whrlpool.h:49:5:
    1) bitlen: variable is undocumented
  49 |     size_t bitlen[WHIRLPOOL_COUNTER / sizeof(size_t)];
     |     ^~~~~~~~~~~~~~~~~~~~~~~~~~~~~~~~~~~~~~~~~~~~~~~~~~


An issue occurred during execution.
If you believe this is a bug, please report it at https://github.com/cppalliance/mrdocs/issues
with the following details:
    MrDocs Version: 0.8.0 (Build: f7beda42e309703f5bdd8c6dfe1f6244ce626118)
    Reported From: `src/mrdocs/Metadata/Finalizers/DocCommentFinalizer.cpp` at line 1658

/Users/alandefreitas/Documents/Code/C++/mrdocs/local/demo-forks/openssl/include/openssl/whrlpool.h:48:5:
    1) bitoff: variable is undocumented
  48 |     unsigned int bitoff;
     |     ^~~~~~~~~~~~~~~~~~~~


An issue occurred during execution.
If you believe this is a bug, please report it at https://github.com/cppalliance/mrdocs/issues
with the following details:
    MrDocs Version: 0.8.0 (Build: f7beda42e309703f5bdd8c6dfe1f6244ce626118)
    Reported From: `src/mrdocs/Metadata/Finalizers/DocCommentFinalizer.cpp` at line 1658

/Users/alandefreitas/Documents/Code/C++/mrdocs/local/demo-forks/openssl/include/openssl/whrlpool.h:47:5:
    1) data: variable is undocumented
  47 |     unsigned char data[WHIRLPOOL_BBLOCK / 8];
     |     ^~~~~~~~~~~~~~~~~~~~~~~~~~~~~~~~~~~~~~~~~


An issue occurred during execution.
If you believe this is a bug, please report it at https://github.com/cppalliance/mrdocs/issues
with the following details:
    MrDocs Version: 0.8.0 (Build: f7beda42e309703f5bdd8c6dfe1f6244ce626118)
    Reported From: `src/mrdocs/Metadata/Finalizers/DocCommentFinalizer.cpp` at line 1658

/Users/alandefreitas/Documents/Code/C++/mrdocs/local/demo-forks/openssl/include/openssl/x509.h:605:9:
    1) X509_extract_key: Missing documentation for parameter 'x'
  605 | #define X509_extract_key(x) X509_get_pubkey(x)
      |         ^~~~~~~~~~~~~~~~~~~~~~~~~~~~~~~~~~~~~~


An issue occurred during execution.
If you believe this is a bug, please report it at https://github.com/cppalliance/mrdocs/issues
with the following details:
    MrDocs Version: 0.8.0 (Build: f7beda42e309703f5bdd8c6dfe1f6244ce626118)
    Reported From: `src/mrdocs/Metadata/Finalizers/DocCommentFinalizer.cpp` at line 1658

[0;37mExtracted 7596 declarations in 2s 767ms
[0m[0;37m  - regular symbols: 7512
[0m[0;37m  - dependency symbols: 84
[0m[0;37mGenerating docs
[0m[0;37mGenerated noop documentation in 0ms
[0m